Archive member included to satisfy reference by file (symbol)

app/libapp.a(main.c.obj)      (--whole-archive)
app/libapp.a(saadc_examples_common.c.obj)
                              (--whole-archive)
zephyr/libzephyr.a(cbprintf_packaged.c.obj)
                              (--whole-archive)
zephyr/libzephyr.a(dec.c.obj)
                              (--whole-archive)
zephyr/libzephyr.a(hex.c.obj)
                              (--whole-archive)
zephyr/libzephyr.a(printk.c.obj)
                              (--whole-archive)
zephyr/libzephyr.a(rb.c.obj)  (--whole-archive)
zephyr/libzephyr.a(sem.c.obj)
                              (--whole-archive)
zephyr/libzephyr.a(thread_entry.c.obj)
                              (--whole-archive)
zephyr/libzephyr.a(timeutil.c.obj)
                              (--whole-archive)
zephyr/libzephyr.a(heap.c.obj)
                              (--whole-archive)
zephyr/libzephyr.a(heap-validate.c.obj)
                              (--whole-archive)
zephyr/libzephyr.a(bitarray.c.obj)
                              (--whole-archive)
zephyr/libzephyr.a(multi_heap.c.obj)
                              (--whole-archive)
zephyr/libzephyr.a(onoff.c.obj)
                              (--whole-archive)
zephyr/libzephyr.a(notify.c.obj)
                              (--whole-archive)
zephyr/libzephyr.a(cbprintf_complete.c.obj)
                              (--whole-archive)
zephyr/libzephyr.a(assert.c.obj)
                              (--whole-archive)
zephyr/libzephyr.a(mpsc_pbuf.c.obj)
                              (--whole-archive)
zephyr/libzephyr.a(reboot.c.obj)
                              (--whole-archive)
zephyr/libzephyr.a(configs.c.obj)
                              (--whole-archive)
zephyr/libzephyr.a(log_core.c.obj)
                              (--whole-archive)
zephyr/libzephyr.a(log_mgmt.c.obj)
                              (--whole-archive)
zephyr/libzephyr.a(log_cache.c.obj)
                              (--whole-archive)
zephyr/libzephyr.a(log_msg.c.obj)
                              (--whole-archive)
zephyr/libzephyr.a(log_output.c.obj)
                              (--whole-archive)
zephyr/libzephyr.a(log_backend_rtt.c.obj)
                              (--whole-archive)
zephyr/libzephyr.a(log_backend_uart.c.obj)
                              (--whole-archive)
zephyr/libzephyr.a(mem_attr.c.obj)
                              (--whole-archive)
zephyr/libzephyr.a(tracing_none.c.obj)
                              (--whole-archive)
zephyr/libzephyr.a(nrf_cc3xx_platform_abort_zephyr.c.obj)
                              (--whole-archive)
zephyr/libzephyr.a(nrf_cc3xx_platform_mutex_zephyr.c.obj)
                              (--whole-archive)
zephyr/arch/common/libarch__common.a(sw_isr_common.c.obj)
                              (--whole-archive)
zephyr/arch/arch/arm/core/libarch__arm__core.a(fatal.c.obj)
                              (--whole-archive)
zephyr/arch/arch/arm/core/libarch__arm__core.a(nmi.c.obj)
                              (--whole-archive)
zephyr/arch/arch/arm/core/libarch__arm__core.a(nmi_on_reset.S.obj)
                              (--whole-archive)
zephyr/arch/arch/arm/core/libarch__arm__core.a(tls.c.obj)
                              (--whole-archive)
zephyr/arch/arch/arm/core/cortex_m/libarch__arm__core__cortex_m.a(exc_exit.S.obj)
                              (--whole-archive)
zephyr/arch/arch/arm/core/cortex_m/libarch__arm__core__cortex_m.a(fault.c.obj)
                              (--whole-archive)
zephyr/arch/arch/arm/core/cortex_m/libarch__arm__core__cortex_m.a(fault_s.S.obj)
                              (--whole-archive)
zephyr/arch/arch/arm/core/cortex_m/libarch__arm__core__cortex_m.a(fpu.c.obj)
                              (--whole-archive)
zephyr/arch/arch/arm/core/cortex_m/libarch__arm__core__cortex_m.a(reset.S.obj)
                              (--whole-archive)
zephyr/arch/arch/arm/core/cortex_m/libarch__arm__core__cortex_m.a(scb.c.obj)
                              (--whole-archive)
zephyr/arch/arch/arm/core/cortex_m/libarch__arm__core__cortex_m.a(thread_abort.c.obj)
                              (--whole-archive)
zephyr/arch/arch/arm/core/cortex_m/libarch__arm__core__cortex_m.a(vector_table.S.obj)
                              (--whole-archive)
zephyr/arch/arch/arm/core/cortex_m/libarch__arm__core__cortex_m.a(swap.c.obj)
                              (--whole-archive)
zephyr/arch/arch/arm/core/cortex_m/libarch__arm__core__cortex_m.a(swap_helper.S.obj)
                              (--whole-archive)
zephyr/arch/arch/arm/core/cortex_m/libarch__arm__core__cortex_m.a(irq_manage.c.obj)
                              (--whole-archive)
zephyr/arch/arch/arm/core/cortex_m/libarch__arm__core__cortex_m.a(prep_c.c.obj)
                              (--whole-archive)
zephyr/arch/arch/arm/core/cortex_m/libarch__arm__core__cortex_m.a(thread.c.obj)
                              (--whole-archive)
[...]
Memory Configuration

Name             Origin             Length             Attributes
FLASH            0x0000000000000000 0x0000000000100000 xr
RAM              0x0000000020000000 0x0000000000040000 xw
IDT_LIST         0x00000000ffff7fff 0x0000000000008000 xw
*default*        0x0000000000000000 0xffffffffffffffff

Linker script and memory map

                0x00000000000085a8                vfprintf = __l_vfprintf
                0x0000000000000000                vfscanf = __l_vfscanf
LOAD zephyr/CMakeFiles/zephyr_final.dir/misc/empty_file.c.obj
LOAD zephyr/CMakeFiles/zephyr_final.dir/isr_tables.c.obj
LOAD zephyr/CMakeFiles/offsets.dir/./arch/arm/core/offsets/offsets.c.obj
LOAD app/libapp.a
LOAD zephyr/libzephyr.a
LOAD zephyr/arch/common/libarch__common.a
LOAD zephyr/arch/arch/arm/core/libarch__arm__core.a
LOAD zephyr/arch/arch/arm/core/cortex_m/libarch__arm__core__cortex_m.a
LOAD zephyr/arch/arch/arm/core/mpu/libarch__arm__core__mpu.a
LOAD zephyr/lib/libc/picolibc/liblib__libc__picolibc.a
LOAD zephyr/lib/libc/common/liblib__libc__common.a
LOAD zephyr/soc/soc/arm/nordic_nrf/libsoc__arm__nordic_nrf.a
LOAD zephyr/drivers/clock_control/libdrivers__clock_control.a
LOAD zephyr/drivers/console/libdrivers__console.a
LOAD zephyr/drivers/pinctrl/libdrivers__pinctrl.a
LOAD zephyr/drivers/serial/libdrivers__serial.a
LOAD zephyr/drivers/timer/libdrivers__timer.a
LOAD modules/nrf/lib/fatal_error/lib..__nrf__lib__fatal_error.a
LOAD modules/nrf/drivers/hw_cc3xx/lib..__nrf__drivers__hw_cc3xx.a
LOAD modules/hal_nordic/nrfx/libmodules__hal_nordic__nrfx.a
LOAD modules/segger/libmodules__segger.a
LOAD zephyr/kernel/libkernel.a
LOAD /home/cortex/ncs/toolchains/2be090971e/opt/zephyr-sdk/arm-zephyr-eabi/bin/../lib/gcc/arm-zephyr-eabi/12.2.0/thumb/v7e-m/nofp/libgcc.a
LOAD zephyr/arch/common/libisr_tables.a
LOAD /home/cortex/ncs/v2.6.1/nrfxlib/crypto/nrf_cc310_platform/lib/cortex-m4/soft-float/no-interrupts/libnrf_cc310_platform_0.9.19.a
LOAD /home/cortex/ncs/toolchains/2be090971e/opt/zephyr-sdk/arm-zephyr-eabi/bin/../lib/gcc/../../picolibc/arm-zephyr-eabi/lib/thumb/v7e-m/nofp/libc.a
LOAD /home/cortex/ncs/toolchains/2be090971e/opt/zephyr-sdk/arm-zephyr-eabi/bin/../lib/gcc/arm-zephyr-eabi/12.2.0/thumb/v7e-m/nofp/libgcc.a
                0x0000000000000020                _region_min_align = 0x20

.rel.plt        0x0000000000000000        0x0
 *(SORT_BY_ALIGNMENT(.rel.plt))
                [!provide]                        PROVIDE (__rel_iplt_start = .)
 *(SORT_BY_ALIGNMENT(.rel.iplt))
 .rel.iplt      0x0000000000000000        0x0 zephyr/CMakeFiles/zephyr_final.dir/isr_tables.c.obj
                [!provide]                        PROVIDE (__rel_iplt_end = .)

.rela.plt       0x0000000000000000        0x0
 *(SORT_BY_ALIGNMENT(.rela.plt))
                [!provide]                        PROVIDE (__rela_iplt_start = .)
 *(SORT_BY_ALIGNMENT(.rela.iplt))
                [!provide]                        PROVIDE (__rela_iplt_end = .)

.rel.dyn
 *(SORT_BY_ALIGNMENT(.rel.*))

.rela.dyn
 *(SORT_BY_ALIGNMENT(.rela.*))

/DISCARD/
 *(SORT_BY_ALIGNMENT(.plt))

/DISCARD/
 *(SORT_BY_ALIGNMENT(.iplt))
                0x0000000000000000                __rom_region_start = 0x0

rom_start       0x0000000000000000      0x100
                0x0000000000000000                __rom_start_address = .
 FILL mask 0x00
                0x0000000000000000                . = (. + (0x0 - (. - __rom_start_address)))
                0x0000000000000000                . = ALIGN (0x4)
                0x0000000000000000                . = ALIGN (0x80)
                0x0000000000000000                . = ALIGN (0x100)
                0x0000000000000000                _vector_start = .
 *(SORT_BY_ALIGNMENT(.exc_vector_table))
 *(SORT_BY_ALIGNMENT(.exc_vector_table.*))
 .exc_vector_table._vector_table_section
                0x0000000000000000       0x40 zephyr/arch/arch/arm/core/cortex_m/libarch__arm__core__cortex_m.a(vector_table.S.obj)
                0x0000000000000000                _vector_table
 *(SORT_BY_ALIGNMENT(.vectors))
                0x0000000000000100                _vector_end = .
                0x0000000000000040                . = ALIGN (0x4)
 *(SORT_BY_ALIGNMENT(.gnu.linkonce.irq_vector_table*))
 .gnu.linkonce.irq_vector_table
                0x0000000000000040       0xc0 zephyr/CMakeFiles/zephyr_final.dir/isr_tables.c.obj
                0x0000000000000040                _irq_vector_table
                0x0000000000000100                _vector_end = .

text            0x0000000000000100     0x9578
                0x0000000000000100                __text_region_start = .
 *(SORT_BY_ALIGNMENT(.text))
 .text          0x0000000000000100       0x10 /home/cortex/ncs/toolchains/2be090971e/opt/zephyr-sdk/arm-zephyr-eabi/bin/../lib/gcc/../../picolibc/arm-zephyr-eabi/lib/thumb/v7e-m/nofp/libc.a(strlen.S.o)
                0x0000000000000100                strlen
 *(SORT_BY_ALIGNMENT(.text.*))
 .text.saadc_handler
                0x0000000000000110      0x138 app/libapp.a(main.c.obj)
 .text.main     0x0000000000000248      0x184 app/libapp.a(main.c.obj)
                0x0000000000000248                main
 .text.gpiote_pin_toggle_task_setup
                0x00000000000003cc       0x80 app/libapp.a(saadc_examples_common.c.obj)
                0x00000000000003cc                gpiote_pin_toggle_task_setup
 .text.pin_on_event_toggle_setup
                0x000000000000044c       0x64 app/libapp.a(saadc_examples_common.c.obj)
                0x000000000000044c                pin_on_event_toggle_setup
 .text.cbvprintf_package
                0x00000000000004b0      0x42c zephyr/libzephyr.a(cbprintf_packaged.c.obj)
                0x00000000000004b0                cbvprintf_package
 .text.cbprintf_package_convert
                0x00000000000008dc      0x45c zephyr/libzephyr.a(cbprintf_packaged.c.obj)
                0x00000000000008dc                cbprintf_package_convert
 .text.__printk_hook_install
                0x0000000000000d38        0xc zephyr/libzephyr.a(printk.c.obj)
                0x0000000000000d38                __printk_hook_install
 .text.z_thread_entry
                0x0000000000000d44       0x34 zephyr/libzephyr.a(thread_entry.c.obj)
                0x0000000000000d44                z_thread_entry
 .text.sys_heap_init
                0x0000000000000d78      0x11c zephyr/libzephyr.a(heap.c.obj)
                0x0000000000000d78                sys_heap_init
 .text.process_event
                0x0000000000000e94      0x3b0 zephyr/libzephyr.a(onoff.c.obj)
 .text.transition_complete
                0x0000000000001244       0x64 zephyr/libzephyr.a(onoff.c.obj)
 .text.onoff_request
                0x00000000000012a8      0x134 zephyr/libzephyr.a(onoff.c.obj)
                0x00000000000012a8                onoff_request
 .text.sys_notify_finalize
                0x00000000000013dc       0x40 zephyr/libzephyr.a(notify.c.obj)
                0x00000000000013dc                sys_notify_finalize
 .text.mpsc_pbuf_init
                0x000000000000141c       0x64 zephyr/libzephyr.a(mpsc_pbuf.c.obj)
                0x000000000000141c                mpsc_pbuf_init
 .text.mpsc_pbuf_alloc
                0x0000000000001480      0x184 zephyr/libzephyr.a(mpsc_pbuf.c.obj)
                0x0000000000001480                mpsc_pbuf_alloc
 .text.mpsc_pbuf_commit
                0x0000000000001604       0xb0 zephyr/libzephyr.a(mpsc_pbuf.c.obj)
                0x0000000000001604                mpsc_pbuf_commit
 .text.mpsc_pbuf_claim
                0x00000000000016b4      0x114 zephyr/libzephyr.a(mpsc_pbuf.c.obj)
                0x00000000000016b4                mpsc_pbuf_claim
 .text.mpsc_pbuf_free
                0x00000000000017c8       0xe4 zephyr/libzephyr.a(mpsc_pbuf.c.obj)
                0x00000000000017c8                mpsc_pbuf_free
 .text.sys_reboot
                0x00000000000018ac       0x30 zephyr/libzephyr.a(reboot.c.obj)
                0x00000000000018ac                sys_reboot
 .text.z_log_init.isra.0
                0x00000000000018dc      0x124 zephyr/libzephyr.a(log_core.c.obj)
 .text.log_format_func_t_get
                0x0000000000001a00        0xc zephyr/libzephyr.a(log_core.c.obj)
                0x0000000000001a00                log_format_func_t_get
 .text.log_set_timestamp_func
                0x0000000000001a0c       0x20 zephyr/libzephyr.a(log_core.c.obj)
                0x0000000000001a0c                log_set_timestamp_func
 .text.z_log_notify_backend_enabled
                0x0000000000001a2c        0xc zephyr/libzephyr.a(log_core.c.obj)
                0x0000000000001a2c                z_log_notify_backend_enabled
 .text.z_log_dropped
                0x0000000000001a38       0x30 zephyr/libzephyr.a(log_core.c.obj)
                0x0000000000001a38                z_log_dropped
 .text.z_log_dropped_read_and_clear
                0x0000000000001a68       0x20 zephyr/libzephyr.a(log_core.c.obj)
                0x0000000000001a68                z_log_dropped_read_and_clear
 .text.dropped_notify
                0x0000000000001a88       0x60 zephyr/libzephyr.a(log_core.c.obj)
                0x0000000000001a88                dropped_notify
 .text.z_log_msg_init
                0x0000000000001ae8       0x20 zephyr/libzephyr.a(log_core.c.obj)
                0x0000000000001ae8                z_log_msg_init
 .text.log_core_init
                0x0000000000001b08       0x34 zephyr/libzephyr.a(log_core.c.obj)
                0x0000000000001b08                log_core_init
 .text.z_log_msg_alloc
                0x0000000000001b3c       0x10 zephyr/libzephyr.a(log_core.c.obj)
                0x0000000000001b3c                z_log_msg_alloc
 .text.z_log_msg_local_claim
                0x0000000000001b4c        0xc zephyr/libzephyr.a(log_core.c.obj)
                0x0000000000001b4c                z_log_msg_local_claim
 .text.z_log_msg_free
                0x0000000000001b58       0x10 zephyr/libzephyr.a(log_core.c.obj)
                0x0000000000001b58                z_log_msg_free
 .text.z_log_msg_pending
                0x0000000000001b68        0xc zephyr/libzephyr.a(log_core.c.obj)
                0x0000000000001b68                z_log_msg_pending
 .text.z_impl_log_process
                0x0000000000001b74       0xec zephyr/libzephyr.a(log_core.c.obj)
                0x0000000000001b74                z_impl_log_process
 .text.z_log_msg_post_finalize
                0x0000000000001c60       0xe0 zephyr/libzephyr.a(log_core.c.obj)
 .text.z_log_msg_commit
                0x0000000000001d40       0x24 zephyr/libzephyr.a(log_core.c.obj)
                0x0000000000001d40                z_log_msg_commit
 .text.z_impl_log_panic
                0x0000000000001d64       0x74 zephyr/libzephyr.a(log_core.c.obj)
                0x0000000000001d64                z_impl_log_panic
 .text.log_source_name_get
                0x0000000000001dd8       0x1c zephyr/libzephyr.a(log_mgmt.c.obj)
                0x0000000000001dd8                log_source_name_get
 .text.log_backend_enable
                0x0000000000001df4       0x4c zephyr/libzephyr.a(log_mgmt.c.obj)
                0x0000000000001df4                log_backend_enable
 .text.z_impl_z_log_msg_static_create
                0x0000000000001e40      0x12c zephyr/libzephyr.a(log_msg.c.obj)
                0x0000000000001e40                z_impl_z_log_msg_static_create
 .text.z_log_msg_runtime_vcreate
                0x0000000000001f6c       0xc8 zephyr/libzephyr.a(log_msg.c.obj)
                0x0000000000001f6c                z_log_msg_runtime_vcreate
 .text.print_formatted
                0x0000000000002034       0x24 zephyr/libzephyr.a(log_output.c.obj)
 .text.newline_print
                0x0000000000002058       0x1c zephyr/libzephyr.a(log_output.c.obj)
 .text.out_func
                0x0000000000002074       0x60 zephyr/libzephyr.a(log_output.c.obj)
 .text.log_output_process
                0x00000000000020d4      0x2f0 zephyr/libzephyr.a(log_output.c.obj)
                0x00000000000020d4                log_output_process
 .text.log_output_msg_process
                0x00000000000023c4       0x70 zephyr/libzephyr.a(log_output.c.obj)
                0x00000000000023c4                log_output_msg_process
 .text.log_output_dropped_process
                0x0000000000002434       0x58 zephyr/libzephyr.a(log_output.c.obj)
                0x0000000000002434                log_output_dropped_process
 .text.log_output_timestamp_freq_set
                0x000000000000248c       0x2c zephyr/libzephyr.a(log_output.c.obj)
                0x000000000000248c                log_output_timestamp_freq_set
 .text.log_backend_rtt_init
                0x00000000000024b8        0xc zephyr/libzephyr.a(log_backend_rtt.c.obj)
 .text.format_set
                0x00000000000024c4        0xc zephyr/libzephyr.a(log_backend_rtt.c.obj)
 .text.panic    0x00000000000024d0       0x14 zephyr/libzephyr.a(log_backend_rtt.c.obj)
 .text.dropped  0x00000000000024e4        0xc zephyr/libzephyr.a(log_backend_rtt.c.obj)
 .text.process  0x00000000000024f0       0x24 zephyr/libzephyr.a(log_backend_rtt.c.obj)
 .text.on_failed_write
                0x0000000000002514       0x28 zephyr/libzephyr.a(log_backend_rtt.c.obj)
 .text.data_out_block_mode
                0x000000000000253c       0x84 zephyr/libzephyr.a(log_backend_rtt.c.obj)
 .text.char_out
                0x00000000000025c0       0x24 zephyr/libzephyr.a(log_backend_uart.c.obj)
 .text.log_backend_uart_init
                0x00000000000025e4       0x3c zephyr/libzephyr.a(log_backend_uart.c.obj)
 .text.mem_attr_get_regions
                0x0000000000002620        0xc zephyr/libzephyr.a(mem_attr.c.obj)
                0x0000000000002620                mem_attr_get_regions
 .text.nrf_cc3xx_platform_abort_init
                0x000000000000262c        0xc zephyr/libzephyr.a(nrf_cc3xx_platform_abort_zephyr.c.obj)
                0x000000000000262c                nrf_cc3xx_platform_abort_init
 .text.mutex_free_platform
                0x0000000000002638       0x54 zephyr/libzephyr.a(nrf_cc3xx_platform_mutex_zephyr.c.obj)
 .text.mutex_lock_platform
                0x000000000000268c       0x60 zephyr/libzephyr.a(nrf_cc3xx_platform_mutex_zephyr.c.obj)
 .text.mutex_unlock_platform
                0x00000000000026ec       0x58 zephyr/libzephyr.a(nrf_cc3xx_platform_mutex_zephyr.c.obj)
 .text.mutex_init_platform
                0x0000000000002744       0x94 zephyr/libzephyr.a(nrf_cc3xx_platform_mutex_zephyr.c.obj)
 .text.nrf_cc3xx_platform_mutex_init
                0x00000000000027d8       0x2c zephyr/libzephyr.a(nrf_cc3xx_platform_mutex_zephyr.c.obj)
                0x00000000000027d8                nrf_cc3xx_platform_mutex_init
 .text.z_arm_fatal_error
                0x0000000000002804       0xa0 zephyr/arch/arch/arm/core/libarch__arm__core.a(fatal.c.obj)
                0x0000000000002804                z_arm_fatal_error
 .text.z_SysNmiOnReset
                0x00000000000028a4        0x8 zephyr/arch/arch/arm/core/libarch__arm__core.a(nmi_on_reset.S.obj)
                0x00000000000028a4                z_SysNmiOnReset
 .text.arch_tls_stack_setup
                0x00000000000028ac       0x5c zephyr/arch/arch/arm/core/libarch__arm__core.a(tls.c.obj)
                0x00000000000028ac                arch_tls_stack_setup
 .text._HandlerModeExit
                0x0000000000002908       0x1c zephyr/arch/arch/arm/core/cortex_m/libarch__arm__core__cortex_m.a(exc_exit.S.obj)
                0x0000000000002908                z_arm_exc_exit
                0x0000000000002908                z_arm_int_exit
 .text.bus_fault.constprop.0
                0x0000000000002924       0xd0 zephyr/arch/arch/arm/core/cortex_m/libarch__arm__core__cortex_m.a(fault.c.obj)
 .text.usage_fault.constprop.0
                0x00000000000029f4       0xa8 zephyr/arch/arch/arm/core/cortex_m/libarch__arm__core__cortex_m.a(fault.c.obj)
 .text.mem_manage_fault
                0x0000000000002a9c      0x138 zephyr/arch/arch/arm/core/cortex_m/libarch__arm__core__cortex_m.a(fault.c.obj)
 .text.z_arm_fault
                0x0000000000002bd4      0x238 zephyr/arch/arch/arm/core/cortex_m/libarch__arm__core__cortex_m.a(fault.c.obj)
                0x0000000000002bd4                z_arm_fault
 .text.z_arm_fault_init
                0x0000000000002e0c       0x10 zephyr/arch/arch/arm/core/cortex_m/libarch__arm__core__cortex_m.a(fault.c.obj)
                0x0000000000002e0c                z_arm_fault_init
 .text.__fault  0x0000000000002e1c       0x14 zephyr/arch/arch/arm/core/cortex_m/libarch__arm__core__cortex_m.a(fault_s.S.obj)
                0x0000000000002e1c                z_arm_bus_fault
                0x0000000000002e1c                z_arm_usage_fault
                0x0000000000002e1c                z_arm_mpu_fault
                0x0000000000002e1c                z_arm_exc_spurious
                0x0000000000002e1c                z_arm_debug_monitor
                0x0000000000002e1c                z_arm_hard_fault
 .text._reset_section
                0x0000000000002e30       0x54 zephyr/arch/arch/arm/core/cortex_m/libarch__arm__core__cortex_m.a(reset.S.obj)
                0x0000000000002e30                z_arm_reset
                0x0000000000002e30                __start
 .text.sys_arch_reboot
                0x0000000000002e84       0x24 zephyr/arch/arch/arm/core/cortex_m/libarch__arm__core__cortex_m.a(scb.c.obj)
                0x0000000000002e84                sys_arch_reboot
 .text.z_arm_clear_arm_mpu_config
                0x0000000000002ea8       0x24 zephyr/arch/arch/arm/core/cortex_m/libarch__arm__core__cortex_m.a(scb.c.obj)
                0x0000000000002ea8                z_arm_clear_arm_mpu_config
 .text.z_arm_init_arch_hw_at_boot
                0x0000000000002ecc       0x64 zephyr/arch/arch/arm/core/cortex_m/libarch__arm__core__cortex_m.a(scb.c.obj)
                0x0000000000002ecc                z_arm_init_arch_hw_at_boot
 .text.z_impl_k_thread_abort
                0x0000000000002f30       0x2c zephyr/arch/arch/arm/core/cortex_m/libarch__arm__core__cortex_m.a(thread_abort.c.obj)
                0x0000000000002f30                z_impl_k_thread_abort
 .text.arch_swap
                0x0000000000002f5c       0x30 zephyr/arch/arch/arm/core/cortex_m/libarch__arm__core__cortex_m.a(swap.c.obj)
                0x0000000000002f5c                arch_swap
 .text.z_arm_pendsv
                0x0000000000002f8c       0x64 zephyr/arch/arch/arm/core/cortex_m/libarch__arm__core__cortex_m.a(swap_helper.S.obj)
                0x0000000000002f8c                z_arm_pendsv
 .text.z_arm_svc
                0x0000000000002ff0       0x20 zephyr/arch/arch/arm/core/cortex_m/libarch__arm__core__cortex_m.a(swap_helper.S.obj)
                0x0000000000002ff0                z_arm_svc
 .text.arch_irq_enable
                0x0000000000003010       0x1c zephyr/arch/arch/arm/core/cortex_m/libarch__arm__core__cortex_m.a(irq_manage.c.obj)
                0x0000000000003010                arch_irq_enable
 .text.arch_irq_disable
                0x000000000000302c       0x28 zephyr/arch/arch/arm/core/cortex_m/libarch__arm__core__cortex_m.a(irq_manage.c.obj)
                0x000000000000302c                arch_irq_disable
 .text.arch_irq_is_enabled
                0x0000000000003054       0x1c zephyr/arch/arch/arm/core/cortex_m/libarch__arm__core__cortex_m.a(irq_manage.c.obj)
                0x0000000000003054                arch_irq_is_enabled
 .text.z_arm_irq_priority_set
                0x0000000000003070       0x68 zephyr/arch/arch/arm/core/cortex_m/libarch__arm__core__cortex_m.a(irq_manage.c.obj)
                0x0000000000003070                z_arm_irq_priority_set
 .text.z_arm_prep_c
                0x00000000000030d8       0x38 zephyr/arch/arch/arm/core/cortex_m/libarch__arm__core__cortex_m.a(prep_c.c.obj)
                0x00000000000030d8                z_arm_prep_c
 .text.arch_new_thread
                0x0000000000003110       0x38 zephyr/arch/arch/arm/core/cortex_m/libarch__arm__core__cortex_m.a(thread.c.obj)
                0x0000000000003110                arch_new_thread
 .text.z_check_thread_stack_fail
                0x0000000000003148       0x2c zephyr/arch/arch/arm/core/cortex_m/libarch__arm__core__cortex_m.a(thread.c.obj)
                0x0000000000003148                z_check_thread_stack_fail
 .text.arch_switch_to_main_thread
                0x0000000000003174       0x38 zephyr/arch/arch/arm/core/cortex_m/libarch__arm__core__cortex_m.a(thread.c.obj)
                0x0000000000003174                arch_switch_to_main_thread
 .text.z_arm_cpu_idle_init
                0x00000000000031ac        0xc zephyr/arch/arch/arm/core/cortex_m/libarch__arm__core__cortex_m.a(cpu_idle.S.obj)
                0x00000000000031ac                z_arm_cpu_idle_init
 .text.arch_cpu_idle
                0x00000000000031b8       0x1c zephyr/arch/arch/arm/core/cortex_m/libarch__arm__core__cortex_m.a(cpu_idle.S.obj)
                0x00000000000031b8                arch_cpu_idle
 .text.arch_cpu_atomic_idle
                0x00000000000031d4       0x18 zephyr/arch/arch/arm/core/cortex_m/libarch__arm__core__cortex_m.a(cpu_idle.S.obj)
                0x00000000000031d4                arch_cpu_atomic_idle
 .text.z_arm_interrupt_init
                0x00000000000031ec       0x18 zephyr/arch/arch/arm/core/cortex_m/libarch__arm__core__cortex_m.a(irq_init.c.obj)
                0x00000000000031ec                z_arm_interrupt_init
 .text._isr_wrapper
                0x0000000000003204       0x28 zephyr/arch/arch/arm/core/cortex_m/libarch__arm__core__cortex_m.a(isr_wrapper.S.obj)
                0x0000000000003204                _isr_wrapper
 .text.z_arm_configure_static_mpu_regions
                0x000000000000322c       0x18 zephyr/arch/arch/arm/core/mpu/libarch__arm__core__mpu.a(arm_core_mpu.c.obj)
                0x000000000000322c                z_arm_configure_static_mpu_regions
 .text.z_arm_configure_dynamic_mpu_regions
                0x0000000000003244       0x20 zephyr/arch/arch/arm/core/mpu/libarch__arm__core__mpu.a(arm_core_mpu.c.obj)
                0x0000000000003244                z_arm_configure_dynamic_mpu_regions
 .text.region_allocate_and_init
                0x0000000000003264       0x48 zephyr/arch/arch/arm/core/mpu/libarch__arm__core__mpu.a(arm_mpu.c.obj)
 .text.mpu_configure_regions
                0x00000000000032ac       0x68 zephyr/arch/arch/arm/core/mpu/libarch__arm__core__mpu.a(arm_mpu.c.obj)
 .text.arm_core_mpu_enable
                0x0000000000003314       0x18 zephyr/arch/arch/arm/core/mpu/libarch__arm__core__mpu.a(arm_mpu.c.obj)
                0x0000000000003314                arm_core_mpu_enable
 .text.arm_core_mpu_disable
                0x000000000000332c       0x14 zephyr/arch/arch/arm/core/mpu/libarch__arm__core__mpu.a(arm_mpu.c.obj)
                0x000000000000332c                arm_core_mpu_disable
 .text.arm_core_mpu_configure_static_mpu_regions
                0x0000000000003340       0x4c zephyr/arch/arch/arm/core/mpu/libarch__arm__core__mpu.a(arm_mpu.c.obj)
                0x0000000000003340                arm_core_mpu_configure_static_mpu_regions
 .text.arm_core_mpu_configure_dynamic_mpu_regions
                0x000000000000338c       0x64 zephyr/arch/arch/arm/core/mpu/libarch__arm__core__mpu.a(arm_mpu.c.obj)
                0x000000000000338c                arm_core_mpu_configure_dynamic_mpu_regions
 .text.z_arm_mpu_init
                0x00000000000033f0      0x200 zephyr/arch/arch/arm/core/mpu/libarch__arm__core__mpu.a(arm_mpu.c.obj)
                0x00000000000033f0                z_arm_mpu_init
 .text.z_impl_zephyr_fputc
                0x00000000000035f0       0x10 zephyr/lib/libc/picolibc/liblib__libc__picolibc.a(libc-hooks.c.obj)
                0x00000000000035f0                z_impl_zephyr_fputc
 .text.__stdout_hook_install
                0x0000000000003600       0x18 zephyr/lib/libc/picolibc/liblib__libc__picolibc.a(libc-hooks.c.obj)
                0x0000000000003600                __stdout_hook_install
 .text.cbvprintf
                0x0000000000003618       0x38 zephyr/lib/libc/picolibc/liblib__libc__picolibc.a(libc-hooks.c.obj)
                0x0000000000003618                cbvprintf
 .text.malloc_prepare
                0x0000000000003650       0x24 zephyr/lib/libc/common/liblib__libc__common.a(malloc.c.obj)
 .text.nordicsemi_nrf52_init
                0x0000000000003674       0x44 zephyr/soc/soc/arm/nordic_nrf/libsoc__arm__nordic_nrf.a(soc.c.obj)
 .text.arch_busy_wait
                0x00000000000036b8       0x14 zephyr/soc/soc/arm/nordic_nrf/libsoc__arm__nordic_nrf.a(soc.c.obj)
                0x00000000000036b8                arch_busy_wait
 .text.z_arm_platform_init
                0x00000000000036cc        0x4 zephyr/soc/soc/arm/nordic_nrf/libsoc__arm__nordic_nrf.a(soc_nrf_common.S.obj)
                0x00000000000036cc                z_arm_platform_init
 .text.onoff_start
                0x00000000000036d0       0x3c zephyr/drivers/clock_control/libdrivers__clock_control.a(clock_control_nrf.c.obj)
 .text.get_status
                0x000000000000370c       0x38 zephyr/drivers/clock_control/libdrivers__clock_control.a(clock_control_nrf.c.obj)
 .text.stop     0x0000000000003744       0x7c zephyr/drivers/clock_control/libdrivers__clock_control.a(clock_control_nrf.c.obj)
 .text.onoff_stop
                0x00000000000037c0       0x28 zephyr/drivers/clock_control/libdrivers__clock_control.a(clock_control_nrf.c.obj)
 .text.clk_init
                0x00000000000037e8       0x58 zephyr/drivers/clock_control/libdrivers__clock_control.a(clock_control_nrf.c.obj)
 .text.clkstarted_handle.constprop.0
                0x0000000000003840       0x34 zephyr/drivers/clock_control/libdrivers__clock_control.a(clock_control_nrf.c.obj)
 .text.clock_event_handler
                0x0000000000003874       0x5c zephyr/drivers/clock_control/libdrivers__clock_control.a(clock_control_nrf.c.obj)
 .text.generic_hfclk_start
                0x00000000000038d0       0x64 zephyr/drivers/clock_control/libdrivers__clock_control.a(clock_control_nrf.c.obj)
 .text.api_blocking_start
                0x0000000000003934       0x34 zephyr/drivers/clock_control/libdrivers__clock_control.a(clock_control_nrf.c.obj)
 .text.generic_hfclk_stop
                0x0000000000003968       0x34 zephyr/drivers/clock_control/libdrivers__clock_control.a(clock_control_nrf.c.obj)
 .text.z_nrf_clock_control_lf_on
                0x000000000000399c      0x140 zephyr/drivers/clock_control/libdrivers__clock_control.a(clock_control_nrf.c.obj)
                0x000000000000399c                z_nrf_clock_control_lf_on
 .text.uart_console_init
                0x0000000000003adc       0x28 zephyr/drivers/console/libdrivers__console.a(uart_console.c.obj)
 .text.console_out
                0x0000000000003b04       0x28 zephyr/drivers/console/libdrivers__console.a(uart_console.c.obj)
 .text.nrf_gpio_pin_port_decode
                0x0000000000003b2c       0x5c zephyr/drivers/pinctrl/libdrivers__pinctrl.a(pinctrl_nrf.c.obj)
 .text.pinctrl_configure_pins
                0x0000000000003b88      0x1a4 zephyr/drivers/pinctrl/libdrivers__pinctrl.a(pinctrl_nrf.c.obj)
                0x0000000000003b88                pinctrl_configure_pins
 .text.uarte_0_init
                0x0000000000003d2c      0x258 zephyr/drivers/serial/libdrivers__serial.a(uart_nrfx_uarte.c.obj)
 .text.uarte_nrfx_poll_out
                0x0000000000003f84       0xcc zephyr/drivers/serial/libdrivers__serial.a(uart_nrfx_uarte.c.obj)
 .text.sys_clock_timeout_handler
                0x0000000000004050       0x48 zephyr/drivers/timer/libdrivers__timer.a(nrf_rtc_timer.c.obj)
 .text.z_nrf_rtc_timer_read
                0x0000000000004098       0x44 zephyr/drivers/timer/libdrivers__timer.a(nrf_rtc_timer.c.obj)
                0x0000000000004098                z_nrf_rtc_timer_read
 .text.rtc_nrf_isr
                0x00000000000040dc       0xd4 zephyr/drivers/timer/libdrivers__timer.a(nrf_rtc_timer.c.obj)
                0x00000000000040dc                rtc_nrf_isr
 .text.compare_set.constprop.0.isra.0
                0x00000000000041b0      0x154 zephyr/drivers/timer/libdrivers__timer.a(nrf_rtc_timer.c.obj)
 .text.sys_clock_driver_init
                0x0000000000004304       0x80 zephyr/drivers/timer/libdrivers__timer.a(nrf_rtc_timer.c.obj)
 .text.sys_clock_set_timeout
                0x0000000000004384       0x4c zephyr/drivers/timer/libdrivers__timer.a(nrf_rtc_timer.c.obj)
                0x0000000000004384                sys_clock_set_timeout
 .text.sys_clock_elapsed
                0x00000000000043d0       0x14 zephyr/drivers/timer/libdrivers__timer.a(nrf_rtc_timer.c.obj)
                0x00000000000043d0                sys_clock_elapsed
 .text.sys_clock_disable
                0x00000000000043e4       0x30 zephyr/drivers/timer/libdrivers__timer.a(nrf_rtc_timer.c.obj)
                0x00000000000043e4                sys_clock_disable
 .text.k_sys_fatal_error_handler
                0x0000000000004414       0x20 modules/nrf/lib/fatal_error/lib..__nrf__lib__fatal_error.a(fatal_error.c.obj)
                0x0000000000004414                k_sys_fatal_error_handler
 .text.nrf52_errata_98
                0x0000000000004434       0x24 modules/hal_nordic/nrfx/libmodules__hal_nordic__nrfx.a(system_nrf52840.c.obj)
 .text.nvmc_wait
                0x0000000000004458       0x10 modules/hal_nordic/nrfx/libmodules__hal_nordic__nrfx.a(system_nrf52840.c.obj)
                0x0000000000004458                nvmc_wait
 .text.SystemInit
                0x0000000000004468      0x1bc modules/hal_nordic/nrfx/libmodules__hal_nordic__nrfx.a(system_nrf52840.c.obj)
                0x0000000000004468                SystemInit
 .text.nrfx_flag32_alloc
                0x0000000000004624       0x48 modules/hal_nordic/nrfx/libmodules__hal_nordic__nrfx.a(nrfx_flag32_allocator.c.obj)
                0x0000000000004624                nrfx_flag32_alloc
 .text.nrfx_gppi_channels_enable
                0x000000000000466c        0xc modules/hal_nordic/nrfx/libmodules__hal_nordic__nrfx.a(nrfx_gppi_ppi.c.obj)
                0x000000000000466c                nrfx_gppi_channels_enable
 .text.clock_stop
                0x0000000000004678       0xf4 modules/hal_nordic/nrfx/libmodules__hal_nordic__nrfx.a(nrfx_clock.c.obj)
 .text.nrfx_clock_init
                0x000000000000476c       0x20 modules/hal_nordic/nrfx/libmodules__hal_nordic__nrfx.a(nrfx_clock.c.obj)
                0x000000000000476c                nrfx_clock_init
 .text.nrfx_clock_enable
                0x000000000000478c       0x4c modules/hal_nordic/nrfx/libmodules__hal_nordic__nrfx.a(nrfx_clock.c.obj)
                0x000000000000478c                nrfx_clock_enable
 .text.nrfx_clock_start
                0x00000000000047d8       0xe4 modules/hal_nordic/nrfx/libmodules__hal_nordic__nrfx.a(nrfx_clock.c.obj)
                0x00000000000047d8                nrfx_clock_start
 .text.nrfx_clock_stop
                0x00000000000048bc       0x38 modules/hal_nordic/nrfx/libmodules__hal_nordic__nrfx.a(nrfx_clock.c.obj)
                0x00000000000048bc                nrfx_clock_stop
 .text.nrfx_power_clock_irq_handler
                0x00000000000048f4       0x68 modules/hal_nordic/nrfx/libmodules__hal_nordic__nrfx.a(nrfx_clock.c.obj)
                0x00000000000048f4                nrfx_power_clock_irq_handler
 .text.get_pin_idx
                0x000000000000495c       0x14 modules/hal_nordic/nrfx/libmodules__hal_nordic__nrfx.a(nrfx_gpiote.c.obj)
 .text.nrf_gpiote_out_task_get
                0x0000000000004970       0x34 modules/hal_nordic/nrfx/libmodules__hal_nordic__nrfx.a(nrfx_gpiote.c.obj)
 .text.nrf_gpio_pin_port_decode
                0x00000000000049a4       0x68 modules/hal_nordic/nrfx/libmodules__hal_nordic__nrfx.a(nrfx_gpiote.c.obj)
 .text.nrf_gpiote_in_event_get
                0x0000000000004a0c       0x34 modules/hal_nordic/nrfx/libmodules__hal_nordic__nrfx.a(nrfx_gpiote.c.obj)
 .text.call_handler.constprop.0
                0x0000000000004a40       0x40 modules/hal_nordic/nrfx/libmodules__hal_nordic__nrfx.a(nrfx_gpiote.c.obj)
 .text.pin_te_get.constprop.0
                0x0000000000004a80       0x18 modules/hal_nordic/nrfx/libmodules__hal_nordic__nrfx.a(nrfx_gpiote.c.obj)
 .text.pin_is_output.constprop.0
                0x0000000000004a98       0x18 modules/hal_nordic/nrfx/libmodules__hal_nordic__nrfx.a(nrfx_gpiote.c.obj)
 .text.pin_has_trigger.constprop.0
                0x0000000000004ab0       0x1c modules/hal_nordic/nrfx/libmodules__hal_nordic__nrfx.a(nrfx_gpiote.c.obj)
 .text.pin_in_use_by_te.constprop.0
                0x0000000000004acc       0x18 modules/hal_nordic/nrfx/libmodules__hal_nordic__nrfx.a(nrfx_gpiote.c.obj)
 .text.latch_pending_read_and_check
                0x0000000000004ae4       0x40 modules/hal_nordic/nrfx/libmodules__hal_nordic__nrfx.a(nrfx_gpiote.c.obj)
 .text.pin_out_task_get.isra.0
                0x0000000000004b24       0x5c modules/hal_nordic/nrfx/libmodules__hal_nordic__nrfx.a(nrfx_gpiote.c.obj)
 .text.__nrfy_internal_gpiote_events_process.constprop.0
                0x0000000000004b80       0x64 modules/hal_nordic/nrfx/libmodules__hal_nordic__nrfx.a(nrfx_gpiote.c.obj)
 .text.nrfx_gpiote_output_configure
                0x0000000000004be4       0xf8 modules/hal_nordic/nrfx/libmodules__hal_nordic__nrfx.a(nrfx_gpiote.c.obj)
                0x0000000000004be4                nrfx_gpiote_output_configure
 .text.nrfx_gpiote_init
                0x0000000000004cdc       0x7c modules/hal_nordic/nrfx/libmodules__hal_nordic__nrfx.a(nrfx_gpiote.c.obj)
                0x0000000000004cdc                nrfx_gpiote_init
 .text.nrfx_gpiote_init_check
                0x0000000000004d58       0x14 modules/hal_nordic/nrfx/libmodules__hal_nordic__nrfx.a(nrfx_gpiote.c.obj)
                0x0000000000004d58                nrfx_gpiote_init_check
 .text.nrfx_gpiote_channel_alloc
                0x0000000000004d6c        0xc modules/hal_nordic/nrfx/libmodules__hal_nordic__nrfx.a(nrfx_gpiote.c.obj)
                0x0000000000004d6c                nrfx_gpiote_channel_alloc
 .text.nrfx_gpiote_out_task_enable
                0x0000000000004d78       0x70 modules/hal_nordic/nrfx/libmodules__hal_nordic__nrfx.a(nrfx_gpiote.c.obj)
                0x0000000000004d78                nrfx_gpiote_out_task_enable
 .text.nrfx_gpiote_0_irq_handler
                0x0000000000004de8      0x1bc modules/hal_nordic/nrfx/libmodules__hal_nordic__nrfx.a(nrfx_gpiote.c.obj)
                0x0000000000004de8                nrfx_gpiote_0_irq_handler
 .text.nrfx_ppi_channel_alloc
                0x0000000000004fa4        0xc modules/hal_nordic/nrfx/libmodules__hal_nordic__nrfx.a(nrfx_ppi.c.obj)
                0x0000000000004fa4                nrfx_ppi_channel_alloc
 .text.saadc_busy_check
                0x0000000000004fb0       0x1c modules/hal_nordic/nrfx/libmodules__hal_nordic__nrfx.a(nrfx_saadc.c.obj)
 .text.saadc_pre_calibration_state_restore
                0x0000000000004fcc       0x5c modules/hal_nordic/nrfx/libmodules__hal_nordic__nrfx.a(nrfx_saadc.c.obj)
 .text.saadc_channels_deconfig
                0x0000000000005028       0x3c modules/hal_nordic/nrfx/libmodules__hal_nordic__nrfx.a(nrfx_saadc.c.obj)
 .text.saadc_channel_count_get
                0x0000000000005064       0x74 modules/hal_nordic/nrfx/libmodules__hal_nordic__nrfx.a(nrfx_saadc.c.obj)
 .text.__nrfy_internal_saadc_events_process.constprop.0
                0x00000000000050d8       0x88 modules/hal_nordic/nrfx/libmodules__hal_nordic__nrfx.a(nrfx_saadc.c.obj)
 .text.saadc_generic_mode_set
                0x0000000000005160      0x110 modules/hal_nordic/nrfx/libmodules__hal_nordic__nrfx.a(nrfx_saadc.c.obj)
 .text.saadc_channel_config
                0x0000000000005270       0xa0 modules/hal_nordic/nrfx/libmodules__hal_nordic__nrfx.a(nrfx_saadc.c.obj)
 .text.nrfx_saadc_init
                0x0000000000005310       0x94 modules/hal_nordic/nrfx/libmodules__hal_nordic__nrfx.a(nrfx_saadc.c.obj)
                0x0000000000005310                nrfx_saadc_init
 .text.nrfx_saadc_channel_config
                0x00000000000053a4       0x6c modules/hal_nordic/nrfx/libmodules__hal_nordic__nrfx.a(nrfx_saadc.c.obj)
                0x00000000000053a4                nrfx_saadc_channel_config
 .text.nrfx_saadc_channels_configured_get
                0x0000000000005410       0x38 modules/hal_nordic/nrfx/libmodules__hal_nordic__nrfx.a(nrfx_saadc.c.obj)
                0x0000000000005410                nrfx_saadc_channels_configured_get
 .text.nrfx_saadc_advanced_mode_set
                0x0000000000005448      0x110 modules/hal_nordic/nrfx/libmodules__hal_nordic__nrfx.a(nrfx_saadc.c.obj)
                0x0000000000005448                nrfx_saadc_advanced_mode_set
 .text.nrfx_saadc_buffer_set
                0x0000000000005558       0xb4 modules/hal_nordic/nrfx/libmodules__hal_nordic__nrfx.a(nrfx_saadc.c.obj)
                0x0000000000005558                nrfx_saadc_buffer_set
 .text.nrfx_saadc_mode_trigger
                0x000000000000560c      0x1a4 modules/hal_nordic/nrfx/libmodules__hal_nordic__nrfx.a(nrfx_saadc.c.obj)
                0x000000000000560c                nrfx_saadc_mode_trigger
 .text.nrfx_saadc_offset_calibrate
                0x00000000000057b0       0xe8 modules/hal_nordic/nrfx/libmodules__hal_nordic__nrfx.a(nrfx_saadc.c.obj)
                0x00000000000057b0                nrfx_saadc_offset_calibrate
 .text.nrfx_saadc_irq_handler
                0x0000000000005898      0x19c modules/hal_nordic/nrfx/libmodules__hal_nordic__nrfx.a(nrfx_saadc.c.obj)
                0x0000000000005898                nrfx_saadc_irq_handler
 .text._DoInit  0x0000000000005a34       0x60 modules/segger/libmodules__segger.a(SEGGER_RTT.c.obj)
 .text.SEGGER_RTT_WriteSkipNoLock
                0x0000000000005a94       0x88 modules/segger/libmodules__segger.a(SEGGER_RTT.c.obj)
                0x0000000000005a94                SEGGER_RTT_WriteSkipNoLock
 .text.SEGGER_RTT_HasDataUp
                0x0000000000005b1c       0x14 modules/segger/libmodules__segger.a(SEGGER_RTT.c.obj)
                0x0000000000005b1c                SEGGER_RTT_HasDataUp
 .text.zephyr_rtt_mutex_lock
                0x0000000000005b30       0x14 modules/segger/libmodules__segger.a(SEGGER_RTT_zephyr.c.obj)
                0x0000000000005b30                zephyr_rtt_mutex_lock
 .text.zephyr_rtt_mutex_unlock
                0x0000000000005b44        0xc modules/segger/libmodules__segger.a(SEGGER_RTT_zephyr.c.obj)
                0x0000000000005b44                zephyr_rtt_mutex_unlock
 .text.z_device_state_init
                0x0000000000005b50       0x44 zephyr/kernel/libkernel.a(device.c.obj)
                0x0000000000005b50                z_device_state_init
 .text.z_fatal_error
                0x0000000000005b94      0x118 zephyr/kernel/libkernel.a(fatal.c.obj)
                0x0000000000005b94                z_fatal_error
 .text.z_sys_init_run_level
                0x0000000000005cac       0x48 zephyr/kernel/libkernel.a(init.c.obj)
 .text.bg_thread_main
                0x0000000000005cf4       0x34 zephyr/kernel/libkernel.a(init.c.obj)
 .text.z_bss_zero
                0x0000000000005d28       0x18 zephyr/kernel/libkernel.a(init.c.obj)
                0x0000000000005d28                z_bss_zero
 .text.z_init_cpu
                0x0000000000005d40       0x8c zephyr/kernel/libkernel.a(init.c.obj)
                0x0000000000005d40                z_init_cpu
 .text.z_cstart
                0x0000000000005dcc       0xe0 zephyr/kernel/libkernel.a(init.c.obj)
                0x0000000000005dcc                z_cstart
 .text.init_mem_slab_obj_core_list
                0x0000000000005eac       0x50 zephyr/kernel/libkernel.a(mem_slab.c.obj)
 .text.k_mem_slab_alloc
                0x0000000000005efc       0xd8 zephyr/kernel/libkernel.a(mem_slab.c.obj)
                0x0000000000005efc                k_mem_slab_alloc
 .text.k_mem_slab_free
                0x0000000000005fd4      0x10c zephyr/kernel/libkernel.a(mem_slab.c.obj)
                0x0000000000005fd4                k_mem_slab_free
 .text.z_setup_new_thread
                0x00000000000060e0       0xd0 zephyr/kernel/libkernel.a(thread.c.obj)
                0x00000000000060e0                z_setup_new_thread
 .text.z_init_static_threads
                0x00000000000061b0       0xe4 zephyr/kernel/libkernel.a(thread.c.obj)
                0x00000000000061b0                z_init_static_threads
 .text.z_spin_lock_valid
                0x0000000000006294       0x1c zephyr/kernel/libkernel.a(thread.c.obj)
                0x0000000000006294                z_spin_lock_valid
 .text.z_spin_unlock_valid
                0x00000000000062b0       0x20 zephyr/kernel/libkernel.a(thread.c.obj)
                0x00000000000062b0                z_spin_unlock_valid
 .text.z_spin_lock_set_owner
                0x00000000000062d0       0x10 zephyr/kernel/libkernel.a(thread.c.obj)
                0x00000000000062d0                z_spin_lock_set_owner
 .text.idle     0x00000000000062e0       0x48 zephyr/kernel/libkernel.a(idle.c.obj)
                0x00000000000062e0                idle
 .text.z_impl_k_mutex_unlock
                0x0000000000006328      0x120 zephyr/kernel/libkernel.a(mutex.c.obj)
                0x0000000000006328                z_impl_k_mutex_unlock
 .text.z_impl_k_mutex_lock
                0x0000000000006448      0x1a4 zephyr/kernel/libkernel.a(mutex.c.obj)
                0x0000000000006448                z_impl_k_mutex_lock
 .text.z_impl_k_sem_give
                0x00000000000065ec       0xb0 zephyr/kernel/libkernel.a(sem.c.obj)
                0x00000000000065ec                z_impl_k_sem_give
 .text.z_impl_k_sem_take
                0x000000000000669c       0xf8 zephyr/kernel/libkernel.a(sem.c.obj)
                0x000000000000669c                z_impl_k_sem_take
 .text.sliceable
                0x0000000000006794       0x3c zephyr/kernel/libkernel.a(sched.c.obj)
 .text.slice_timeout
                0x00000000000067d0       0x60 zephyr/kernel/libkernel.a(sched.c.obj)
 .text.z_reset_time_slice
                0x0000000000006830       0x50 zephyr/kernel/libkernel.a(sched.c.obj)
                0x0000000000006830                z_reset_time_slice
 .text.update_cache
                0x0000000000006880       0x68 zephyr/kernel/libkernel.a(sched.c.obj)
 .text.ready_thread
                0x00000000000068e8       0x94 zephyr/kernel/libkernel.a(sched.c.obj)
 .text.z_ready_thread
                0x000000000000697c       0x90 zephyr/kernel/libkernel.a(sched.c.obj)
                0x000000000000697c                z_ready_thread
 .text.z_unpend_thread_no_timeout
                0x0000000000006a0c       0x94 zephyr/kernel/libkernel.a(sched.c.obj)
                0x0000000000006a0c                z_unpend_thread_no_timeout
 .text.z_reschedule
                0x0000000000006aa0       0x8c zephyr/kernel/libkernel.a(sched.c.obj)
                0x0000000000006aa0                z_reschedule
 .text.z_sched_start
                0x0000000000006b2c       0xa8 zephyr/kernel/libkernel.a(sched.c.obj)
                0x0000000000006b2c                z_sched_start
 .text.k_sched_lock
                0x0000000000006bd4       0xe0 zephyr/kernel/libkernel.a(sched.c.obj)
                0x0000000000006bd4                k_sched_lock
 .text.k_sched_unlock
                0x0000000000006cb4       0xec zephyr/kernel/libkernel.a(sched.c.obj)
                0x0000000000006cb4                k_sched_unlock
 .text.z_priq_dumb_remove
                0x0000000000006da0       0x40 zephyr/kernel/libkernel.a(sched.c.obj)
                0x0000000000006da0                z_priq_dumb_remove
 .text.move_thread_to_end_of_prio_q
                0x0000000000006de0       0xa4 zephyr/kernel/libkernel.a(sched.c.obj)
 .text.z_time_slice
                0x0000000000006e84       0xcc zephyr/kernel/libkernel.a(sched.c.obj)
                0x0000000000006e84                z_time_slice
 .text.unready_thread
                0x0000000000006f50       0x38 zephyr/kernel/libkernel.a(sched.c.obj)
 .text.add_to_waitq_locked
                0x0000000000006f88       0x7c zephyr/kernel/libkernel.a(sched.c.obj)
 .text.pend_locked
                0x0000000000007004       0x30 zephyr/kernel/libkernel.a(sched.c.obj)
 .text.z_pend_curr
                0x0000000000007034       0xf4 zephyr/kernel/libkernel.a(sched.c.obj)
                0x0000000000007034                z_pend_curr
 .text.z_set_prio
                0x0000000000007128      0x128 zephyr/kernel/libkernel.a(sched.c.obj)
                0x0000000000007128                z_set_prio
 .text.unpend_thread_no_timeout
                0x0000000000007250       0x40 zephyr/kernel/libkernel.a(sched.c.obj)
 .text.z_sched_wake_thread
                0x0000000000007290       0xb4 zephyr/kernel/libkernel.a(sched.c.obj)
                0x0000000000007290                z_sched_wake_thread
 .text.z_unpend1_no_timeout
                0x0000000000007344       0x9c zephyr/kernel/libkernel.a(sched.c.obj)
                0x0000000000007344                z_unpend1_no_timeout
 .text.z_unpend_first_thread
                0x00000000000073e0       0xa4 zephyr/kernel/libkernel.a(sched.c.obj)
                0x00000000000073e0                z_unpend_first_thread
 .text.z_thread_halt
                0x0000000000007484      0x130 zephyr/kernel/libkernel.a(sched.c.obj)
 .text.z_impl_k_thread_suspend
                0x00000000000075b4       0xa4 zephyr/kernel/libkernel.a(sched.c.obj)
                0x00000000000075b4                z_impl_k_thread_suspend
 .text.z_sched_init
                0x0000000000007658       0x10 zephyr/kernel/libkernel.a(sched.c.obj)
                0x0000000000007658                z_sched_init
 .text.z_impl_k_yield
                0x0000000000007668      0x134 zephyr/kernel/libkernel.a(sched.c.obj)
                0x0000000000007668                z_impl_k_yield
 .text.z_tick_sleep
                0x000000000000779c      0x148 zephyr/kernel/libkernel.a(sched.c.obj)
 .text.z_impl_k_sleep
                0x00000000000078e4       0x68 zephyr/kernel/libkernel.a(sched.c.obj)
                0x00000000000078e4                z_impl_k_sleep
 .text.z_impl_k_sched_current_thread_query
                0x000000000000794c        0xc zephyr/kernel/libkernel.a(sched.c.obj)
                0x000000000000794c                z_impl_k_sched_current_thread_query
 .text.z_thread_abort
                0x0000000000007958       0xe0 zephyr/kernel/libkernel.a(sched.c.obj)
                0x0000000000007958                z_thread_abort
 .text.z_data_copy
                0x0000000000007a38       0x34 zephyr/kernel/libkernel.a(xip.c.obj)
                0x0000000000007a38                z_data_copy
 .text.elapsed  0x0000000000007a6c       0x14 zephyr/kernel/libkernel.a(timeout.c.obj)
 .text.next_timeout
                0x0000000000007a80       0x40 zephyr/kernel/libkernel.a(timeout.c.obj)
 .text.remove_timeout
                0x0000000000007ac0       0x38 zephyr/kernel/libkernel.a(timeout.c.obj)
 .text.z_add_timeout
                0x0000000000007af8      0x184 zephyr/kernel/libkernel.a(timeout.c.obj)
                0x0000000000007af8                z_add_timeout
 .text.z_abort_timeout
                0x0000000000007c7c       0x9c zephyr/kernel/libkernel.a(timeout.c.obj)
                0x0000000000007c7c                z_abort_timeout
 .text.sys_clock_announce
                0x0000000000007d18      0x160 zephyr/kernel/libkernel.a(timeout.c.obj)
                0x0000000000007d18                sys_clock_announce
 .text.sys_clock_tick_get
                0x0000000000007e78       0xa0 zephyr/kernel/libkernel.a(timeout.c.obj)
                0x0000000000007e78                sys_clock_tick_get
 .text.z_timer_expiration_handler
                0x0000000000007f18      0x174 zephyr/kernel/libkernel.a(timer.c.obj)
                0x0000000000007f18                z_timer_expiration_handler
 .text.z_impl_k_timer_start
                0x000000000000808c       0xe4 zephyr/kernel/libkernel.a(timer.c.obj)
                0x000000000000808c                z_impl_k_timer_start
 .text.nrf_cc3xx_platform_init_no_rng
                0x0000000000008170       0x38 /home/cortex/ncs/v2.6.1/nrfxlib/crypto/nrf_cc310_platform/lib/cortex-m4/soft-float/no-interrupts/libnrf_cc310_platform_0.9.19.a(nrf_cc3xx_platform.c.obj)
                0x0000000000008170                nrf_cc3xx_platform_init_no_rng
 .text.nrf_cc3xx_platform_abort
                0x00000000000081a8       0x24 /home/cortex/ncs/v2.6.1/nrfxlib/crypto/nrf_cc310_platform/lib/cortex-m4/soft-float/no-interrupts/libnrf_cc310_platform_0.9.19.a(nrf_cc3xx_platform_abort.c.obj)
 .text.CC_PalAbort
                0x00000000000081cc       0x34 /home/cortex/ncs/v2.6.1/nrfxlib/crypto/nrf_cc310_platform/lib/cortex-m4/soft-float/no-interrupts/libnrf_cc310_platform_0.9.19.a(nrf_cc3xx_platform_abort.c.obj)
                0x00000000000081cc                CC_PalAbort
 .text.nrf_cc3xx_platform_set_abort
                0x0000000000008200       0x10 /home/cortex/ncs/v2.6.1/nrfxlib/crypto/nrf_cc310_platform/lib/cortex-m4/soft-float/no-interrupts/libnrf_cc310_platform_0.9.19.a(nrf_cc3xx_platform_abort.c.obj)
                0x0000000000008200                nrf_cc3xx_platform_set_abort
 .text.mutex_free
                0x0000000000008210       0x34 /home/cortex/ncs/v2.6.1/nrfxlib/crypto/nrf_cc310_platform/lib/cortex-m4/soft-float/no-interrupts/libnrf_cc310_platform_0.9.19.a(nrf_cc3xx_platform_mutex.c.obj)
 .text.mutex_lock
                0x0000000000008244       0x48 /home/cortex/ncs/v2.6.1/nrfxlib/crypto/nrf_cc310_platform/lib/cortex-m4/soft-float/no-interrupts/libnrf_cc310_platform_0.9.19.a(nrf_cc3xx_platform_mutex.c.obj)
 .text.mutex_unlock
                0x000000000000828c       0x38 /home/cortex/ncs/v2.6.1/nrfxlib/crypto/nrf_cc310_platform/lib/cortex-m4/soft-float/no-interrupts/libnrf_cc310_platform_0.9.19.a(nrf_cc3xx_platform_mutex.c.obj)
 .text.mutex_init
                0x00000000000082c4       0x20 /home/cortex/ncs/v2.6.1/nrfxlib/crypto/nrf_cc310_platform/lib/cortex-m4/soft-float/no-interrupts/libnrf_cc310_platform_0.9.19.a(nrf_cc3xx_platform_mutex.c.obj)
 .text.nrf_cc3xx_platform_set_mutexes
                0x00000000000082e4       0x74 /home/cortex/ncs/v2.6.1/nrfxlib/crypto/nrf_cc310_platform/lib/cortex-m4/soft-float/no-interrupts/libnrf_cc310_platform_0.9.19.a(nrf_cc3xx_platform_mutex.c.obj)
                0x00000000000082e4                nrf_cc3xx_platform_set_mutexes
 .text.CC_LibInitNoRng
                0x0000000000008358       0x64 /home/cortex/ncs/v2.6.1/nrfxlib/crypto/nrf_cc310_platform/lib/cortex-m4/soft-float/no-interrupts/libnrf_cc310_platform_0.9.19.a(cc_lib.c.obj)
                0x0000000000008358                CC_LibInitNoRng
 .text.CC_HalInit
                0x00000000000083bc        0x4 /home/cortex/ncs/v2.6.1/nrfxlib/crypto/nrf_cc310_platform/lib/cortex-m4/soft-float/no-interrupts/libnrf_cc310_platform_0.9.19.a(cc_hal.c.obj)
                0x00000000000083bc                CC_HalInit
 .text.CC_HalTerminate
                0x00000000000083c0        0x4 /home/cortex/ncs/v2.6.1/nrfxlib/crypto/nrf_cc310_platform/lib/cortex-m4/soft-float/no-interrupts/libnrf_cc310_platform_0.9.19.a(cc_hal.c.obj)
                0x00000000000083c0                CC_HalTerminate
 .text.CC_HalMaskInterrupt
                0x00000000000083c4        0xc /home/cortex/ncs/v2.6.1/nrfxlib/crypto/nrf_cc310_platform/lib/cortex-m4/soft-float/no-interrupts/libnrf_cc310_platform_0.9.19.a(cc_hal.c.obj)
                0x00000000000083c4                CC_HalMaskInterrupt
 .text.CC_PalInit
                0x00000000000083d0       0x5c /home/cortex/ncs/v2.6.1/nrfxlib/crypto/nrf_cc310_platform/lib/cortex-m4/soft-float/no-interrupts/libnrf_cc310_platform_0.9.19.a(cc_pal.c.obj)
                0x00000000000083d0                CC_PalInit
 .text.CC_PalTerminate
                0x000000000000842c       0x34 /home/cortex/ncs/v2.6.1/nrfxlib/crypto/nrf_cc310_platform/lib/cortex-m4/soft-float/no-interrupts/libnrf_cc310_platform_0.9.19.a(cc_pal.c.obj)
                0x000000000000842c                CC_PalTerminate
 .text.CC_PalDmaInit
                0x0000000000008460        0x4 /home/cortex/ncs/v2.6.1/nrfxlib/crypto/nrf_cc310_platform/lib/cortex-m4/soft-float/no-interrupts/libnrf_cc310_platform_0.9.19.a(cc_pal_dma.c.obj)
                0x0000000000008460                CC_PalDmaInit
 .text.CC_PalDmaTerminate
                0x0000000000008464        0x4 /home/cortex/ncs/v2.6.1/nrfxlib/crypto/nrf_cc310_platform/lib/cortex-m4/soft-float/no-interrupts/libnrf_cc310_platform_0.9.19.a(cc_pal_dma.c.obj)
                0x0000000000008464                CC_PalDmaTerminate
 .text.CC_PalMutexCreate
                0x0000000000008468       0x14 /home/cortex/ncs/v2.6.1/nrfxlib/crypto/nrf_cc310_platform/lib/cortex-m4/soft-float/no-interrupts/libnrf_cc310_platform_0.9.19.a(cc_pal_mutex.c.obj)
                0x0000000000008468                CC_PalMutexCreate
 .text.CC_PalMutexDestroy
                0x000000000000847c       0x14 /home/cortex/ncs/v2.6.1/nrfxlib/crypto/nrf_cc310_platform/lib/cortex-m4/soft-float/no-interrupts/libnrf_cc310_platform_0.9.19.a(cc_pal_mutex.c.obj)
                0x000000000000847c                CC_PalMutexDestroy
 .text.CC_PalPowerSaveModeInit
                0x0000000000008490       0x3c /home/cortex/ncs/v2.6.1/nrfxlib/crypto/nrf_cc310_platform/lib/cortex-m4/soft-float/no-interrupts/libnrf_cc310_platform_0.9.19.a(cc_pal_pm.c.obj)
                0x0000000000008490                CC_PalPowerSaveModeInit
 .text.CC_PalPowerSaveModeSelect
                0x00000000000084cc       0x84 /home/cortex/ncs/v2.6.1/nrfxlib/crypto/nrf_cc310_platform/lib/cortex-m4/soft-float/no-interrupts/libnrf_cc310_platform_0.9.19.a(cc_pal_pm.c.obj)
                0x00000000000084cc                CC_PalPowerSaveModeSelect
 .text.snprintf
                0x0000000000008550       0x58 /home/cortex/ncs/toolchains/2be090971e/opt/zephyr-sdk/arm-zephyr-eabi/bin/../lib/gcc/../../picolibc/arm-zephyr-eabi/lib/thumb/v7e-m/nofp/libc.a(libc_tinystdio_snprintf.c.o)
                0x0000000000008550                snprintf
 .text.__l_vfprintf
                0x00000000000085a8      0x4b8 /home/cortex/ncs/toolchains/2be090971e/opt/zephyr-sdk/arm-zephyr-eabi/bin/../lib/gcc/../../picolibc/arm-zephyr-eabi/lib/thumb/v7e-m/nofp/libc.a(libc_tinystdio_vflprintf.c.o)
                0x00000000000085a8                __l_vfprintf
 .text._OffsetAbsSyms
                0x0000000000008a60        0x2 zephyr/CMakeFiles/offsets.dir/./arch/arm/core/offsets/offsets.c.obj
                0x0000000000008a60                _OffsetAbsSyms
 .text.cbpprintf_external
                0x0000000000008a62       0x62 zephyr/libzephyr.a(cbprintf_packaged.c.obj)
                0x0000000000008a62                cbpprintf_external
 .text.is_ptr   0x0000000000008ac4       0x4a zephyr/libzephyr.a(cbprintf_packaged.c.obj)
                0x0000000000008ac4                is_ptr
 .text.arch_printk_char_out
                0x0000000000008b0e        0x4 zephyr/libzephyr.a(printk.c.obj)
                0x0000000000008b0e                arch_printk_char_out
 .text.printk   0x0000000000008b12       0x1a zephyr/libzephyr.a(printk.c.obj)
                0x0000000000008b12                printk
 .text.vprintk  0x0000000000008b2c        0x4 zephyr/libzephyr.a(printk.c.obj)
                0x0000000000008b2c                vprintk
 .text.chunk_size
                0x0000000000008b30        0xa zephyr/libzephyr.a(heap.c.obj)
 .text.free_list_add
                0x0000000000008b3a       0x4e zephyr/libzephyr.a(heap.c.obj)
 .text.process_recheck
                0x0000000000008b88       0x38 zephyr/libzephyr.a(onoff.c.obj)
 .text.validate_args
                0x0000000000008bc0       0x20 zephyr/libzephyr.a(onoff.c.obj)
 .text.notify_one
                0x0000000000008be0       0x2c zephyr/libzephyr.a(onoff.c.obj)
 .text.onoff_manager_init
                0x0000000000008c0c       0x26 zephyr/libzephyr.a(onoff.c.obj)
                0x0000000000008c0c                onoff_manager_init
 .text.sys_notify_validate
                0x0000000000008c32       0x22 zephyr/libzephyr.a(notify.c.obj)
                0x0000000000008c32                sys_notify_validate
 .text.assert_post_action
                0x0000000000008c54        0xe zephyr/libzephyr.a(assert.c.obj)
                0x0000000000008c54                assert_post_action
 .text.assert_print
                0x0000000000008c62       0x1a zephyr/libzephyr.a(assert.c.obj)
                0x0000000000008c62                assert_print
 .text.free_space
                0x0000000000008c7c       0x26 zephyr/libzephyr.a(mpsc_pbuf.c.obj)
 .text.get_usage
                0x0000000000008ca2       0x22 zephyr/libzephyr.a(mpsc_pbuf.c.obj)
 .text.idx_inc  0x0000000000008cc4       0x1c zephyr/libzephyr.a(mpsc_pbuf.c.obj)
 .text.rd_idx_inc
                0x0000000000008ce0       0x18 zephyr/libzephyr.a(mpsc_pbuf.c.obj)
 .text.add_skip_item
                0x0000000000008cf8       0x3a zephyr/libzephyr.a(mpsc_pbuf.c.obj)
 .text.drop_item_locked
                0x0000000000008d32       0xee zephyr/libzephyr.a(mpsc_pbuf.c.obj)
 .text.post_drop_action
                0x0000000000008e20       0x36 zephyr/libzephyr.a(mpsc_pbuf.c.obj)
 .text.max_utilization_update
                0x0000000000008e56       0x1a zephyr/libzephyr.a(mpsc_pbuf.c.obj)
 .text.mpsc_pbuf_is_pending
                0x0000000000008e70       0x1a zephyr/libzephyr.a(mpsc_pbuf.c.obj)
                0x0000000000008e70                mpsc_pbuf_is_pending
 .text._ConfigAbsSyms
                0x0000000000008e8a        0x2 zephyr/libzephyr.a(configs.c.obj)
                0x0000000000008e8a                _ConfigAbsSyms
 .text.log_msg_generic_get_wlen
                0x0000000000008e8c       0x20 zephyr/libzephyr.a(log_core.c.obj)
 .text.dummy_timestamp
                0x0000000000008eac        0x4 zephyr/libzephyr.a(log_core.c.obj)
 .text.default_get_timestamp
                0x0000000000008eb0        0x4 zephyr/libzephyr.a(log_core.c.obj)
 .text.atomic_inc
                0x0000000000008eb4       0x1a zephyr/libzephyr.a(log_core.c.obj)
 .text.enable_logger
                0x0000000000008ece        0xe zephyr/libzephyr.a(log_core.c.obj)
 .text.z_log_vprintk
                0x0000000000008edc       0x1c zephyr/libzephyr.a(log_core.c.obj)
                0x0000000000008edc                z_log_vprintk
 .text.log_init
                0x0000000000008ef8        0x8 zephyr/libzephyr.a(log_core.c.obj)
                0x0000000000008ef8                log_init
 .text.z_log_notify_drop
                0x0000000000008f00        0x6 zephyr/libzephyr.a(log_core.c.obj)
 .text.z_log_get_tag
                0x0000000000008f06        0x4 zephyr/libzephyr.a(log_core.c.obj)
                0x0000000000008f06                z_log_get_tag
 .text.z_cbprintf_cpy
                0x0000000000008f0a       0x2c zephyr/libzephyr.a(log_msg.c.obj)
 .text.z_log_msg_finalize
                0x0000000000008f36       0x32 zephyr/libzephyr.a(log_msg.c.obj)
                0x0000000000008f36                z_log_msg_finalize
 .text.z_log_msg_simple_create
                0x0000000000008f68       0x6e zephyr/libzephyr.a(log_msg.c.obj)
 .text.z_impl_z_log_msg_simple_create_0
                0x0000000000008fd6       0x12 zephyr/libzephyr.a(log_msg.c.obj)
                0x0000000000008fd6                z_impl_z_log_msg_simple_create_0
 .text.z_impl_z_log_msg_simple_create_1
                0x0000000000008fe8       0x14 zephyr/libzephyr.a(log_msg.c.obj)
                0x0000000000008fe8                z_impl_z_log_msg_simple_create_1
 .text.z_impl_z_log_msg_simple_create_2
                0x0000000000008ffc       0x18 zephyr/libzephyr.a(log_msg.c.obj)
                0x0000000000008ffc                z_impl_z_log_msg_simple_create_2
 .text.buffer_write
                0x0000000000009014       0x1a zephyr/libzephyr.a(log_output.c.obj)
 .text.log_output_flush
                0x000000000000902e       0x1a zephyr/libzephyr.a(log_output.c.obj)
                0x000000000000902e                log_output_flush
 .text.cr_out_func
                0x0000000000009048       0x1c zephyr/libzephyr.a(log_output.c.obj)
 .text.format_set
                0x0000000000009064        0xc zephyr/libzephyr.a(log_backend_uart.c.obj)
 .text.panic    0x0000000000009070       0x10 zephyr/libzephyr.a(log_backend_uart.c.obj)
 .text.dropped  0x0000000000009080        0xa zephyr/libzephyr.a(log_backend_uart.c.obj)
 .text.process  0x000000000000908a       0x1e zephyr/libzephyr.a(log_backend_uart.c.obj)
 .text.abort_function
                0x00000000000090a8        0x8 zephyr/libzephyr.a(nrf_cc3xx_platform_abort_zephyr.c.obj)
 .text.z_do_kernel_oops
                0x00000000000090b0        0x8 zephyr/arch/arch/arm/core/libarch__arm__core.a(fatal.c.obj)
                0x00000000000090b0                z_do_kernel_oops
 .text.z_arm_nmi
                0x00000000000090b8        0xe zephyr/arch/arch/arm/core/libarch__arm__core.a(nmi.c.obj)
                0x00000000000090b8                z_arm_nmi
 .text.z_log_msg_simple_create_0.constprop.0
                0x00000000000090c6        0x8 zephyr/arch/arch/arm/core/cortex_m/libarch__arm__core__cortex_m.a(fault.c.obj)
 .text.z_irq_spurious
                0x00000000000090ce        0x8 zephyr/arch/arch/arm/core/cortex_m/libarch__arm__core__cortex_m.a(irq_manage.c.obj)
                0x00000000000090ce                z_irq_spurious
 .text.size_to_mpu_rasr_size
                0x00000000000090d6       0x20 zephyr/arch/arch/arm/core/mpu/libarch__arm__core__mpu.a(arm_mpu.c.obj)
 .text.cbputc   0x00000000000090f6        0xc zephyr/lib/libc/picolibc/liblib__libc__picolibc.a(libc-hooks.c.obj)
 .text.picolibc_put
                0x0000000000009102        0xa zephyr/lib/libc/picolibc/liblib__libc__picolibc.a(libc-hooks.c.obj)
 .text.set_on_state
                0x000000000000910c       0x26 zephyr/drivers/clock_control/libdrivers__clock_control.a(clock_control_nrf.c.obj)
 .text.async_start
                0x0000000000009132       0x5c zephyr/drivers/clock_control/libdrivers__clock_control.a(clock_control_nrf.c.obj)
 .text.api_start
                0x000000000000918e        0xe zephyr/drivers/clock_control/libdrivers__clock_control.a(clock_control_nrf.c.obj)
 .text.onoff_started_callback
                0x000000000000919c        0xc zephyr/drivers/clock_control/libdrivers__clock_control.a(clock_control_nrf.c.obj)
 .text.lfclk_start
                0x00000000000091a8        0x6 zephyr/drivers/clock_control/libdrivers__clock_control.a(clock_control_nrf.c.obj)
 .text.lfclk_stop
                0x00000000000091ae        0x6 zephyr/drivers/clock_control/libdrivers__clock_control.a(clock_control_nrf.c.obj)
 .text.blocking_start_callback
                0x00000000000091b4        0x6 zephyr/drivers/clock_control/libdrivers__clock_control.a(clock_control_nrf.c.obj)
 .text.api_stop
                0x00000000000091ba        0x6 zephyr/drivers/clock_control/libdrivers__clock_control.a(clock_control_nrf.c.obj)
 .text.pinctrl_lookup_state
                0x00000000000091c0       0x26 zephyr/drivers/pinctrl/libdrivers__pinctrl.a(common.c.obj)
                0x00000000000091c0                pinctrl_lookup_state
 .text.uarte_nrfx_err_check
                0x00000000000091e6        0xe zephyr/drivers/serial/libdrivers__serial.a(uart_nrfx_uarte.c.obj)
 .text.uarte_nrfx_poll_in
                0x00000000000091f4       0x28 zephyr/drivers/serial/libdrivers__serial.a(uart_nrfx_uarte.c.obj)
 .text.is_tx_ready.isra.0
                0x000000000000921c       0x20 zephyr/drivers/serial/libdrivers__serial.a(uart_nrfx_uarte.c.obj)
 .text.uarte_nrfx_isr_int
                0x000000000000923c       0x72 zephyr/drivers/serial/libdrivers__serial.a(uart_nrfx_uarte.c.obj)
 .text.sys_clock_cycle_get_32
                0x00000000000092ae        0x8 zephyr/drivers/timer/libdrivers__timer.a(nrf_rtc_timer.c.obj)
                0x00000000000092ae                sys_clock_cycle_get_32
 .text.hw_cc3xx_init_internal
                0x00000000000092b6        0x4 modules/nrf/drivers/hw_cc3xx/lib..__nrf__drivers__hw_cc3xx.a(hw_cc3xx.c.obj)
 .text.hw_cc3xx_init
                0x00000000000092ba       0x12 modules/nrf/drivers/hw_cc3xx/lib..__nrf__drivers__hw_cc3xx.a(hw_cc3xx.c.obj)
 .text.nrfx_isr
                0x00000000000092cc        0x2 modules/hal_nordic/nrfx/libmodules__hal_nordic__nrfx.a(nrfx_glue.c.obj)
                0x00000000000092cc                nrfx_isr
 .text.nrfx_busy_wait
                0x00000000000092ce        0x4 modules/hal_nordic/nrfx/libmodules__hal_nordic__nrfx.a(nrfx_glue.c.obj)
                0x00000000000092ce                nrfx_busy_wait
 .text.nrfx_gppi_channel_endpoints_setup
                0x00000000000092d2       0x14 modules/hal_nordic/nrfx/libmodules__hal_nordic__nrfx.a(nrfx_gppi_ppi.c.obj)
                0x00000000000092d2                nrfx_gppi_channel_endpoints_setup
 .text.nrfx_gppi_channel_alloc
                0x00000000000092e6        0x4 modules/hal_nordic/nrfx/libmodules__hal_nordic__nrfx.a(nrfx_gppi_ppi.c.obj)
                0x00000000000092e6                nrfx_gppi_channel_alloc
 .text.nrf_gpio_pin_present_check
                0x00000000000092ea       0x24 modules/hal_nordic/nrfx/libmodules__hal_nordic__nrfx.a(nrfx_gpiote.c.obj)
 .text.nrf_gpio_reconfigure
                0x000000000000930e       0x9a modules/hal_nordic/nrfx/libmodules__hal_nordic__nrfx.a(nrfx_gpiote.c.obj)
 .text.nrf_gpio_cfg_sense_set
                0x00000000000093a8       0x1e modules/hal_nordic/nrfx/libmodules__hal_nordic__nrfx.a(nrfx_gpiote.c.obj)
 .text.pin_is_task_output.isra.0
                0x00000000000093c6       0x16 modules/hal_nordic/nrfx/libmodules__hal_nordic__nrfx.a(nrfx_gpiote.c.obj)
 .text.nrfx_gpiote_out_task_address_get
                0x00000000000093dc       0x10 modules/hal_nordic/nrfx/libmodules__hal_nordic__nrfx.a(nrfx_gpiote.c.obj)
                0x00000000000093dc                nrfx_gpiote_out_task_address_get
 .text.__nrfy_internal_saadc_event_handle.constprop.0
                0x00000000000093ec       0x2e modules/hal_nordic/nrfx/libmodules__hal_nordic__nrfx.a(nrfx_saadc.c.obj)
 .text.__nrfy_internal_saadc_buffer_latch.part.0.constprop.0
                0x000000000000941a       0x10 modules/hal_nordic/nrfx/libmodules__hal_nordic__nrfx.a(nrfx_saadc.c.obj)
 .text.SEGGER_RTT_Init
                0x000000000000942a        0x4 modules/segger/libmodules__segger.a(SEGGER_RTT.c.obj)
                0x000000000000942a                SEGGER_RTT_Init
 .text.rtt_init
                0x000000000000942e        0xa modules/segger/libmodules__segger.a(SEGGER_RTT_zephyr.c.obj)
 .text.z_impl_k_busy_wait
                0x0000000000009438        0x8 zephyr/kernel/libkernel.a(busy_wait.c.obj)
                0x0000000000009438                z_impl_k_busy_wait
 .text.z_device_is_ready
                0x0000000000009440       0x16 zephyr/kernel/libkernel.a(device.c.obj)
                0x0000000000009440                z_device_is_ready
 .text.z_early_memset
                0x0000000000009456        0x4 zephyr/kernel/libkernel.a(init.c.obj)
                0x0000000000009456                z_early_memset
 .text.z_early_memcpy
                0x000000000000945a        0x4 zephyr/kernel/libkernel.a(init.c.obj)
                0x000000000000945a                z_early_memcpy
 .text.create_free_list
                0x000000000000945e       0x2c zephyr/kernel/libkernel.a(mem_slab.c.obj)
 .text.k_mem_slab_init
                0x000000000000948a       0x1e zephyr/kernel/libkernel.a(mem_slab.c.obj)
                0x000000000000948a                k_mem_slab_init
 .text.k_is_in_isr
                0x00000000000094a8        0xc zephyr/kernel/libkernel.a(thread.c.obj)
                0x00000000000094a8                k_is_in_isr
 .text.k_thread_name_get
                0x00000000000094b4        0x4 zephyr/kernel/libkernel.a(thread.c.obj)
                0x00000000000094b4                k_thread_name_get
 .text.adjust_owner_prio.isra.0
                0x00000000000094b8       0x10 zephyr/kernel/libkernel.a(mutex.c.obj)
 .text.z_impl_k_mutex_init
                0x00000000000094c8        0xe zephyr/kernel/libkernel.a(mutex.c.obj)
                0x00000000000094c8                z_impl_k_mutex_init
 .text.z_impl_k_sem_init
                0x00000000000094d6       0x18 zephyr/kernel/libkernel.a(sem.c.obj)
                0x00000000000094d6                z_impl_k_sem_init
 .text.z_reschedule_irqlock
                0x00000000000094ee       0x18 zephyr/kernel/libkernel.a(sched.c.obj)
                0x00000000000094ee                z_reschedule_irqlock
 .text.z_reschedule_unlocked
                0x0000000000009506       0x14 zephyr/kernel/libkernel.a(sched.c.obj)
 .text.z_thread_timeout
                0x000000000000951a        0x8 zephyr/kernel/libkernel.a(sched.c.obj)
                0x000000000000951a                z_thread_timeout
 .text.sys_clock_tick_get_32
                0x0000000000009522        0x8 zephyr/kernel/libkernel.a(timeout.c.obj)
                0x0000000000009522                sys_clock_tick_get_32
 .text.z_impl_k_uptime_ticks
                0x000000000000952a        0x4 zephyr/kernel/libkernel.a(timeout.c.obj)
                0x000000000000952a                z_impl_k_uptime_ticks
 .text.z_impl_k_timer_stop
                0x000000000000952e       0x3a zephyr/kernel/libkernel.a(timer.c.obj)
                0x000000000000952e                z_impl_k_timer_stop
 .text.boot_banner
                0x0000000000009568        0x2 zephyr/kernel/libkernel.a(banner.c.obj)
                0x0000000000009568                boot_banner
 .text.strnlen  0x000000000000956a       0x18 /home/cortex/ncs/toolchains/2be090971e/opt/zephyr-sdk/arm-zephyr-eabi/bin/../lib/gcc/../../picolibc/arm-zephyr-eabi/lib/thumb/v7e-m/nofp/libc.a(libc_string_strnlen.c.o)
                0x000000000000956a                strnlen
 .text.__ultoa_invert
                0x0000000000009582       0xae /home/cortex/ncs/toolchains/2be090971e/opt/zephyr-sdk/arm-zephyr-eabi/bin/../lib/gcc/../../picolibc/arm-zephyr-eabi/lib/thumb/v7e-m/nofp/libc.a(libc_tinystdio_vflprintf.c.o)
 .text.memcpy   0x0000000000009630       0x1c /home/cortex/ncs/toolchains/2be090971e/opt/zephyr-sdk/arm-zephyr-eabi/bin/../lib/gcc/../../picolibc/arm-zephyr-eabi/lib/thumb/v7e-m/nofp/libc.a(memcpy.c.o)
                0x0000000000009630                memcpy
                0x0000000000009630                __aeabi_memcpy
                0x0000000000009630                __aeabi_memcpy4
                0x0000000000009630                __aeabi_memcpy8
 .text.memset   0x000000000000964c       0x10 /home/cortex/ncs/toolchains/2be090971e/opt/zephyr-sdk/arm-zephyr-eabi/bin/../lib/gcc/../../picolibc/arm-zephyr-eabi/lib/thumb/v7e-m/nofp/libc.a(memset.c.o)
                0x000000000000964c                memset
 .text.__file_str_put
                0x000000000000965c       0x10 /home/cortex/ncs/toolchains/2be090971e/opt/zephyr-sdk/arm-zephyr-eabi/bin/../lib/gcc/../../picolibc/arm-zephyr-eabi/lib/thumb/v7e-m/nofp/libc.a(libc_tinystdio_filestrput.c.o)
                0x000000000000965c                __file_str_put
 *(SORT_BY_ALIGNMENT(.TEXT.*))
 .TEXT.__aeabi_read_tp
                0x000000000000966c        0xc zephyr/arch/arch/arm/core/cortex_m/libarch__arm__core__cortex_m.a(__aeabi_read_tp.S.obj)
                0x000000000000966c                __aeabi_read_tp
 *(SORT_BY_ALIGNMENT(.gnu.linkonce.t.*))
 *(SORT_BY_ALIGNMENT(.glue_7t))
 .glue_7t       0x0000000000009678        0x0 linker stubs
 *(SORT_BY_ALIGNMENT(.glue_7))
 .glue_7        0x0000000000009678        0x0 linker stubs
 *(SORT_BY_ALIGNMENT(.vfp11_veneer))
 .vfp11_veneer  0x0000000000009678        0x0 linker stubs
 *(SORT_BY_ALIGNMENT(.v4_bx))
 .v4_bx         0x0000000000009678        0x0 linker stubs
                0x0000000000009678                . = ALIGN (0x4)
                0x0000000000009678                __text_region_end = .

.ARM.exidx      0x0000000000009678        0x8
                0x0000000000009678                __exidx_start = .
 *(SORT_BY_ALIGNMENT(.ARM.exidx*) SORT_BY_ALIGNMENT(gnu.linkonce.armexidx.*))
 .ARM.exidx     0x0000000000009678        0x8 /home/cortex/ncs/toolchains/2be090971e/opt/zephyr-sdk/arm-zephyr-eabi/bin/../lib/gcc/../../picolibc/arm-zephyr-eabi/lib/thumb/v7e-m/nofp/libc.a(strlen.S.o)
                0x0000000000009680                __exidx_end = .
                0x0000000000009680                __rodata_region_start = .

initlevel       0x0000000000009680       0x58
                0x0000000000009680                __init_start = .
                0x0000000000009680                __init_EARLY_start = .
 *(SORT_BY_NAME(SORT_BY_ALIGNMENT(.z_init_EARLY?_*)))
 *(SORT_BY_NAME(SORT_BY_ALIGNMENT(.z_init_EARLY??_*)))
                0x0000000000009680                __init_PRE_KERNEL_1_start = .
 *(SORT_BY_NAME(SORT_BY_ALIGNMENT(.z_init_PRE_KERNEL_1?_*)))
 .z_init_PRE_KERNEL_10_0_
                0x0000000000009680        0x8 zephyr/soc/soc/arm/nordic_nrf/libsoc__arm__nordic_nrf.a(soc.c.obj)
 *(SORT_BY_NAME(SORT_BY_ALIGNMENT(.z_init_PRE_KERNEL_1??_*)))
 .z_init_PRE_KERNEL_130_00075_
                0x0000000000009688        0x8 zephyr/drivers/clock_control/libdrivers__clock_control.a(clock_control_nrf.c.obj)
 .z_init_PRE_KERNEL_130_0_
                0x0000000000009690        0x8 modules/segger/libmodules__segger.a(SEGGER_RTT_zephyr.c.obj)
 .z_init_PRE_KERNEL_130_0_
                0x0000000000009698        0x8 zephyr/kernel/libkernel.a(mem_slab.c.obj)
 .z_init_PRE_KERNEL_140_0_
                0x00000000000096a0        0x8 modules/nrf/drivers/hw_cc3xx/lib..__nrf__drivers__hw_cc3xx.a(hw_cc3xx.c.obj)
 .z_init_PRE_KERNEL_155_00113_
                0x00000000000096a8        0x8 zephyr/drivers/serial/libdrivers__serial.a(uart_nrfx_uarte.c.obj)
                0x00000000000096b0                __init_PRE_KERNEL_2_start = .
 *(SORT_BY_NAME(SORT_BY_ALIGNMENT(.z_init_PRE_KERNEL_2?_*)))
 .z_init_PRE_KERNEL_20_0_
                0x00000000000096b0        0x8 zephyr/drivers/timer/libdrivers__timer.a(nrf_rtc_timer.c.obj)
 *(SORT_BY_NAME(SORT_BY_ALIGNMENT(.z_init_PRE_KERNEL_2??_*)))
                0x00000000000096b8                __init_POST_KERNEL_start = .
 *(SORT_BY_NAME(SORT_BY_ALIGNMENT(.z_init_POST_KERNEL?_*)))
 .z_init_POST_KERNEL0_0_
                0x00000000000096b8        0x8 zephyr/libzephyr.a(log_core.c.obj)
 *(SORT_BY_NAME(SORT_BY_ALIGNMENT(.z_init_POST_KERNEL??_*)))
 .z_init_POST_KERNEL40_0_
                0x00000000000096c0        0x8 zephyr/lib/libc/common/liblib__libc__common.a(malloc.c.obj)
 .z_init_POST_KERNEL40_0_
                0x00000000000096c8        0x8 modules/nrf/drivers/hw_cc3xx/lib..__nrf__drivers__hw_cc3xx.a(hw_cc3xx.c.obj)
 .z_init_POST_KERNEL60_0_
                0x00000000000096d0        0x8 zephyr/drivers/console/libdrivers__console.a(uart_console.c.obj)
                0x00000000000096d8                __init_APPLICATION_start = .
 *(SORT_BY_NAME(SORT_BY_ALIGNMENT(.z_init_APPLICATION?_*)))
 *(SORT_BY_NAME(SORT_BY_ALIGNMENT(.z_init_APPLICATION??_*)))
                0x00000000000096d8                __init_SMP_start = .
 *(SORT_BY_NAME(SORT_BY_ALIGNMENT(.z_init_SMP?_*)))
 *(SORT_BY_NAME(SORT_BY_ALIGNMENT(.z_init_SMP??_*)))
                0x00000000000096d8                __init_end = .

device_area     0x00000000000096d8       0x28
                0x00000000000096d8                _device_list_start = .
 *(SORT_BY_NAME(SORT_BY_ALIGNMENT(._device.static.*_?_*)))
 *(SORT_BY_NAME(SORT_BY_ALIGNMENT(._device.static.*_??_*)))
 ._device.static.1_30_
                0x00000000000096d8       0x14 zephyr/drivers/clock_control/libdrivers__clock_control.a(clock_control_nrf.c.obj)
                0x00000000000096d8                __device_dts_ord_75
 ._device.static.1_55_
                0x00000000000096ec       0x14 zephyr/drivers/serial/libdrivers__serial.a(uart_nrfx_uarte.c.obj)
                0x00000000000096ec                __device_dts_ord_113
                0x0000000000009700                _device_list_end = .

sw_isr_table    0x0000000000009700      0x180
                0x0000000000009700                . = ALIGN (0x4)
 *(SORT_BY_ALIGNMENT(.gnu.linkonce.sw_isr_table*))
 .gnu.linkonce.sw_isr_table
                0x0000000000009700      0x180 zephyr/CMakeFiles/zephyr_final.dir/isr_tables.c.obj
                0x0000000000009700                _sw_isr_table

initlevel_error
                0x0000000000009680        0x0
 *(SORT_BY_NAME(SORT_BY_ALIGNMENT(.z_init_[_A-Z0-9]*)))
                0x0000000000000001                ASSERT ((SIZEOF (initlevel_error) == 0x0), Undefined initialization levels used.)

app_shmem_regions
                0x0000000000009880        0x0
                0x0000000000009880                __app_shmem_regions_start = .
 *(SORT_BY_NAME(SORT_BY_ALIGNMENT(.app_regions.*)))
                0x0000000000009880                __app_shmem_regions_end = .

k_p4wq_initparam_area
                0x0000000000009880        0x0
                0x0000000000009880                _k_p4wq_initparam_list_start = .
 *(SORT_BY_NAME(SORT_BY_ALIGNMENT(._k_p4wq_initparam.static.*)))
                0x0000000000009880                _k_p4wq_initparam_list_end = .

_static_thread_data_area
                0x0000000000009880        0x0
                0x0000000000009880                __static_thread_data_list_start = .
 *(SORT_BY_NAME(SORT_BY_ALIGNMENT(.__static_thread_data.static.*)))
                0x0000000000009880                __static_thread_data_list_end = .

device_deps     0x0000000000009880        0x0
                0x0000000000009880                __device_deps_start = .
 *(SORT_BY_NAME(SORT_BY_ALIGNMENT(.__device_deps_pass2*)))
                0x0000000000009880                __device_deps_end = .

ztest           0x0000000000009880        0x0
                0x0000000000009880                _ztest_expected_result_entry_list_start = .
 *(SORT_BY_NAME(SORT_BY_ALIGNMENT(._ztest_expected_result_entry.static.*)))
                0x0000000000009880                _ztest_expected_result_entry_list_end = .
                0x0000000000009880                _ztest_suite_node_list_start = .
 *(SORT_BY_NAME(SORT_BY_ALIGNMENT(._ztest_suite_node.static.*)))
                0x0000000000009880                _ztest_suite_node_list_end = .
                0x0000000000009880                _ztest_unit_test_list_start = .
 *(SORT_BY_NAME(SORT_BY_ALIGNMENT(._ztest_unit_test.static.*)))
                0x0000000000009880                _ztest_unit_test_list_end = .
                0x0000000000009880                _ztest_test_rule_list_start = .
 *(SORT_BY_NAME(SORT_BY_ALIGNMENT(._ztest_test_rule.static.*)))
                0x0000000000009880                _ztest_test_rule_list_end = .

bt_l2cap_fixed_chan_area
                0x0000000000009880        0x0
                0x0000000000009880                _bt_l2cap_fixed_chan_list_start = .
 *(SORT_BY_NAME(SORT_BY_ALIGNMENT(._bt_l2cap_fixed_chan.static.*)))
                0x0000000000009880                _bt_l2cap_fixed_chan_list_end = .

bt_gatt_service_static_area
                0x0000000000009880        0x0
                0x0000000000009880                _bt_gatt_service_static_list_start = .
 *(SORT_BY_NAME(SORT_BY_ALIGNMENT(._bt_gatt_service_static.static.*)))
                0x0000000000009880                _bt_gatt_service_static_list_end = .

log_strings_area
                0x0000000000009880        0x0
                0x0000000000009880                _log_strings_list_start = .
 *(SORT_BY_NAME(SORT_BY_ALIGNMENT(._log_strings.static.*)))
                0x0000000000009880                _log_strings_list_end = .

log_const_area  0x0000000000009880       0x58
                0x0000000000009880                _log_const_list_start = .
 *(SORT_BY_NAME(SORT_BY_ALIGNMENT(._log_const.static.*)))
 ._log_const.static.log_const_NRFX_EXAMPLE_
                0x0000000000009880        0x8 app/libapp.a(main.c.obj)
                0x0000000000009880                log_const_NRFX_EXAMPLE
 ._log_const.static.log_const_cbprintf_package_
                0x0000000000009888        0x8 zephyr/libzephyr.a(cbprintf_packaged.c.obj)
                0x0000000000009888                log_const_cbprintf_package
 ._log_const.static.log_const_clock_control_
                0x0000000000009890        0x8 zephyr/drivers/clock_control/libdrivers__clock_control.a(clock_control_nrf.c.obj)
                0x0000000000009890                log_const_clock_control
 ._log_const.static.log_const_fatal_error_
                0x0000000000009898        0x8 modules/nrf/lib/fatal_error/lib..__nrf__lib__fatal_error.a(fatal_error.c.obj)
                0x0000000000009898                log_const_fatal_error
 ._log_const.static.log_const_log_
                0x00000000000098a0        0x8 zephyr/libzephyr.a(log_core.c.obj)
                0x00000000000098a0                log_const_log
 ._log_const.static.log_const_log_mgmt_
                0x00000000000098a8        0x8 zephyr/libzephyr.a(log_mgmt.c.obj)
                0x00000000000098a8                log_const_log_mgmt
 ._log_const.static.log_const_log_uart_
                0x00000000000098b0        0x8 zephyr/libzephyr.a(log_backend_uart.c.obj)
                0x00000000000098b0                log_const_log_uart
 ._log_const.static.log_const_mpu_
                0x00000000000098b8        0x8 zephyr/arch/arch/arm/core/mpu/libarch__arm__core__mpu.a(arm_core_mpu.c.obj)
                0x00000000000098b8                log_const_mpu
 ._log_const.static.log_const_os_
                0x00000000000098c0        0x8 zephyr/kernel/libkernel.a(init.c.obj)
                0x00000000000098c0                log_const_os
 ._log_const.static.log_const_soc_
                0x00000000000098c8        0x8 zephyr/soc/soc/arm/nordic_nrf/libsoc__arm__nordic_nrf.a(soc.c.obj)
                0x00000000000098c8                log_const_soc
 ._log_const.static.log_const_uart_nrfx_uarte_
                0x00000000000098d0        0x8 zephyr/drivers/serial/libdrivers__serial.a(uart_nrfx_uarte.c.obj)
                0x00000000000098d0                log_const_uart_nrfx_uarte
                0x00000000000098d8                _log_const_list_end = .

log_backend_area
                0x00000000000098d8       0x20
                0x00000000000098d8                _log_backend_list_start = .
 *(SORT_BY_NAME(SORT_BY_ALIGNMENT(._log_backend.static.*)))
 ._log_backend.static.log_backend_rtt_
                0x00000000000098d8       0x10 zephyr/libzephyr.a(log_backend_rtt.c.obj)
 ._log_backend.static.log_backend_uart_
                0x00000000000098e8       0x10 zephyr/libzephyr.a(log_backend_uart.c.obj)
                0x00000000000098f8                _log_backend_list_end = .

log_link_area   0x00000000000098f8        0x0
                0x00000000000098f8                _log_link_list_start = .
 *(SORT_BY_NAME(SORT_BY_ALIGNMENT(._log_link.static.*)))
                0x00000000000098f8                _log_link_list_end = .

tracing_backend_area
                0x00000000000098f8        0x0
                0x00000000000098f8                _tracing_backend_list_start = .
 *(SORT_BY_NAME(SORT_BY_ALIGNMENT(._tracing_backend.static.*)))
                0x00000000000098f8                _tracing_backend_list_end = .

zephyr_dbg_info
 *(SORT_BY_ALIGNMENT(.dbg_thread_info))

symbol_to_keep  0x00000000000098f8        0x0
                0x00000000000098f8                __symbol_to_keep_start = .
 *(SORT_BY_NAME(SORT_BY_ALIGNMENT(.symbol_to_keep*)))
                0x00000000000098f8                __symbol_to_keep_end = .

shell_area      0x00000000000098f8        0x0
                0x00000000000098f8                _shell_list_start = .
 *(SORT_BY_NAME(SORT_BY_ALIGNMENT(._shell.static.*)))
                0x00000000000098f8                _shell_list_end = .

shell_root_cmds_area
                0x00000000000098f8        0x0
                0x00000000000098f8                _shell_root_cmds_list_start = .
 *(SORT_BY_NAME(SORT_BY_ALIGNMENT(._shell_root_cmds.static.*)))
                0x00000000000098f8                _shell_root_cmds_list_end = .

shell_subcmds_area
                0x00000000000098f8        0x0
                0x00000000000098f8                _shell_subcmds_list_start = .
 *(SORT_BY_NAME(SORT_BY_ALIGNMENT(._shell_subcmds.static.*)))
                0x00000000000098f8                _shell_subcmds_list_end = .

shell_dynamic_subcmds_area
                0x00000000000098f8        0x0
                0x00000000000098f8                _shell_dynamic_subcmds_list_start = .
 *(SORT_BY_NAME(SORT_BY_ALIGNMENT(._shell_dynamic_subcmds.static.*)))
                0x00000000000098f8                _shell_dynamic_subcmds_list_end = .

cfb_font_area   0x00000000000098f8        0x0
                0x00000000000098f8                _cfb_font_list_start = .
 *(SORT_BY_NAME(SORT_BY_ALIGNMENT(._cfb_font.static.*)))
                0x00000000000098f8                _cfb_font_list_end = .

tdata           0x00000000000098f8        0x0
 *(SORT_BY_ALIGNMENT(.tdata) SORT_BY_ALIGNMENT(.tdata.*) SORT_BY_ALIGNMENT(.gnu.linkonce.td.*))

tbss            0x00000000000098f8        0x4
 *(SORT_BY_ALIGNMENT(.tbss) SORT_BY_ALIGNMENT(.tbss.*) SORT_BY_ALIGNMENT(.gnu.linkonce.tb.*) SORT_BY_ALIGNMENT(.tcommon))
 .tbss.z_tls_current
                0x00000000000098f8        0x4 zephyr/libzephyr.a(thread_entry.c.obj)
                0x00000000000098f8                z_tls_current
                0x00000000000098f8                PROVIDE (__tdata_start = LOADADDR (tdata))
                0x0000000000000000                PROVIDE (__tdata_size = SIZEOF (tdata))
                [!provide]                        PROVIDE (__tdata_end = (__tdata_start + __tdata_size))
                0x0000000000000001                PROVIDE (__tdata_align = ALIGNOF (tdata))
                [!provide]                        PROVIDE (__tbss_start = ADDR (tbss))
                0x0000000000000004                PROVIDE (__tbss_size = SIZEOF (tbss))
                [!provide]                        PROVIDE (__tbss_end = (__tbss_start + __tbss_size))
                0x0000000000000004                PROVIDE (__tbss_align = ALIGNOF (tbss))
                [!provide]                        PROVIDE (__tls_start = __tdata_start)
                [!provide]                        PROVIDE (__tls_end = __tbss_end)
                [!provide]                        PROVIDE (__tls_size = (__tbss_end - __tdata_start))

rodata          0x0000000000009900     0x216c
 *(SORT_BY_ALIGNMENT(.rodata))
 *(SORT_BY_ALIGNMENT(.rodata.*))
 .rodata.delay_machine_code.0
                0x0000000000009900        0x6 zephyr/soc/soc/arm/nordic_nrf/libsoc__arm__nordic_nrf.a(soc.c.obj)
 *fill*         0x0000000000009906        0x2 
 .rodata.mpsc_config
                0x0000000000009908       0x14 zephyr/libzephyr.a(log_core.c.obj)
 .rodata.format_table
                0x000000000000991c       0x10 zephyr/libzephyr.a(log_core.c.obj)
 .rodata.colors
                0x000000000000992c       0x14 zephyr/libzephyr.a(log_output.c.obj)
 .rodata.severity
                0x0000000000009940       0x14 zephyr/libzephyr.a(log_output.c.obj)
 .rodata.log_backend_rtt_api
                0x0000000000009954       0x1c zephyr/libzephyr.a(log_backend_rtt.c.obj)
                0x0000000000009954                log_backend_rtt_api
 .rodata.log_output_rtt
                0x0000000000009970       0x10 zephyr/libzephyr.a(log_backend_rtt.c.obj)
 .rodata.lbu_cb_ctx
                0x0000000000009980        0x8 zephyr/libzephyr.a(log_backend_uart.c.obj)
 .rodata.lbu_output
                0x0000000000009988       0x10 zephyr/libzephyr.a(log_backend_uart.c.obj)
 .rodata.log_backend_uart_api
                0x0000000000009998       0x1c zephyr/libzephyr.a(log_backend_uart.c.obj)
                0x0000000000009998                log_backend_uart_api
 .rodata.mem_attr_region
                0x00000000000099b4        0x0 zephyr/libzephyr.a(mem_attr.c.obj)
 .rodata.apis   0x00000000000099b4        0x8 zephyr/libzephyr.a(nrf_cc3xx_platform_abort_zephyr.c.obj)
 .rodata.mutexes
                0x00000000000099bc       0x14 zephyr/libzephyr.a(nrf_cc3xx_platform_mutex_zephyr.c.obj)
 .rodata.mutex_apis
                0x00000000000099d0       0x10 zephyr/libzephyr.a(nrf_cc3xx_platform_mutex_zephyr.c.obj)
 .rodata.static_regions
                0x00000000000099e0        0xc zephyr/arch/arch/arm/core/mpu/libarch__arm__core__mpu.a(arm_core_mpu.c.obj)
 .rodata.mpu_config
                0x00000000000099ec        0x8 zephyr/arch/arch/arm/core/mpu/libarch__arm__core__mpu.a(arm_mpu_regions.c.obj)
                0x00000000000099ec                mpu_config
 .rodata.mpu_regions
                0x00000000000099f4       0x18 zephyr/arch/arch/arm/core/mpu/libarch__arm__core__mpu.a(arm_mpu_regions.c.obj)
 .rodata.transitions.0
                0x0000000000009a0c        0xc zephyr/drivers/clock_control/libdrivers__clock_control.a(clock_control_nrf.c.obj)
 .rodata.config
                0x0000000000009a18       0x18 zephyr/drivers/clock_control/libdrivers__clock_control.a(clock_control_nrf.c.obj)
 .rodata.clock_control_api
                0x0000000000009a30       0x1c zephyr/drivers/clock_control/libdrivers__clock_control.a(clock_control_nrf.c.obj)
 .rodata.uarte_0z_config
                0x0000000000009a4c       0x10 zephyr/drivers/serial/libdrivers__serial.a(uart_nrfx_uarte.c.obj)
 .rodata.__pinctrl_dev_config__device_dts_ord_113
                0x0000000000009a5c        0xc zephyr/drivers/serial/libdrivers__serial.a(uart_nrfx_uarte.c.obj)
 .rodata.__pinctrl_states__device_dts_ord_113
                0x0000000000009a68        0x8 zephyr/drivers/serial/libdrivers__serial.a(uart_nrfx_uarte.c.obj)
 .rodata.__pinctrl_state_pins_0__device_dts_ord_113
                0x0000000000009a70       0x10 zephyr/drivers/serial/libdrivers__serial.a(uart_nrfx_uarte.c.obj)
 .rodata.uart_nrfx_uarte_driver_api
                0x0000000000009a80        0xc zephyr/drivers/serial/libdrivers__serial.a(uart_nrfx_uarte.c.obj)
 .rodata.CSWTCH.489
                0x0000000000009a8c       0x14 zephyr/kernel/libkernel.a(fatal.c.obj)
 .rodata.levels.0
                0x0000000000009aa0       0x18 zephyr/kernel/libkernel.a(init.c.obj)
 .rodata.CSWTCH.10
                0x0000000000009ab8       0x1c /home/cortex/ncs/v2.6.1/nrfxlib/crypto/nrf_cc310_platform/lib/cortex-m4/soft-float/no-interrupts/libnrf_cc310_platform_0.9.19.a(nrf_cc3xx_platform.c.obj)
 .rodata.mutex_free.str1.4
                0x0000000000009ad4       0x26 /home/cortex/ncs/v2.6.1/nrfxlib/crypto/nrf_cc310_platform/lib/cortex-m4/soft-float/no-interrupts/libnrf_cc310_platform_0.9.19.a(nrf_cc3xx_platform_mutex.c.obj)
 *fill*         0x0000000000009afa        0x2 
 .rodata.mutex_init.str1.4
                0x0000000000009afc       0x23 /home/cortex/ncs/v2.6.1/nrfxlib/crypto/nrf_cc310_platform/lib/cortex-m4/soft-float/no-interrupts/libnrf_cc310_platform_0.9.19.a(nrf_cc3xx_platform_mutex.c.obj)
 *fill*         0x0000000000009b1f        0x1 
 .rodata.CC_PalPowerSaveModeInit.str1.4
                0x0000000000009b20       0x20 /home/cortex/ncs/v2.6.1/nrfxlib/crypto/nrf_cc310_platform/lib/cortex-m4/soft-float/no-interrupts/libnrf_cc310_platform_0.9.19.a(cc_pal_pm.c.obj)
 .rodata.saadc_handler.str1.1
                0x0000000000009b40       0xeb app/libapp.a(main.c.obj)
 .rodata.main.str1.1
                0x0000000000009c2b       0x72 app/libapp.a(main.c.obj)
                                         0x7e (size before relaxing)
 .rodata.m_single_channel
                0x0000000000009c9d        0xa app/libapp.a(main.c.obj)
 .rodata.str1.1
                0x0000000000009ca7        0xd app/libapp.a(main.c.obj)
 .rodata.gpiote_pin_toggle_task_setup.str1.1
                0x0000000000009cb4       0x68 app/libapp.a(saadc_examples_common.c.obj)
                                         0x9c (size before relaxing)
 .rodata.output_config.0
                0x0000000000009d1c        0x3 app/libapp.a(saadc_examples_common.c.obj)
 .rodata.cbvprintf_package.str1.1
                0x0000000000009d1f       0x95 zephyr/libzephyr.a(cbprintf_packaged.c.obj)
                                         0xb4 (size before relaxing)
 .rodata.cbprintf_package_convert.str1.1
                0x0000000000009db4       0xfd zephyr/libzephyr.a(cbprintf_packaged.c.obj)
 .rodata.str1.1
                0x0000000000009eb1       0x11 zephyr/libzephyr.a(cbprintf_packaged.c.obj)
 .rodata.sys_heap_free.str1.1
                0x0000000000009ec2       0xcc zephyr/libzephyr.a(heap.c.obj)
                                         0xe9 (size before relaxing)
 .rodata.sys_heap_init.str1.1
                0x0000000000009f8e       0xbb zephyr/libzephyr.a(heap.c.obj)
 .rodata.process_event.str1.1
                0x000000000000a049      0x127 zephyr/libzephyr.a(onoff.c.obj)
                                        0x146 (size before relaxing)
 .rodata.sys_notify_finalize.str1.1
                0x000000000000a170       0x23 zephyr/libzephyr.a(notify.c.obj)
                                         0x42 (size before relaxing)
 .rodata.mpsc_pbuf_init.str1.1
                0x000000000000a193       0x2f zephyr/libzephyr.a(mpsc_pbuf.c.obj)
                                         0x4c (size before relaxing)
 .rodata.mpsc_pbuf_put_word.str1.1
                0x000000000000a1c2       0x84 zephyr/libzephyr.a(mpsc_pbuf.c.obj)
 .rodata.sys_reboot.str1.1
                0x000000000000a1c2       0x29 zephyr/libzephyr.a(reboot.c.obj)
 .rodata.z_log_init.isra.0.str1.1
                0x000000000000a1eb       0x91 zephyr/libzephyr.a(log_core.c.obj)
                                         0xae (size before relaxing)
 .rodata.z_log_msg_post_finalize.str1.1
                0x000000000000a27c       0x84 zephyr/libzephyr.a(log_core.c.obj)
 .rodata.str1.1
                0x000000000000a27c        0x4 zephyr/libzephyr.a(log_core.c.obj)
 .rodata.get_link_domain.str1.1
                0x000000000000a280       0x48 zephyr/libzephyr.a(log_mgmt.c.obj)
                                         0x84 (size before relaxing)
 .rodata.log_backend_enable.str1.1
                0x000000000000a2c8       0x4f zephyr/libzephyr.a(log_mgmt.c.obj)
 .rodata.str1.1
                0x000000000000a317        0x9 zephyr/libzephyr.a(log_mgmt.c.obj)
 .rodata.z_impl_z_log_msg_static_create.str1.1
                0x000000000000a320       0x6b zephyr/libzephyr.a(log_msg.c.obj)