Archive member included to satisfy reference by file (symbol)

app/libapp.a(main.c.obj)      (--whole-archive)
app/libapp.a(saadc_examples_common.c.obj)
                              (--whole-archive)
zephyr/libzephyr.a(cbprintf_packaged.c.obj)
                              (--whole-archive)
zephyr/libzephyr.a(dec.c.obj)
                              (--whole-archive)
zephyr/libzephyr.a(hex.c.obj)
                              (--whole-archive)
zephyr/libzephyr.a(printk.c.obj)
                              (--whole-archive)
zephyr/libzephyr.a(rb.c.obj)  (--whole-archive)
zephyr/libzephyr.a(sem.c.obj)
                              (--whole-archive)
zephyr/libzephyr.a(thread_entry.c.obj)
                              (--whole-archive)
zephyr/libzephyr.a(timeutil.c.obj)
                              (--whole-archive)
zephyr/libzephyr.a(heap.c.obj)
                              (--whole-archive)
zephyr/libzephyr.a(heap-validate.c.obj)
                              (--whole-archive)
zephyr/libzephyr.a(bitarray.c.obj)
                              (--whole-archive)
zephyr/libzephyr.a(multi_heap.c.obj)
                              (--whole-archive)
zephyr/libzephyr.a(onoff.c.obj)
                              (--whole-archive)
zephyr/libzephyr.a(notify.c.obj)
                              (--whole-archive)
zephyr/libzephyr.a(cbprintf_complete.c.obj)
                              (--whole-archive)
zephyr/libzephyr.a(assert.c.obj)
                              (--whole-archive)
zephyr/libzephyr.a(mpsc_pbuf.c.obj)
                              (--whole-archive)
zephyr/libzephyr.a(reboot.c.obj)
                              (--whole-archive)
zephyr/libzephyr.a(configs.c.obj)
                              (--whole-archive)
zephyr/libzephyr.a(log_core.c.obj)
                              (--whole-archive)
zephyr/libzephyr.a(log_mgmt.c.obj)
                              (--whole-archive)
zephyr/libzephyr.a(log_cache.c.obj)
                              (--whole-archive)
zephyr/libzephyr.a(log_msg.c.obj)
                              (--whole-archive)
zephyr/libzephyr.a(log_output.c.obj)
                              (--whole-archive)
zephyr/libzephyr.a(log_backend_rtt.c.obj)
                              (--whole-archive)
zephyr/libzephyr.a(log_backend_uart.c.obj)
                              (--whole-archive)
zephyr/libzephyr.a(mem_attr.c.obj)
                              (--whole-archive)
zephyr/libzephyr.a(tracing_none.c.obj)
                              (--whole-archive)
zephyr/arch/common/libarch__common.a(sw_isr_common.c.obj)
                              (--whole-archive)
zephyr/arch/arch/arm/core/libarch__arm__core.a(fatal.c.obj)
                              (--whole-archive)
zephyr/arch/arch/arm/core/libarch__arm__core.a(nmi.c.obj)
                              (--whole-archive)
zephyr/arch/arch/arm/core/libarch__arm__core.a(nmi_on_reset.S.obj)
                              (--whole-archive)
zephyr/arch/arch/arm/core/libarch__arm__core.a(tls.c.obj)
                              (--whole-archive)
zephyr/arch/arch/arm/core/cortex_m/libarch__arm__core__cortex_m.a(exc_exit.S.obj)
                              (--whole-archive)
zephyr/arch/arch/arm/core/cortex_m/libarch__arm__core__cortex_m.a(fault.c.obj)
                              (--whole-archive)
zephyr/arch/arch/arm/core/cortex_m/libarch__arm__core__cortex_m.a(fault_s.S.obj)
                              (--whole-archive)
zephyr/arch/arch/arm/core/cortex_m/libarch__arm__core__cortex_m.a(fpu.c.obj)
                              (--whole-archive)
zephyr/arch/arch/arm/core/cortex_m/libarch__arm__core__cortex_m.a(reset.S.obj)
                              (--whole-archive)
zephyr/arch/arch/arm/core/cortex_m/libarch__arm__core__cortex_m.a(scb.c.obj)
                              (--whole-archive)
zephyr/arch/arch/arm/core/cortex_m/libarch__arm__core__cortex_m.a(thread_abort.c.obj)
                              (--whole-archive)
zephyr/arch/arch/arm/core/cortex_m/libarch__arm__core__cortex_m.a(vector_table.S.obj)
                              (--whole-archive)
zephyr/arch/arch/arm/core/cortex_m/libarch__arm__core__cortex_m.a(swap.c.obj)
                              (--whole-archive)
zephyr/arch/arch/arm/core/cortex_m/libarch__arm__core__cortex_m.a(swap_helper.S.obj)
                              (--whole-archive)
zephyr/arch/arch/arm/core/cortex_m/libarch__arm__core__cortex_m.a(irq_manage.c.obj)
                              (--whole-archive)
zephyr/arch/arch/arm/core/cortex_m/libarch__arm__core__cortex_m.a(prep_c.c.obj)
                              (--whole-archive)
zephyr/arch/arch/arm/core/cortex_m/libarch__arm__core__cortex_m.a(thread.c.obj)
                              (--whole-archive)
zephyr/arch/arch/arm/core/cortex_m/libarch__arm__core__cortex_m.a(cpu_idle.S.obj)
                              (--whole-archive)
zephyr/arch/arch/arm/core/cortex_m/libarch__arm__core__cortex_m.a(irq_init.c.obj)
                              (--whole-archive)
[...]
Memory Configuration

Name             Origin             Length             Attributes
FLASH            0x0000000000000000 0x0000000000080000 xr
RAM              0x0000000020000000 0x0000000000010000 xw
IDT_LIST         0x00000000ffff7fff 0x0000000000008000 xw
*default*        0x0000000000000000 0xffffffffffffffff

Linker script and memory map

                0x0000000000007c78                vfprintf = __l_vfprintf
                0x0000000000000000                vfscanf = __l_vfscanf
LOAD zephyr/CMakeFiles/zephyr_pre0.dir/misc/empty_file.c.obj
LOAD zephyr/CMakeFiles/offsets.dir/./arch/arm/core/offsets/offsets.c.obj
LOAD app/libapp.a
LOAD zephyr/libzephyr.a
LOAD zephyr/arch/common/libarch__common.a
LOAD zephyr/arch/arch/arm/core/libarch__arm__core.a
LOAD zephyr/arch/arch/arm/core/cortex_m/libarch__arm__core__cortex_m.a
LOAD zephyr/arch/arch/arm/core/mpu/libarch__arm__core__mpu.a
LOAD zephyr/lib/libc/picolibc/liblib__libc__picolibc.a
LOAD zephyr/lib/libc/common/liblib__libc__common.a
LOAD zephyr/soc/soc/arm/nordic_nrf/libsoc__arm__nordic_nrf.a
LOAD zephyr/drivers/clock_control/libdrivers__clock_control.a
LOAD zephyr/drivers/console/libdrivers__console.a
LOAD zephyr/drivers/pinctrl/libdrivers__pinctrl.a
LOAD zephyr/drivers/serial/libdrivers__serial.a
LOAD zephyr/drivers/timer/libdrivers__timer.a
LOAD modules/nrf/lib/fatal_error/lib..__nrf__lib__fatal_error.a
LOAD modules/hal_nordic/nrfx/libmodules__hal_nordic__nrfx.a
LOAD modules/segger/libmodules__segger.a
LOAD zephyr/kernel/libkernel.a
LOAD /home/cortex/ncs/toolchains/2be090971e/opt/zephyr-sdk/arm-zephyr-eabi/bin/../lib/gcc/arm-zephyr-eabi/12.2.0/thumb/v7e-m/nofp/libgcc.a
LOAD zephyr/arch/common/libisr_tables.a
LOAD /home/cortex/ncs/toolchains/2be090971e/opt/zephyr-sdk/arm-zephyr-eabi/bin/../lib/gcc/../../picolibc/arm-zephyr-eabi/lib/thumb/v7e-m/nofp/libc.a
LOAD /home/cortex/ncs/toolchains/2be090971e/opt/zephyr-sdk/arm-zephyr-eabi/bin/../lib/gcc/arm-zephyr-eabi/12.2.0/thumb/v7e-m/nofp/libgcc.a
                0x0000000000000020                _region_min_align = 0x20

.rel.plt        0x0000000000000000        0x0
 *(SORT_BY_ALIGNMENT(.rel.plt))
                [!provide]                        PROVIDE (__rel_iplt_start = .)
 *(SORT_BY_ALIGNMENT(.rel.iplt))
 .rel.iplt      0x0000000000000000        0x0 app/libapp.a(main.c.obj)
                [!provide]                        PROVIDE (__rel_iplt_end = .)

.rela.plt       0x0000000000000000        0x0
 *(SORT_BY_ALIGNMENT(.rela.plt))
                [!provide]                        PROVIDE (__rela_iplt_start = .)
 *(SORT_BY_ALIGNMENT(.rela.iplt))
                [!provide]                        PROVIDE (__rela_iplt_end = .)

.rel.dyn
 *(SORT_BY_ALIGNMENT(.rel.*))

.rela.dyn
 *(SORT_BY_ALIGNMENT(.rela.*))

/DISCARD/
 *(SORT_BY_ALIGNMENT(.plt))

/DISCARD/
 *(SORT_BY_ALIGNMENT(.iplt))
                0x0000000000000000                __rom_region_start = 0x0

rom_start       0x0000000000000000       0xdc
                0x0000000000000000                __rom_start_address = .
 FILL mask 0x00
                0x0000000000000000                . = (. + (0x0 - (. - __rom_start_address)))
                0x0000000000000000                . = ALIGN (0x4)
                0x0000000000000000                . = ALIGN (0x80)
                0x0000000000000000                . = ALIGN (0x100)
                0x0000000000000000                _vector_start = .
 *(SORT_BY_ALIGNMENT(.exc_vector_table))
 *(SORT_BY_ALIGNMENT(.exc_vector_table.*))
 .exc_vector_table._vector_table_section
                0x0000000000000000       0x40 zephyr/arch/arch/arm/core/cortex_m/libarch__arm__core__cortex_m.a(vector_table.S.obj)
                0x0000000000000000                _vector_table
 *(SORT_BY_ALIGNMENT(.vectors))
                0x00000000000000dc                _vector_end = .
                0x0000000000000040                . = ALIGN (0x4)
 *(SORT_BY_ALIGNMENT(.gnu.linkonce.irq_vector_table*))
 .gnu.linkonce.irq_vector_table
                0x0000000000000040       0x9c zephyr/arch/common/libisr_tables.a(isr_tables.c.obj)
                0x0000000000000040                _irq_vector_table
                0x00000000000000dc                _vector_end = .

text            0x00000000000000dc     0x8c00
                0x00000000000000dc                __text_region_start = .
 *(SORT_BY_ALIGNMENT(.text))
 .text          0x00000000000000dc       0x10 /home/cortex/ncs/toolchains/2be090971e/opt/zephyr-sdk/arm-zephyr-eabi/bin/../lib/gcc/../../picolibc/arm-zephyr-eabi/lib/thumb/v7e-m/nofp/libc.a(strlen.S.o)
                0x00000000000000dc                strlen
 *(SORT_BY_ALIGNMENT(.text.*))
 .text.saadc_handler
                0x00000000000000ec      0x138 app/libapp.a(main.c.obj)
 .text.main     0x0000000000000224      0x184 app/libapp.a(main.c.obj)
                0x0000000000000224                main
 .text.gpiote_pin_toggle_task_setup
                0x00000000000003a8       0x80 app/libapp.a(saadc_examples_common.c.obj)
                0x00000000000003a8                gpiote_pin_toggle_task_setup
 .text.pin_on_event_toggle_setup
                0x0000000000000428       0x64 app/libapp.a(saadc_examples_common.c.obj)
                0x0000000000000428                pin_on_event_toggle_setup
 .text.cbvprintf_package
                0x000000000000048c      0x42c zephyr/libzephyr.a(cbprintf_packaged.c.obj)
                0x000000000000048c                cbvprintf_package
 .text.cbprintf_package_convert
                0x00000000000008b8      0x45c zephyr/libzephyr.a(cbprintf_packaged.c.obj)
                0x00000000000008b8                cbprintf_package_convert
 .text.__printk_hook_install
                0x0000000000000d14        0xc zephyr/libzephyr.a(printk.c.obj)
                0x0000000000000d14                __printk_hook_install
 .text.z_thread_entry
                0x0000000000000d20       0x34 zephyr/libzephyr.a(thread_entry.c.obj)
                0x0000000000000d20                z_thread_entry
 .text.sys_heap_init
                0x0000000000000d54      0x11c zephyr/libzephyr.a(heap.c.obj)
                0x0000000000000d54                sys_heap_init
 .text.process_event
                0x0000000000000e70      0x3b0 zephyr/libzephyr.a(onoff.c.obj)
 .text.transition_complete
                0x0000000000001220       0x64 zephyr/libzephyr.a(onoff.c.obj)
 .text.onoff_request
                0x0000000000001284      0x134 zephyr/libzephyr.a(onoff.c.obj)
                0x0000000000001284                onoff_request
 .text.sys_notify_finalize
                0x00000000000013b8       0x40 zephyr/libzephyr.a(notify.c.obj)
                0x00000000000013b8                sys_notify_finalize
 .text.mpsc_pbuf_init
                0x00000000000013f8       0x64 zephyr/libzephyr.a(mpsc_pbuf.c.obj)
                0x00000000000013f8                mpsc_pbuf_init
 .text.mpsc_pbuf_alloc
                0x000000000000145c      0x184 zephyr/libzephyr.a(mpsc_pbuf.c.obj)
                0x000000000000145c                mpsc_pbuf_alloc
 .text.mpsc_pbuf_commit
                0x00000000000015e0       0xb0 zephyr/libzephyr.a(mpsc_pbuf.c.obj)
                0x00000000000015e0                mpsc_pbuf_commit
 .text.mpsc_pbuf_claim
                0x0000000000001690      0x114 zephyr/libzephyr.a(mpsc_pbuf.c.obj)
                0x0000000000001690                mpsc_pbuf_claim
 .text.mpsc_pbuf_free
                0x00000000000017a4       0xe4 zephyr/libzephyr.a(mpsc_pbuf.c.obj)
                0x00000000000017a4                mpsc_pbuf_free
 .text.z_log_init.isra.0
                0x0000000000001888      0x124 zephyr/libzephyr.a(log_core.c.obj)
 .text.log_format_func_t_get
                0x00000000000019ac        0xc zephyr/libzephyr.a(log_core.c.obj)
                0x00000000000019ac                log_format_func_t_get
 .text.log_set_timestamp_func
                0x00000000000019b8       0x20 zephyr/libzephyr.a(log_core.c.obj)
                0x00000000000019b8                log_set_timestamp_func
 .text.z_log_notify_backend_enabled
                0x00000000000019d8        0xc zephyr/libzephyr.a(log_core.c.obj)
                0x00000000000019d8                z_log_notify_backend_enabled
 .text.z_log_dropped
                0x00000000000019e4       0x30 zephyr/libzephyr.a(log_core.c.obj)
                0x00000000000019e4                z_log_dropped
 .text.z_log_dropped_read_and_clear
                0x0000000000001a14       0x20 zephyr/libzephyr.a(log_core.c.obj)
                0x0000000000001a14                z_log_dropped_read_and_clear
 .text.dropped_notify
                0x0000000000001a34       0x60 zephyr/libzephyr.a(log_core.c.obj)
                0x0000000000001a34                dropped_notify
 .text.z_log_msg_init
                0x0000000000001a94       0x20 zephyr/libzephyr.a(log_core.c.obj)
                0x0000000000001a94                z_log_msg_init
 .text.log_core_init
                0x0000000000001ab4       0x34 zephyr/libzephyr.a(log_core.c.obj)
                0x0000000000001ab4                log_core_init
 .text.z_log_msg_alloc
                0x0000000000001ae8       0x10 zephyr/libzephyr.a(log_core.c.obj)
                0x0000000000001ae8                z_log_msg_alloc
 .text.z_log_msg_local_claim
                0x0000000000001af8        0xc zephyr/libzephyr.a(log_core.c.obj)
                0x0000000000001af8                z_log_msg_local_claim
 .text.z_log_msg_free
                0x0000000000001b04       0x10 zephyr/libzephyr.a(log_core.c.obj)
                0x0000000000001b04                z_log_msg_free
 .text.z_log_msg_pending
                0x0000000000001b14        0xc zephyr/libzephyr.a(log_core.c.obj)
                0x0000000000001b14                z_log_msg_pending
 .text.z_impl_log_process
                0x0000000000001b20       0xec zephyr/libzephyr.a(log_core.c.obj)
                0x0000000000001b20                z_impl_log_process
 .text.z_log_msg_post_finalize
                0x0000000000001c0c       0xe0 zephyr/libzephyr.a(log_core.c.obj)
 .text.z_log_msg_commit
                0x0000000000001cec       0x24 zephyr/libzephyr.a(log_core.c.obj)
                0x0000000000001cec                z_log_msg_commit
 .text.z_impl_log_panic
                0x0000000000001d10       0x74 zephyr/libzephyr.a(log_core.c.obj)
                0x0000000000001d10                z_impl_log_panic
 .text.log_source_name_get
                0x0000000000001d84       0x1c zephyr/libzephyr.a(log_mgmt.c.obj)
                0x0000000000001d84                log_source_name_get
 .text.log_backend_enable
                0x0000000000001da0       0x4c zephyr/libzephyr.a(log_mgmt.c.obj)
                0x0000000000001da0                log_backend_enable
 .text.z_impl_z_log_msg_static_create
                0x0000000000001dec      0x12c zephyr/libzephyr.a(log_msg.c.obj)
                0x0000000000001dec                z_impl_z_log_msg_static_create
 .text.z_log_msg_runtime_vcreate
                0x0000000000001f18       0xc8 zephyr/libzephyr.a(log_msg.c.obj)
                0x0000000000001f18                z_log_msg_runtime_vcreate
 .text.print_formatted
                0x0000000000001fe0       0x24 zephyr/libzephyr.a(log_output.c.obj)
 .text.newline_print
                0x0000000000002004       0x1c zephyr/libzephyr.a(log_output.c.obj)
 .text.out_func
                0x0000000000002020       0x60 zephyr/libzephyr.a(log_output.c.obj)
 .text.log_output_process
                0x0000000000002080      0x2f0 zephyr/libzephyr.a(log_output.c.obj)
                0x0000000000002080                log_output_process
 .text.log_output_msg_process
                0x0000000000002370       0x70 zephyr/libzephyr.a(log_output.c.obj)
                0x0000000000002370                log_output_msg_process
 .text.log_output_dropped_process
                0x00000000000023e0       0x58 zephyr/libzephyr.a(log_output.c.obj)
                0x00000000000023e0                log_output_dropped_process
 .text.log_output_timestamp_freq_set
                0x0000000000002438       0x2c zephyr/libzephyr.a(log_output.c.obj)
                0x0000000000002438                log_output_timestamp_freq_set
 .text.log_backend_rtt_init
                0x0000000000002464        0xc zephyr/libzephyr.a(log_backend_rtt.c.obj)
 .text.format_set
                0x0000000000002470        0xc zephyr/libzephyr.a(log_backend_rtt.c.obj)
 .text.panic    0x000000000000247c       0x14 zephyr/libzephyr.a(log_backend_rtt.c.obj)
 .text.dropped  0x0000000000002490        0xc zephyr/libzephyr.a(log_backend_rtt.c.obj)
 .text.process  0x000000000000249c       0x24 zephyr/libzephyr.a(log_backend_rtt.c.obj)
 .text.on_failed_write
                0x00000000000024c0       0x28 zephyr/libzephyr.a(log_backend_rtt.c.obj)
 .text.data_out_block_mode
                0x00000000000024e8       0x84 zephyr/libzephyr.a(log_backend_rtt.c.obj)
 .text.char_out
                0x000000000000256c       0x24 zephyr/libzephyr.a(log_backend_uart.c.obj)
 .text.log_backend_uart_init
                0x0000000000002590       0x3c zephyr/libzephyr.a(log_backend_uart.c.obj)
 .text.mem_attr_get_regions
                0x00000000000025cc        0xc zephyr/libzephyr.a(mem_attr.c.obj)
                0x00000000000025cc                mem_attr_get_regions
 .text.z_arm_fatal_error
                0x00000000000025d8       0xa0 zephyr/arch/arch/arm/core/libarch__arm__core.a(fatal.c.obj)
                0x00000000000025d8                z_arm_fatal_error
 .text.z_SysNmiOnReset
                0x0000000000002678        0x8 zephyr/arch/arch/arm/core/libarch__arm__core.a(nmi_on_reset.S.obj)
                0x0000000000002678                z_SysNmiOnReset
 .text.arch_tls_stack_setup
                0x0000000000002680       0x5c zephyr/arch/arch/arm/core/libarch__arm__core.a(tls.c.obj)
                0x0000000000002680                arch_tls_stack_setup
 .text._HandlerModeExit
                0x00000000000026dc       0x1c zephyr/arch/arch/arm/core/cortex_m/libarch__arm__core__cortex_m.a(exc_exit.S.obj)
                0x00000000000026dc                z_arm_exc_exit
                0x00000000000026dc                z_arm_int_exit
 .text.bus_fault.constprop.0
                0x00000000000026f8       0xd0 zephyr/arch/arch/arm/core/cortex_m/libarch__arm__core__cortex_m.a(fault.c.obj)
 .text.usage_fault.constprop.0
                0x00000000000027c8       0xa8 zephyr/arch/arch/arm/core/cortex_m/libarch__arm__core__cortex_m.a(fault.c.obj)
 .text.mem_manage_fault
                0x0000000000002870      0x138 zephyr/arch/arch/arm/core/cortex_m/libarch__arm__core__cortex_m.a(fault.c.obj)
 .text.z_arm_fault
                0x00000000000029a8      0x238 zephyr/arch/arch/arm/core/cortex_m/libarch__arm__core__cortex_m.a(fault.c.obj)
                0x00000000000029a8                z_arm_fault
 .text.z_arm_fault_init
                0x0000000000002be0       0x10 zephyr/arch/arch/arm/core/cortex_m/libarch__arm__core__cortex_m.a(fault.c.obj)
                0x0000000000002be0                z_arm_fault_init
 .text.__fault  0x0000000000002bf0       0x14 zephyr/arch/arch/arm/core/cortex_m/libarch__arm__core__cortex_m.a(fault_s.S.obj)
                0x0000000000002bf0                z_arm_bus_fault
                0x0000000000002bf0                z_arm_usage_fault
                0x0000000000002bf0                z_arm_mpu_fault
                0x0000000000002bf0                z_arm_exc_spurious
                0x0000000000002bf0                z_arm_debug_monitor
                0x0000000000002bf0                z_arm_hard_fault
 .text._reset_section
                0x0000000000002c04       0x54 zephyr/arch/arch/arm/core/cortex_m/libarch__arm__core__cortex_m.a(reset.S.obj)
                0x0000000000002c04                z_arm_reset
                0x0000000000002c04                __start
 .text.sys_arch_reboot
                0x0000000000002c58       0x24 zephyr/arch/arch/arm/core/cortex_m/libarch__arm__core__cortex_m.a(scb.c.obj)
                0x0000000000002c58                sys_arch_reboot
 .text.z_arm_clear_arm_mpu_config
                0x0000000000002c7c       0x24 zephyr/arch/arch/arm/core/cortex_m/libarch__arm__core__cortex_m.a(scb.c.obj)
                0x0000000000002c7c                z_arm_clear_arm_mpu_config
 .text.z_arm_init_arch_hw_at_boot
                0x0000000000002ca0       0x64 zephyr/arch/arch/arm/core/cortex_m/libarch__arm__core__cortex_m.a(scb.c.obj)
                0x0000000000002ca0                z_arm_init_arch_hw_at_boot
 .text.z_impl_k_thread_abort
                0x0000000000002d04       0x2c zephyr/arch/arch/arm/core/cortex_m/libarch__arm__core__cortex_m.a(thread_abort.c.obj)
                0x0000000000002d04                z_impl_k_thread_abort
 .text.arch_swap
                0x0000000000002d30       0x30 zephyr/arch/arch/arm/core/cortex_m/libarch__arm__core__cortex_m.a(swap.c.obj)
                0x0000000000002d30                arch_swap
 .text.z_arm_pendsv
                0x0000000000002d60       0x64 zephyr/arch/arch/arm/core/cortex_m/libarch__arm__core__cortex_m.a(swap_helper.S.obj)
                0x0000000000002d60                z_arm_pendsv
 .text.z_arm_svc
                0x0000000000002dc4       0x20 zephyr/arch/arch/arm/core/cortex_m/libarch__arm__core__cortex_m.a(swap_helper.S.obj)
                0x0000000000002dc4                z_arm_svc
 .text.arch_irq_enable
                0x0000000000002de4       0x1c zephyr/arch/arch/arm/core/cortex_m/libarch__arm__core__cortex_m.a(irq_manage.c.obj)
                0x0000000000002de4                arch_irq_enable
 .text.arch_irq_is_enabled
                0x0000000000002e00       0x1c zephyr/arch/arch/arm/core/cortex_m/libarch__arm__core__cortex_m.a(irq_manage.c.obj)
                0x0000000000002e00                arch_irq_is_enabled
 .text.z_arm_irq_priority_set
                0x0000000000002e1c       0x68 zephyr/arch/arch/arm/core/cortex_m/libarch__arm__core__cortex_m.a(irq_manage.c.obj)
                0x0000000000002e1c                z_arm_irq_priority_set
 .text.z_arm_prep_c
                0x0000000000002e84       0x38 zephyr/arch/arch/arm/core/cortex_m/libarch__arm__core__cortex_m.a(prep_c.c.obj)
                0x0000000000002e84                z_arm_prep_c
 .text.arch_new_thread
                0x0000000000002ebc       0x38 zephyr/arch/arch/arm/core/cortex_m/libarch__arm__core__cortex_m.a(thread.c.obj)
                0x0000000000002ebc                arch_new_thread
 .text.z_check_thread_stack_fail
                0x0000000000002ef4       0x2c zephyr/arch/arch/arm/core/cortex_m/libarch__arm__core__cortex_m.a(thread.c.obj)
                0x0000000000002ef4                z_check_thread_stack_fail
 .text.arch_switch_to_main_thread
                0x0000000000002f20       0x38 zephyr/arch/arch/arm/core/cortex_m/libarch__arm__core__cortex_m.a(thread.c.obj)
                0x0000000000002f20                arch_switch_to_main_thread
 .text.z_arm_cpu_idle_init
                0x0000000000002f58        0xc zephyr/arch/arch/arm/core/cortex_m/libarch__arm__core__cortex_m.a(cpu_idle.S.obj)
                0x0000000000002f58                z_arm_cpu_idle_init
 .text.arch_cpu_idle
                0x0000000000002f64       0x1c zephyr/arch/arch/arm/core/cortex_m/libarch__arm__core__cortex_m.a(cpu_idle.S.obj)
                0x0000000000002f64                arch_cpu_idle
 .text.arch_cpu_atomic_idle
                0x0000000000002f80       0x18 zephyr/arch/arch/arm/core/cortex_m/libarch__arm__core__cortex_m.a(cpu_idle.S.obj)
                0x0000000000002f80                arch_cpu_atomic_idle
 .text.z_arm_interrupt_init
                0x0000000000002f98       0x18 zephyr/arch/arch/arm/core/cortex_m/libarch__arm__core__cortex_m.a(irq_init.c.obj)
                0x0000000000002f98                z_arm_interrupt_init
 .text._isr_wrapper
                0x0000000000002fb0       0x28 zephyr/arch/arch/arm/core/cortex_m/libarch__arm__core__cortex_m.a(isr_wrapper.S.obj)
                0x0000000000002fb0                _isr_wrapper
 .text.z_arm_configure_static_mpu_regions
                0x0000000000002fd8       0x18 zephyr/arch/arch/arm/core/mpu/libarch__arm__core__mpu.a(arm_core_mpu.c.obj)
                0x0000000000002fd8                z_arm_configure_static_mpu_regions
 .text.z_arm_configure_dynamic_mpu_regions
                0x0000000000002ff0       0x20 zephyr/arch/arch/arm/core/mpu/libarch__arm__core__mpu.a(arm_core_mpu.c.obj)
                0x0000000000002ff0                z_arm_configure_dynamic_mpu_regions
 .text.region_allocate_and_init
                0x0000000000003010       0x48 zephyr/arch/arch/arm/core/mpu/libarch__arm__core__mpu.a(arm_mpu.c.obj)
 .text.mpu_configure_regions
                0x0000000000003058       0x68 zephyr/arch/arch/arm/core/mpu/libarch__arm__core__mpu.a(arm_mpu.c.obj)
 .text.arm_core_mpu_enable
                0x00000000000030c0       0x18 zephyr/arch/arch/arm/core/mpu/libarch__arm__core__mpu.a(arm_mpu.c.obj)
                0x00000000000030c0                arm_core_mpu_enable
 .text.arm_core_mpu_disable
                0x00000000000030d8       0x14 zephyr/arch/arch/arm/core/mpu/libarch__arm__core__mpu.a(arm_mpu.c.obj)
                0x00000000000030d8                arm_core_mpu_disable
 .text.arm_core_mpu_configure_static_mpu_regions
                0x00000000000030ec       0x4c zephyr/arch/arch/arm/core/mpu/libarch__arm__core__mpu.a(arm_mpu.c.obj)
                0x00000000000030ec                arm_core_mpu_configure_static_mpu_regions
 .text.arm_core_mpu_configure_dynamic_mpu_regions
                0x0000000000003138       0x64 zephyr/arch/arch/arm/core/mpu/libarch__arm__core__mpu.a(arm_mpu.c.obj)
                0x0000000000003138                arm_core_mpu_configure_dynamic_mpu_regions
 .text.z_arm_mpu_init
                0x000000000000319c      0x200 zephyr/arch/arch/arm/core/mpu/libarch__arm__core__mpu.a(arm_mpu.c.obj)
                0x000000000000319c                z_arm_mpu_init
 .text.z_impl_zephyr_fputc
                0x000000000000339c       0x10 zephyr/lib/libc/picolibc/liblib__libc__picolibc.a(libc-hooks.c.obj)
                0x000000000000339c                z_impl_zephyr_fputc
 .text.__stdout_hook_install
                0x00000000000033ac       0x18 zephyr/lib/libc/picolibc/liblib__libc__picolibc.a(libc-hooks.c.obj)
                0x00000000000033ac                __stdout_hook_install
 .text.cbvprintf
                0x00000000000033c4       0x38 zephyr/lib/libc/picolibc/liblib__libc__picolibc.a(libc-hooks.c.obj)
                0x00000000000033c4                cbvprintf
 .text.malloc_prepare
                0x00000000000033fc       0x24 zephyr/lib/libc/common/liblib__libc__common.a(malloc.c.obj)
 .text.nordicsemi_nrf52_init
                0x0000000000003420       0x18 zephyr/soc/soc/arm/nordic_nrf/libsoc__arm__nordic_nrf.a(soc.c.obj)
 .text.arch_busy_wait
                0x0000000000003438       0x14 zephyr/soc/soc/arm/nordic_nrf/libsoc__arm__nordic_nrf.a(soc.c.obj)
                0x0000000000003438                arch_busy_wait
 .text.z_arm_platform_init
                0x000000000000344c        0x4 zephyr/soc/soc/arm/nordic_nrf/libsoc__arm__nordic_nrf.a(soc_nrf_common.S.obj)
                0x000000000000344c                z_arm_platform_init
 .text.onoff_start
                0x0000000000003450       0x3c zephyr/drivers/clock_control/libdrivers__clock_control.a(clock_control_nrf.c.obj)
 .text.get_status
                0x000000000000348c       0x38 zephyr/drivers/clock_control/libdrivers__clock_control.a(clock_control_nrf.c.obj)
 .text.stop     0x00000000000034c4       0x7c zephyr/drivers/clock_control/libdrivers__clock_control.a(clock_control_nrf.c.obj)
 .text.onoff_stop
                0x0000000000003540       0x28 zephyr/drivers/clock_control/libdrivers__clock_control.a(clock_control_nrf.c.obj)
 .text.clk_init
                0x0000000000003568       0x58 zephyr/drivers/clock_control/libdrivers__clock_control.a(clock_control_nrf.c.obj)
 .text.clkstarted_handle.constprop.0
                0x00000000000035c0       0x34 zephyr/drivers/clock_control/libdrivers__clock_control.a(clock_control_nrf.c.obj)
 .text.clock_event_handler
                0x00000000000035f4       0x5c zephyr/drivers/clock_control/libdrivers__clock_control.a(clock_control_nrf.c.obj)
 .text.generic_hfclk_start
                0x0000000000003650       0x64 zephyr/drivers/clock_control/libdrivers__clock_control.a(clock_control_nrf.c.obj)
 .text.api_blocking_start
                0x00000000000036b4       0x34 zephyr/drivers/clock_control/libdrivers__clock_control.a(clock_control_nrf.c.obj)
 .text.lfclk_start
                0x00000000000036e8       0x24 zephyr/drivers/clock_control/libdrivers__clock_control.a(clock_control_nrf.c.obj)
 .text.generic_hfclk_stop
                0x000000000000370c       0x34 zephyr/drivers/clock_control/libdrivers__clock_control.a(clock_control_nrf.c.obj)
 .text.z_nrf_clock_control_lf_on
                0x0000000000003740      0x140 zephyr/drivers/clock_control/libdrivers__clock_control.a(clock_control_nrf.c.obj)
                0x0000000000003740                z_nrf_clock_control_lf_on
 .text.uart_console_init
                0x0000000000003880       0x28 zephyr/drivers/console/libdrivers__console.a(uart_console.c.obj)
 .text.console_out
                0x00000000000038a8       0x28 zephyr/drivers/console/libdrivers__console.a(uart_console.c.obj)
 .text.nrf_gpio_pin_port_decode
                0x00000000000038d0       0x3c zephyr/drivers/pinctrl/libdrivers__pinctrl.a(pinctrl_nrf.c.obj)
 .text.pinctrl_configure_pins
                0x000000000000390c      0x168 zephyr/drivers/pinctrl/libdrivers__pinctrl.a(pinctrl_nrf.c.obj)
                0x000000000000390c                pinctrl_configure_pins
 .text.uarte_0_init
                0x0000000000003a74      0x240 zephyr/drivers/serial/libdrivers__serial.a(uart_nrfx_uarte.c.obj)
 .text.uarte_nrfx_poll_out
                0x0000000000003cb4       0xcc zephyr/drivers/serial/libdrivers__serial.a(uart_nrfx_uarte.c.obj)
 .text.sys_clock_timeout_handler
                0x0000000000003d80       0x48 zephyr/drivers/timer/libdrivers__timer.a(nrf_rtc_timer.c.obj)
 .text.z_nrf_rtc_timer_read
                0x0000000000003dc8       0x44 zephyr/drivers/timer/libdrivers__timer.a(nrf_rtc_timer.c.obj)
                0x0000000000003dc8                z_nrf_rtc_timer_read
 .text.rtc_nrf_isr
                0x0000000000003e0c       0xd4 zephyr/drivers/timer/libdrivers__timer.a(nrf_rtc_timer.c.obj)
                0x0000000000003e0c                rtc_nrf_isr
 .text.compare_set.constprop.0.isra.0
                0x0000000000003ee0      0x154 zephyr/drivers/timer/libdrivers__timer.a(nrf_rtc_timer.c.obj)
 .text.sys_clock_driver_init
                0x0000000000004034       0x80 zephyr/drivers/timer/libdrivers__timer.a(nrf_rtc_timer.c.obj)
 .text.sys_clock_set_timeout
                0x00000000000040b4       0x4c zephyr/drivers/timer/libdrivers__timer.a(nrf_rtc_timer.c.obj)
                0x00000000000040b4                sys_clock_set_timeout
 .text.sys_clock_elapsed
                0x0000000000004100       0x14 zephyr/drivers/timer/libdrivers__timer.a(nrf_rtc_timer.c.obj)
                0x0000000000004100                sys_clock_elapsed
 .text.k_sys_fatal_error_handler
                0x0000000000004114       0x20 modules/nrf/lib/fatal_error/lib..__nrf__lib__fatal_error.a(fatal_error.c.obj)
                0x0000000000004114                k_sys_fatal_error_handler
 .text.nrf52_errata_16
                0x0000000000004134       0x28 modules/hal_nordic/nrfx/libmodules__hal_nordic__nrfx.a(system_nrf52.c.obj)
 .text.nvmc_wait
                0x000000000000415c       0x10 modules/hal_nordic/nrfx/libmodules__hal_nordic__nrfx.a(system_nrf52.c.obj)
                0x000000000000415c                nvmc_wait
 .text.SystemInit
                0x000000000000416c      0x278 modules/hal_nordic/nrfx/libmodules__hal_nordic__nrfx.a(system_nrf52.c.obj)
                0x000000000000416c                SystemInit
 .text.nrfx_flag32_alloc
                0x00000000000043e4       0x48 modules/hal_nordic/nrfx/libmodules__hal_nordic__nrfx.a(nrfx_flag32_allocator.c.obj)
                0x00000000000043e4                nrfx_flag32_alloc
 .text.nrfx_gppi_channels_enable
                0x000000000000442c        0xc modules/hal_nordic/nrfx/libmodules__hal_nordic__nrfx.a(nrfx_gppi_ppi.c.obj)
                0x000000000000442c                nrfx_gppi_channels_enable
 .text.clock_stop
                0x0000000000004438       0xf4 modules/hal_nordic/nrfx/libmodules__hal_nordic__nrfx.a(nrfx_clock.c.obj)
 .text.nrfx_clock_init
                0x000000000000452c       0x20 modules/hal_nordic/nrfx/libmodules__hal_nordic__nrfx.a(nrfx_clock.c.obj)
                0x000000000000452c                nrfx_clock_init
 .text.nrfx_clock_enable
                0x000000000000454c       0x4c modules/hal_nordic/nrfx/libmodules__hal_nordic__nrfx.a(nrfx_clock.c.obj)
                0x000000000000454c                nrfx_clock_enable
 .text.nrfx_clock_start
                0x0000000000004598      0x128 modules/hal_nordic/nrfx/libmodules__hal_nordic__nrfx.a(nrfx_clock.c.obj)
                0x0000000000004598                nrfx_clock_start
 .text.nrfx_clock_stop
                0x00000000000046c0       0x38 modules/hal_nordic/nrfx/libmodules__hal_nordic__nrfx.a(nrfx_clock.c.obj)
                0x00000000000046c0                nrfx_clock_stop
 .text.nrfx_power_clock_irq_handler
                0x00000000000046f8       0x68 modules/hal_nordic/nrfx/libmodules__hal_nordic__nrfx.a(nrfx_clock.c.obj)
                0x00000000000046f8                nrfx_power_clock_irq_handler
 .text.nrf_gpio_pin_port_decode
                0x0000000000004760       0x5c modules/hal_nordic/nrfx/libmodules__hal_nordic__nrfx.a(nrfx_gpiote.c.obj)
 .text.nrf_gpiote_in_event_get
                0x00000000000047bc       0x34 modules/hal_nordic/nrfx/libmodules__hal_nordic__nrfx.a(nrfx_gpiote.c.obj)
 .text.call_handler.constprop.0
                0x00000000000047f0       0x3c modules/hal_nordic/nrfx/libmodules__hal_nordic__nrfx.a(nrfx_gpiote.c.obj)
 .text.pin_is_output.constprop.0
                0x000000000000482c       0x14 modules/hal_nordic/nrfx/libmodules__hal_nordic__nrfx.a(nrfx_gpiote.c.obj)
 .text.pin_in_use_by_te.constprop.0
                0x0000000000004840       0x14 modules/hal_nordic/nrfx/libmodules__hal_nordic__nrfx.a(nrfx_gpiote.c.obj)
 .text.pin_out_task_get.isra.0
                0x0000000000004854       0x64 modules/hal_nordic/nrfx/libmodules__hal_nordic__nrfx.a(nrfx_gpiote.c.obj)
 .text.__nrfy_internal_gpiote_events_process.constprop.0
                0x00000000000048b8       0x64 modules/hal_nordic/nrfx/libmodules__hal_nordic__nrfx.a(nrfx_gpiote.c.obj)
 .text.nrfx_gpiote_output_configure
                0x000000000000491c       0xf8 modules/hal_nordic/nrfx/libmodules__hal_nordic__nrfx.a(nrfx_gpiote.c.obj)
                0x000000000000491c                nrfx_gpiote_output_configure
 .text.nrfx_gpiote_init
                0x0000000000004a14       0x7c modules/hal_nordic/nrfx/libmodules__hal_nordic__nrfx.a(nrfx_gpiote.c.obj)
                0x0000000000004a14                nrfx_gpiote_init
 .text.nrfx_gpiote_init_check
                0x0000000000004a90       0x14 modules/hal_nordic/nrfx/libmodules__hal_nordic__nrfx.a(nrfx_gpiote.c.obj)
                0x0000000000004a90                nrfx_gpiote_init_check
 .text.nrfx_gpiote_channel_alloc
                0x0000000000004aa4        0xc modules/hal_nordic/nrfx/libmodules__hal_nordic__nrfx.a(nrfx_gpiote.c.obj)
                0x0000000000004aa4                nrfx_gpiote_channel_alloc
 .text.nrfx_gpiote_out_task_enable
                0x0000000000004ab0       0x74 modules/hal_nordic/nrfx/libmodules__hal_nordic__nrfx.a(nrfx_gpiote.c.obj)
                0x0000000000004ab0                nrfx_gpiote_out_task_enable
 .text.nrfx_gpiote_0_irq_handler
                0x0000000000004b24      0x164 modules/hal_nordic/nrfx/libmodules__hal_nordic__nrfx.a(nrfx_gpiote.c.obj)
                0x0000000000004b24                nrfx_gpiote_0_irq_handler
 .text.nrfx_ppi_channel_alloc
                0x0000000000004c88        0xc modules/hal_nordic/nrfx/libmodules__hal_nordic__nrfx.a(nrfx_ppi.c.obj)
                0x0000000000004c88                nrfx_ppi_channel_alloc
 .text.saadc_busy_check
                0x0000000000004c94       0x1c modules/hal_nordic/nrfx/libmodules__hal_nordic__nrfx.a(nrfx_saadc.c.obj)
 .text.saadc_pre_calibration_state_restore
                0x0000000000004cb0       0x5c modules/hal_nordic/nrfx/libmodules__hal_nordic__nrfx.a(nrfx_saadc.c.obj)
 .text.saadc_channels_deconfig
                0x0000000000004d0c       0x3c modules/hal_nordic/nrfx/libmodules__hal_nordic__nrfx.a(nrfx_saadc.c.obj)
 .text.saadc_channel_count_get
                0x0000000000004d48       0x74 modules/hal_nordic/nrfx/libmodules__hal_nordic__nrfx.a(nrfx_saadc.c.obj)
 .text.__nrfy_internal_saadc_events_process.constprop.0
                0x0000000000004dbc       0x88 modules/hal_nordic/nrfx/libmodules__hal_nordic__nrfx.a(nrfx_saadc.c.obj)
 .text.saadc_generic_mode_set
                0x0000000000004e44      0x110 modules/hal_nordic/nrfx/libmodules__hal_nordic__nrfx.a(nrfx_saadc.c.obj)
 .text.saadc_channel_config
                0x0000000000004f54       0xa0 modules/hal_nordic/nrfx/libmodules__hal_nordic__nrfx.a(nrfx_saadc.c.obj)
 .text.nrfx_saadc_init
                0x0000000000004ff4       0x94 modules/hal_nordic/nrfx/libmodules__hal_nordic__nrfx.a(nrfx_saadc.c.obj)
                0x0000000000004ff4                nrfx_saadc_init
 .text.nrfx_saadc_channel_config
                0x0000000000005088       0x6c modules/hal_nordic/nrfx/libmodules__hal_nordic__nrfx.a(nrfx_saadc.c.obj)
                0x0000000000005088                nrfx_saadc_channel_config
 .text.nrfx_saadc_channels_configured_get
                0x00000000000050f4       0x38 modules/hal_nordic/nrfx/libmodules__hal_nordic__nrfx.a(nrfx_saadc.c.obj)
                0x00000000000050f4                nrfx_saadc_channels_configured_get
 .text.nrfx_saadc_advanced_mode_set
                0x000000000000512c      0x110 modules/hal_nordic/nrfx/libmodules__hal_nordic__nrfx.a(nrfx_saadc.c.obj)
                0x000000000000512c                nrfx_saadc_advanced_mode_set
 .text.nrfx_saadc_buffer_set
                0x000000000000523c       0xb4 modules/hal_nordic/nrfx/libmodules__hal_nordic__nrfx.a(nrfx_saadc.c.obj)
                0x000000000000523c                nrfx_saadc_buffer_set
 .text.nrfx_saadc_mode_trigger
                0x00000000000052f0      0x1a4 modules/hal_nordic/nrfx/libmodules__hal_nordic__nrfx.a(nrfx_saadc.c.obj)
                0x00000000000052f0                nrfx_saadc_mode_trigger
 .text.nrfx_saadc_offset_calibrate
                0x0000000000005494       0xe8 modules/hal_nordic/nrfx/libmodules__hal_nordic__nrfx.a(nrfx_saadc.c.obj)
                0x0000000000005494                nrfx_saadc_offset_calibrate
 .text.nrfx_saadc_irq_handler
                0x000000000000557c      0x19c modules/hal_nordic/nrfx/libmodules__hal_nordic__nrfx.a(nrfx_saadc.c.obj)
                0x000000000000557c                nrfx_saadc_irq_handler
 .text._DoInit  0x0000000000005718       0x60 modules/segger/libmodules__segger.a(SEGGER_RTT.c.obj)
 .text.SEGGER_RTT_WriteSkipNoLock
                0x0000000000005778       0x88 modules/segger/libmodules__segger.a(SEGGER_RTT.c.obj)
                0x0000000000005778                SEGGER_RTT_WriteSkipNoLock
 .text.SEGGER_RTT_HasDataUp
                0x0000000000005800       0x14 modules/segger/libmodules__segger.a(SEGGER_RTT.c.obj)
                0x0000000000005800                SEGGER_RTT_HasDataUp
 .text.zephyr_rtt_mutex_lock
                0x0000000000005814       0x14 modules/segger/libmodules__segger.a(SEGGER_RTT_zephyr.c.obj)
                0x0000000000005814                zephyr_rtt_mutex_lock
 .text.zephyr_rtt_mutex_unlock
                0x0000000000005828        0xc modules/segger/libmodules__segger.a(SEGGER_RTT_zephyr.c.obj)
                0x0000000000005828                zephyr_rtt_mutex_unlock
 .text.z_device_state_init
                0x0000000000005834       0x44 zephyr/kernel/libkernel.a(device.c.obj)
                0x0000000000005834                z_device_state_init
 .text.z_fatal_error
                0x0000000000005878      0x118 zephyr/kernel/libkernel.a(fatal.c.obj)
                0x0000000000005878                z_fatal_error
 .text.z_sys_init_run_level
                0x0000000000005990       0x48 zephyr/kernel/libkernel.a(init.c.obj)
 .text.bg_thread_main
                0x00000000000059d8       0x34 zephyr/kernel/libkernel.a(init.c.obj)
 .text.z_bss_zero
                0x0000000000005a0c       0x18 zephyr/kernel/libkernel.a(init.c.obj)
                0x0000000000005a0c                z_bss_zero
 .text.z_init_cpu
                0x0000000000005a24       0x8c zephyr/kernel/libkernel.a(init.c.obj)
                0x0000000000005a24                z_init_cpu
 .text.z_cstart
                0x0000000000005ab0       0xe0 zephyr/kernel/libkernel.a(init.c.obj)
                0x0000000000005ab0                z_cstart
 .text.z_setup_new_thread
                0x0000000000005b90       0xd0 zephyr/kernel/libkernel.a(thread.c.obj)
                0x0000000000005b90                z_setup_new_thread
 .text.z_init_static_threads
                0x0000000000005c60       0xe4 zephyr/kernel/libkernel.a(thread.c.obj)
                0x0000000000005c60                z_init_static_threads
 .text.z_spin_lock_valid
                0x0000000000005d44       0x1c zephyr/kernel/libkernel.a(thread.c.obj)
                0x0000000000005d44                z_spin_lock_valid
 .text.z_spin_unlock_valid
                0x0000000000005d60       0x20 zephyr/kernel/libkernel.a(thread.c.obj)
                0x0000000000005d60                z_spin_unlock_valid
 .text.z_spin_lock_set_owner
                0x0000000000005d80       0x10 zephyr/kernel/libkernel.a(thread.c.obj)
                0x0000000000005d80                z_spin_lock_set_owner
 .text.idle     0x0000000000005d90       0x48 zephyr/kernel/libkernel.a(idle.c.obj)
                0x0000000000005d90                idle
 .text.z_impl_k_mutex_unlock
                0x0000000000005dd8      0x120 zephyr/kernel/libkernel.a(mutex.c.obj)
                0x0000000000005dd8                z_impl_k_mutex_unlock
 .text.z_impl_k_mutex_lock
                0x0000000000005ef8      0x1a4 zephyr/kernel/libkernel.a(mutex.c.obj)
                0x0000000000005ef8                z_impl_k_mutex_lock
 .text.z_impl_k_sem_give
                0x000000000000609c       0xb0 zephyr/kernel/libkernel.a(sem.c.obj)
                0x000000000000609c                z_impl_k_sem_give
 .text.z_impl_k_sem_take
                0x000000000000614c       0xf8 zephyr/kernel/libkernel.a(sem.c.obj)
                0x000000000000614c                z_impl_k_sem_take
 .text.sliceable
                0x0000000000006244       0x3c zephyr/kernel/libkernel.a(sched.c.obj)
 .text.slice_timeout
                0x0000000000006280       0x60 zephyr/kernel/libkernel.a(sched.c.obj)
 .text.z_reset_time_slice
                0x00000000000062e0       0x50 zephyr/kernel/libkernel.a(sched.c.obj)
                0x00000000000062e0                z_reset_time_slice
 .text.update_cache
                0x0000000000006330       0x68 zephyr/kernel/libkernel.a(sched.c.obj)
 .text.ready_thread
                0x0000000000006398       0x94 zephyr/kernel/libkernel.a(sched.c.obj)
 .text.z_ready_thread
                0x000000000000642c       0x90 zephyr/kernel/libkernel.a(sched.c.obj)
                0x000000000000642c                z_ready_thread
 .text.z_unpend_thread_no_timeout
                0x00000000000064bc       0x94 zephyr/kernel/libkernel.a(sched.c.obj)
                0x00000000000064bc                z_unpend_thread_no_timeout
 .text.z_reschedule
                0x0000000000006550       0x8c zephyr/kernel/libkernel.a(sched.c.obj)
                0x0000000000006550                z_reschedule
 .text.z_sched_start
                0x00000000000065dc       0xa8 zephyr/kernel/libkernel.a(sched.c.obj)
                0x00000000000065dc                z_sched_start
 .text.k_sched_lock
                0x0000000000006684       0xe0 zephyr/kernel/libkernel.a(sched.c.obj)
                0x0000000000006684                k_sched_lock
 .text.k_sched_unlock
                0x0000000000006764       0xec zephyr/kernel/libkernel.a(sched.c.obj)
                0x0000000000006764                k_sched_unlock
 .text.z_priq_dumb_remove
                0x0000000000006850       0x40 zephyr/kernel/libkernel.a(sched.c.obj)
                0x0000000000006850                z_priq_dumb_remove
 .text.move_thread_to_end_of_prio_q
                0x0000000000006890       0xa4 zephyr/kernel/libkernel.a(sched.c.obj)
 .text.z_time_slice
                0x0000000000006934       0xcc zephyr/kernel/libkernel.a(sched.c.obj)
                0x0000000000006934                z_time_slice
 .text.unready_thread
                0x0000000000006a00       0x38 zephyr/kernel/libkernel.a(sched.c.obj)
 .text.add_to_waitq_locked
                0x0000000000006a38       0x7c zephyr/kernel/libkernel.a(sched.c.obj)
 .text.pend_locked
                0x0000000000006ab4       0x30 zephyr/kernel/libkernel.a(sched.c.obj)
 .text.z_pend_curr
                0x0000000000006ae4       0xf4 zephyr/kernel/libkernel.a(sched.c.obj)
                0x0000000000006ae4                z_pend_curr
 .text.z_set_prio
                0x0000000000006bd8      0x128 zephyr/kernel/libkernel.a(sched.c.obj)
                0x0000000000006bd8                z_set_prio
 .text.unpend_thread_no_timeout
                0x0000000000006d00       0x40 zephyr/kernel/libkernel.a(sched.c.obj)
 .text.z_sched_wake_thread
                0x0000000000006d40       0xb4 zephyr/kernel/libkernel.a(sched.c.obj)
                0x0000000000006d40                z_sched_wake_thread
 .text.z_unpend1_no_timeout
                0x0000000000006df4       0x9c zephyr/kernel/libkernel.a(sched.c.obj)
                0x0000000000006df4                z_unpend1_no_timeout
 .text.z_unpend_first_thread
                0x0000000000006e90       0xa4 zephyr/kernel/libkernel.a(sched.c.obj)
                0x0000000000006e90                z_unpend_first_thread
 .text.z_thread_halt
                0x0000000000006f34      0x130 zephyr/kernel/libkernel.a(sched.c.obj)
 .text.z_impl_k_thread_suspend
                0x0000000000007064       0xa4 zephyr/kernel/libkernel.a(sched.c.obj)
                0x0000000000007064                z_impl_k_thread_suspend
 .text.z_sched_init
                0x0000000000007108       0x10 zephyr/kernel/libkernel.a(sched.c.obj)
                0x0000000000007108                z_sched_init
 .text.z_impl_k_yield
                0x0000000000007118      0x134 zephyr/kernel/libkernel.a(sched.c.obj)
                0x0000000000007118                z_impl_k_yield
 .text.z_tick_sleep
                0x000000000000724c      0x148 zephyr/kernel/libkernel.a(sched.c.obj)
 .text.z_impl_k_sleep
                0x0000000000007394       0x68 zephyr/kernel/libkernel.a(sched.c.obj)
                0x0000000000007394                z_impl_k_sleep
 .text.z_impl_k_sched_current_thread_query
                0x00000000000073fc        0xc zephyr/kernel/libkernel.a(sched.c.obj)
                0x00000000000073fc                z_impl_k_sched_current_thread_query
 .text.z_thread_abort
                0x0000000000007408       0xe0 zephyr/kernel/libkernel.a(sched.c.obj)
                0x0000000000007408                z_thread_abort
 .text.z_data_copy
                0x00000000000074e8       0x34 zephyr/kernel/libkernel.a(xip.c.obj)
                0x00000000000074e8                z_data_copy
 .text.elapsed  0x000000000000751c       0x14 zephyr/kernel/libkernel.a(timeout.c.obj)
 .text.next_timeout
                0x0000000000007530       0x40 zephyr/kernel/libkernel.a(timeout.c.obj)
 .text.remove_timeout
                0x0000000000007570       0x38 zephyr/kernel/libkernel.a(timeout.c.obj)
 .text.z_add_timeout
                0x00000000000075a8      0x184 zephyr/kernel/libkernel.a(timeout.c.obj)
                0x00000000000075a8                z_add_timeout
 .text.z_abort_timeout
                0x000000000000772c       0x9c zephyr/kernel/libkernel.a(timeout.c.obj)
                0x000000000000772c                z_abort_timeout
 .text.sys_clock_announce
                0x00000000000077c8      0x160 zephyr/kernel/libkernel.a(timeout.c.obj)
                0x00000000000077c8                sys_clock_announce
 .text.sys_clock_tick_get
                0x0000000000007928       0xa0 zephyr/kernel/libkernel.a(timeout.c.obj)
                0x0000000000007928                sys_clock_tick_get
 .text.z_timer_expiration_handler
                0x00000000000079c8      0x174 zephyr/kernel/libkernel.a(timer.c.obj)
                0x00000000000079c8                z_timer_expiration_handler
 .text.z_impl_k_timer_start
                0x0000000000007b3c       0xe4 zephyr/kernel/libkernel.a(timer.c.obj)
                0x0000000000007b3c                z_impl_k_timer_start
 .text.snprintf
                0x0000000000007c20       0x58 /home/cortex/ncs/toolchains/2be090971e/opt/zephyr-sdk/arm-zephyr-eabi/bin/../lib/gcc/../../picolibc/arm-zephyr-eabi/lib/thumb/v7e-m/nofp/libc.a(libc_tinystdio_snprintf.c.o)
                0x0000000000007c20                snprintf
 .text.__l_vfprintf
                0x0000000000007c78      0x4b8 /home/cortex/ncs/toolchains/2be090971e/opt/zephyr-sdk/arm-zephyr-eabi/bin/../lib/gcc/../../picolibc/arm-zephyr-eabi/lib/thumb/v7e-m/nofp/libc.a(libc_tinystdio_vflprintf.c.o)
                0x0000000000007c78                __l_vfprintf
 .text._OffsetAbsSyms
                0x0000000000008130        0x2 zephyr/CMakeFiles/offsets.dir/./arch/arm/core/offsets/offsets.c.obj
                0x0000000000008130                _OffsetAbsSyms
 .text.cbpprintf_external
                0x0000000000008132       0x62 zephyr/libzephyr.a(cbprintf_packaged.c.obj)
                0x0000000000008132                cbpprintf_external
 .text.is_ptr   0x0000000000008194       0x4a zephyr/libzephyr.a(cbprintf_packaged.c.obj)
                0x0000000000008194                is_ptr
 .text.arch_printk_char_out
                0x00000000000081de        0x4 zephyr/libzephyr.a(printk.c.obj)
                0x00000000000081de                arch_printk_char_out
 .text.vprintk  0x00000000000081e2        0x4 zephyr/libzephyr.a(printk.c.obj)
                0x00000000000081e2                vprintk
 .text.chunk_size
                0x00000000000081e6        0xa zephyr/libzephyr.a(heap.c.obj)
 .text.free_list_add
                0x00000000000081f0       0x4e zephyr/libzephyr.a(heap.c.obj)
 .text.process_recheck
                0x000000000000823e       0x38 zephyr/libzephyr.a(onoff.c.obj)
 .text.validate_args
                0x0000000000008276       0x20 zephyr/libzephyr.a(onoff.c.obj)
 .text.notify_one
                0x0000000000008296       0x2c zephyr/libzephyr.a(onoff.c.obj)
 .text.onoff_manager_init
                0x00000000000082c2       0x26 zephyr/libzephyr.a(onoff.c.obj)
                0x00000000000082c2                onoff_manager_init
 .text.sys_notify_validate
                0x00000000000082e8       0x22 zephyr/libzephyr.a(notify.c.obj)
                0x00000000000082e8                sys_notify_validate
 .text.assert_post_action
                0x000000000000830a        0xe zephyr/libzephyr.a(assert.c.obj)
                0x000000000000830a                assert_post_action
 .text.assert_print
                0x0000000000008318       0x1a zephyr/libzephyr.a(assert.c.obj)
                0x0000000000008318                assert_print
 .text.free_space
                0x0000000000008332       0x26 zephyr/libzephyr.a(mpsc_pbuf.c.obj)
 .text.get_usage
                0x0000000000008358       0x22 zephyr/libzephyr.a(mpsc_pbuf.c.obj)
 .text.idx_inc  0x000000000000837a       0x1c zephyr/libzephyr.a(mpsc_pbuf.c.obj)
 .text.rd_idx_inc
                0x0000000000008396       0x18 zephyr/libzephyr.a(mpsc_pbuf.c.obj)
 .text.add_skip_item
                0x00000000000083ae       0x3a zephyr/libzephyr.a(mpsc_pbuf.c.obj)
 .text.drop_item_locked
                0x00000000000083e8       0xee zephyr/libzephyr.a(mpsc_pbuf.c.obj)
 .text.post_drop_action
                0x00000000000084d6       0x36 zephyr/libzephyr.a(mpsc_pbuf.c.obj)
 .text.max_utilization_update
                0x000000000000850c       0x1a zephyr/libzephyr.a(mpsc_pbuf.c.obj)
 .text.mpsc_pbuf_is_pending
                0x0000000000008526       0x1a zephyr/libzephyr.a(mpsc_pbuf.c.obj)
                0x0000000000008526                mpsc_pbuf_is_pending
 .text._ConfigAbsSyms
                0x0000000000008540        0x2 zephyr/libzephyr.a(configs.c.obj)
                0x0000000000008540                _ConfigAbsSyms
 .text.log_msg_generic_get_wlen
                0x0000000000008542       0x20 zephyr/libzephyr.a(log_core.c.obj)
 .text.dummy_timestamp
                0x0000000000008562        0x4 zephyr/libzephyr.a(log_core.c.obj)
 .text.default_get_timestamp
                0x0000000000008566        0x4 zephyr/libzephyr.a(log_core.c.obj)
 .text.atomic_inc
                0x000000000000856a       0x1a zephyr/libzephyr.a(log_core.c.obj)
 .text.enable_logger
                0x0000000000008584        0xe zephyr/libzephyr.a(log_core.c.obj)
 .text.z_log_vprintk
                0x0000000000008592       0x1c zephyr/libzephyr.a(log_core.c.obj)
                0x0000000000008592                z_log_vprintk
 .text.log_init
                0x00000000000085ae        0x8 zephyr/libzephyr.a(log_core.c.obj)
                0x00000000000085ae                log_init
 .text.z_log_notify_drop
                0x00000000000085b6        0x6 zephyr/libzephyr.a(log_core.c.obj)
 .text.z_log_get_tag
                0x00000000000085bc        0x4 zephyr/libzephyr.a(log_core.c.obj)
                0x00000000000085bc                z_log_get_tag
 .text.z_cbprintf_cpy
                0x00000000000085c0       0x2c zephyr/libzephyr.a(log_msg.c.obj)
 .text.z_log_msg_finalize
                0x00000000000085ec       0x32 zephyr/libzephyr.a(log_msg.c.obj)
                0x00000000000085ec                z_log_msg_finalize
 .text.z_log_msg_simple_create
                0x000000000000861e       0x6e zephyr/libzephyr.a(log_msg.c.obj)
 .text.z_impl_z_log_msg_simple_create_0
                0x000000000000868c       0x12 zephyr/libzephyr.a(log_msg.c.obj)
                0x000000000000868c                z_impl_z_log_msg_simple_create_0
 .text.z_impl_z_log_msg_simple_create_1
                0x000000000000869e       0x14 zephyr/libzephyr.a(log_msg.c.obj)
                0x000000000000869e                z_impl_z_log_msg_simple_create_1
 .text.z_impl_z_log_msg_simple_create_2
                0x00000000000086b2       0x18 zephyr/libzephyr.a(log_msg.c.obj)
                0x00000000000086b2                z_impl_z_log_msg_simple_create_2
 .text.buffer_write
                0x00000000000086ca       0x1a zephyr/libzephyr.a(log_output.c.obj)
 .text.log_output_flush
                0x00000000000086e4       0x1a zephyr/libzephyr.a(log_output.c.obj)
                0x00000000000086e4                log_output_flush
 .text.cr_out_func
                0x00000000000086fe       0x1c zephyr/libzephyr.a(log_output.c.obj)
 .text.format_set
                0x000000000000871a        0xc zephyr/libzephyr.a(log_backend_uart.c.obj)
 .text.panic    0x0000000000008726       0x10 zephyr/libzephyr.a(log_backend_uart.c.obj)
 .text.dropped  0x0000000000008736        0xa zephyr/libzephyr.a(log_backend_uart.c.obj)
 .text.process  0x0000000000008740       0x1e zephyr/libzephyr.a(log_backend_uart.c.obj)
 .text.z_do_kernel_oops
                0x000000000000875e        0x8 zephyr/arch/arch/arm/core/libarch__arm__core.a(fatal.c.obj)
                0x000000000000875e                z_do_kernel_oops
 .text.z_arm_nmi
                0x0000000000008766        0xe zephyr/arch/arch/arm/core/libarch__arm__core.a(nmi.c.obj)
                0x0000000000008766                z_arm_nmi
 .text.z_log_msg_simple_create_0.constprop.0
                0x0000000000008774        0x8 zephyr/arch/arch/arm/core/cortex_m/libarch__arm__core__cortex_m.a(fault.c.obj)
 .text.z_irq_spurious
                0x000000000000877c        0x8 zephyr/arch/arch/arm/core/cortex_m/libarch__arm__core__cortex_m.a(irq_manage.c.obj)
                0x000000000000877c                z_irq_spurious
 .text.size_to_mpu_rasr_size
                0x0000000000008784       0x20 zephyr/arch/arch/arm/core/mpu/libarch__arm__core__mpu.a(arm_mpu.c.obj)
 .text.cbputc   0x00000000000087a4        0xc zephyr/lib/libc/picolibc/liblib__libc__picolibc.a(libc-hooks.c.obj)
 .text.picolibc_put
                0x00000000000087b0        0xa zephyr/lib/libc/picolibc/liblib__libc__picolibc.a(libc-hooks.c.obj)
 .text.set_on_state
                0x00000000000087ba       0x26 zephyr/drivers/clock_control/libdrivers__clock_control.a(clock_control_nrf.c.obj)
 .text.async_start
                0x00000000000087e0       0x5c zephyr/drivers/clock_control/libdrivers__clock_control.a(clock_control_nrf.c.obj)
 .text.api_start
                0x000000000000883c        0xe zephyr/drivers/clock_control/libdrivers__clock_control.a(clock_control_nrf.c.obj)
 .text.onoff_started_callback
                0x000000000000884a        0xc zephyr/drivers/clock_control/libdrivers__clock_control.a(clock_control_nrf.c.obj)
 .text.lfclk_stop
                0x0000000000008856        0x6 zephyr/drivers/clock_control/libdrivers__clock_control.a(clock_control_nrf.c.obj)
 .text.blocking_start_callback
                0x000000000000885c        0x6 zephyr/drivers/clock_control/libdrivers__clock_control.a(clock_control_nrf.c.obj)
 .text.api_stop
                0x0000000000008862        0x6 zephyr/drivers/clock_control/libdrivers__clock_control.a(clock_control_nrf.c.obj)
 .text.pinctrl_lookup_state
                0x0000000000008868       0x26 zephyr/drivers/pinctrl/libdrivers__pinctrl.a(common.c.obj)
                0x0000000000008868                pinctrl_lookup_state
 .text.uarte_nrfx_err_check
                0x000000000000888e        0xe zephyr/drivers/serial/libdrivers__serial.a(uart_nrfx_uarte.c.obj)
 .text.uarte_nrfx_poll_in
                0x000000000000889c       0x28 zephyr/drivers/serial/libdrivers__serial.a(uart_nrfx_uarte.c.obj)
 .text.is_tx_ready.isra.0
                0x00000000000088c4       0x20 zephyr/drivers/serial/libdrivers__serial.a(uart_nrfx_uarte.c.obj)
 .text.uarte_nrfx_isr_int
                0x00000000000088e4       0x72 zephyr/drivers/serial/libdrivers__serial.a(uart_nrfx_uarte.c.obj)
 .text.sys_clock_cycle_get_32
                0x0000000000008956        0x8 zephyr/drivers/timer/libdrivers__timer.a(nrf_rtc_timer.c.obj)
                0x0000000000008956                sys_clock_cycle_get_32
 .text.nrf52_errata_12
                0x000000000000895e       0x1c modules/hal_nordic/nrfx/libmodules__hal_nordic__nrfx.a(system_nrf52.c.obj)
 .text.nrfx_isr
                0x000000000000897a        0x2 modules/hal_nordic/nrfx/libmodules__hal_nordic__nrfx.a(nrfx_glue.c.obj)
                0x000000000000897a                nrfx_isr
 .text.nrfx_busy_wait
                0x000000000000897c        0x4 modules/hal_nordic/nrfx/libmodules__hal_nordic__nrfx.a(nrfx_glue.c.obj)
                0x000000000000897c                nrfx_busy_wait
 .text.nrfx_gppi_channel_endpoints_setup
                0x0000000000008980       0x14 modules/hal_nordic/nrfx/libmodules__hal_nordic__nrfx.a(nrfx_gppi_ppi.c.obj)
                0x0000000000008980                nrfx_gppi_channel_endpoints_setup
 .text.nrfx_gppi_channel_alloc
                0x0000000000008994        0x4 modules/hal_nordic/nrfx/libmodules__hal_nordic__nrfx.a(nrfx_gppi_ppi.c.obj)
                0x0000000000008994                nrfx_gppi_channel_alloc
 .text.nrf_gpio_pin_present_check
                0x0000000000008998       0x14 modules/hal_nordic/nrfx/libmodules__hal_nordic__nrfx.a(nrfx_gpiote.c.obj)
 .text.nrf_gpio_reconfigure
                0x00000000000089ac       0x9a modules/hal_nordic/nrfx/libmodules__hal_nordic__nrfx.a(nrfx_gpiote.c.obj)
 .text.nrf_gpio_cfg_sense_set
                0x0000000000008a46       0x1e modules/hal_nordic/nrfx/libmodules__hal_nordic__nrfx.a(nrfx_gpiote.c.obj)
 .text.latch_pending_read_and_check
                0x0000000000008a64       0x1c modules/hal_nordic/nrfx/libmodules__hal_nordic__nrfx.a(nrfx_gpiote.c.obj)
 .text.pin_is_task_output.isra.0
                0x0000000000008a80       0x16 modules/hal_nordic/nrfx/libmodules__hal_nordic__nrfx.a(nrfx_gpiote.c.obj)
 .text.nrfx_gpiote_out_task_address_get
                0x0000000000008a96       0x10 modules/hal_nordic/nrfx/libmodules__hal_nordic__nrfx.a(nrfx_gpiote.c.obj)
                0x0000000000008a96                nrfx_gpiote_out_task_address_get
 .text.__nrfy_internal_saadc_event_handle.constprop.0
                0x0000000000008aa6       0x2e modules/hal_nordic/nrfx/libmodules__hal_nordic__nrfx.a(nrfx_saadc.c.obj)
 .text.__nrfy_internal_saadc_buffer_latch.part.0.constprop.0
                0x0000000000008ad4       0x10 modules/hal_nordic/nrfx/libmodules__hal_nordic__nrfx.a(nrfx_saadc.c.obj)
 .text.SEGGER_RTT_Init
                0x0000000000008ae4        0x4 modules/segger/libmodules__segger.a(SEGGER_RTT.c.obj)
                0x0000000000008ae4                SEGGER_RTT_Init
 .text.rtt_init
                0x0000000000008ae8        0xa modules/segger/libmodules__segger.a(SEGGER_RTT_zephyr.c.obj)
 .text.z_impl_k_busy_wait
                0x0000000000008af2        0x8 zephyr/kernel/libkernel.a(busy_wait.c.obj)
                0x0000000000008af2                z_impl_k_busy_wait
 .text.z_device_is_ready
                0x0000000000008afa       0x16 zephyr/kernel/libkernel.a(device.c.obj)
                0x0000000000008afa                z_device_is_ready
 .text.z_early_memset
                0x0000000000008b10        0x4 zephyr/kernel/libkernel.a(init.c.obj)
                0x0000000000008b10                z_early_memset
 .text.z_early_memcpy
                0x0000000000008b14        0x4 zephyr/kernel/libkernel.a(init.c.obj)
                0x0000000000008b14                z_early_memcpy
 .text.k_is_in_isr
                0x0000000000008b18        0xc zephyr/kernel/libkernel.a(thread.c.obj)
                0x0000000000008b18                k_is_in_isr
 .text.k_thread_name_get
                0x0000000000008b24        0x4 zephyr/kernel/libkernel.a(thread.c.obj)
                0x0000000000008b24                k_thread_name_get
 .text.adjust_owner_prio.isra.0
                0x0000000000008b28       0x10 zephyr/kernel/libkernel.a(mutex.c.obj)
 .text.z_impl_k_sem_init
                0x0000000000008b38       0x18 zephyr/kernel/libkernel.a(sem.c.obj)
                0x0000000000008b38                z_impl_k_sem_init
 .text.z_reschedule_irqlock
                0x0000000000008b50       0x18 zephyr/kernel/libkernel.a(sched.c.obj)
                0x0000000000008b50                z_reschedule_irqlock
 .text.z_reschedule_unlocked
                0x0000000000008b68       0x14 zephyr/kernel/libkernel.a(sched.c.obj)
 .text.z_thread_timeout
                0x0000000000008b7c        0x8 zephyr/kernel/libkernel.a(sched.c.obj)
                0x0000000000008b7c                z_thread_timeout
 .text.sys_clock_tick_get_32
                0x0000000000008b84        0x8 zephyr/kernel/libkernel.a(timeout.c.obj)
                0x0000000000008b84                sys_clock_tick_get_32
 .text.z_impl_k_uptime_ticks
                0x0000000000008b8c        0x4 zephyr/kernel/libkernel.a(timeout.c.obj)
                0x0000000000008b8c                z_impl_k_uptime_ticks
 .text.z_impl_k_timer_stop
                0x0000000000008b90       0x3a zephyr/kernel/libkernel.a(timer.c.obj)
                0x0000000000008b90                z_impl_k_timer_stop
 .text.boot_banner
                0x0000000000008bca        0x2 zephyr/kernel/libkernel.a(banner.c.obj)
                0x0000000000008bca                boot_banner
 .text.strnlen  0x0000000000008bcc       0x18 /home/cortex/ncs/toolchains/2be090971e/opt/zephyr-sdk/arm-zephyr-eabi/bin/../lib/gcc/../../picolibc/arm-zephyr-eabi/lib/thumb/v7e-m/nofp/libc.a(libc_string_strnlen.c.o)
                0x0000000000008bcc                strnlen
 .text.__ultoa_invert
                0x0000000000008be4       0xae /home/cortex/ncs/toolchains/2be090971e/opt/zephyr-sdk/arm-zephyr-eabi/bin/../lib/gcc/../../picolibc/arm-zephyr-eabi/lib/thumb/v7e-m/nofp/libc.a(libc_tinystdio_vflprintf.c.o)
 .text.memcpy   0x0000000000008c92       0x1c /home/cortex/ncs/toolchains/2be090971e/opt/zephyr-sdk/arm-zephyr-eabi/bin/../lib/gcc/../../picolibc/arm-zephyr-eabi/lib/thumb/v7e-m/nofp/libc.a(memcpy.c.o)
                0x0000000000008c92                memcpy
                0x0000000000008c92                __aeabi_memcpy
                0x0000000000008c92                __aeabi_memcpy4
                0x0000000000008c92                __aeabi_memcpy8
 .text.memset   0x0000000000008cae       0x10 /home/cortex/ncs/toolchains/2be090971e/opt/zephyr-sdk/arm-zephyr-eabi/bin/../lib/gcc/../../picolibc/arm-zephyr-eabi/lib/thumb/v7e-m/nofp/libc.a(memset.c.o)
                0x0000000000008cae                memset
 .text.__file_str_put
                0x0000000000008cbe       0x10 /home/cortex/ncs/toolchains/2be090971e/opt/zephyr-sdk/arm-zephyr-eabi/bin/../lib/gcc/../../picolibc/arm-zephyr-eabi/lib/thumb/v7e-m/nofp/libc.a(libc_tinystdio_filestrput.c.o)
                0x0000000000008cbe                __file_str_put
 *(SORT_BY_ALIGNMENT(.TEXT.*))
 *fill*         0x0000000000008cce        0x2 
 .TEXT.__aeabi_read_tp
                0x0000000000008cd0        0xc zephyr/arch/arch/arm/core/cortex_m/libarch__arm__core__cortex_m.a(__aeabi_read_tp.S.obj)
                0x0000000000008cd0                __aeabi_read_tp
 *(SORT_BY_ALIGNMENT(.gnu.linkonce.t.*))
 *(SORT_BY_ALIGNMENT(.glue_7t))
 .glue_7t       0x0000000000008cdc        0x0 linker stubs
 *(SORT_BY_ALIGNMENT(.glue_7))
 .glue_7        0x0000000000008cdc        0x0 linker stubs
 *(SORT_BY_ALIGNMENT(.vfp11_veneer))
 .vfp11_veneer  0x0000000000008cdc        0x0 linker stubs
 *(SORT_BY_ALIGNMENT(.v4_bx))
 .v4_bx         0x0000000000008cdc        0x0 linker stubs
                0x0000000000008cdc                . = ALIGN (0x4)
                0x0000000000008cdc                __text_region_end = .

.ARM.exidx      0x0000000000008cdc        0x8
                0x0000000000008cdc                __exidx_start = .
 *(SORT_BY_ALIGNMENT(.ARM.exidx*) SORT_BY_ALIGNMENT(gnu.linkonce.armexidx.*))
 .ARM.exidx     0x0000000000008cdc        0x8 /home/cortex/ncs/toolchains/2be090971e/opt/zephyr-sdk/arm-zephyr-eabi/bin/../lib/gcc/../../picolibc/arm-zephyr-eabi/lib/thumb/v7e-m/nofp/libc.a(strlen.S.o)
                0x0000000000008ce4                __exidx_end = .
                0x0000000000008ce4                __rodata_region_start = .

initlevel       0x0000000000008ce4       0x40
                0x0000000000008ce4                __init_start = .
                0x0000000000008ce4                __init_EARLY_start = .
 *(SORT_BY_NAME(SORT_BY_ALIGNMENT(.z_init_EARLY?_*)))
 *(SORT_BY_NAME(SORT_BY_ALIGNMENT(.z_init_EARLY??_*)))
                0x0000000000008ce4                __init_PRE_KERNEL_1_start = .
 *(SORT_BY_NAME(SORT_BY_ALIGNMENT(.z_init_PRE_KERNEL_1?_*)))
 .z_init_PRE_KERNEL_10_0_
                0x0000000000008ce4        0x8 zephyr/soc/soc/arm/nordic_nrf/libsoc__arm__nordic_nrf.a(soc.c.obj)
 *(SORT_BY_NAME(SORT_BY_ALIGNMENT(.z_init_PRE_KERNEL_1??_*)))
 .z_init_PRE_KERNEL_130_00060_
                0x0000000000008cec        0x8 zephyr/drivers/clock_control/libdrivers__clock_control.a(clock_control_nrf.c.obj)
 .z_init_PRE_KERNEL_130_0_
                0x0000000000008cf4        0x8 modules/segger/libmodules__segger.a(SEGGER_RTT_zephyr.c.obj)
 .z_init_PRE_KERNEL_155_00095_
                0x0000000000008cfc        0x8 zephyr/drivers/serial/libdrivers__serial.a(uart_nrfx_uarte.c.obj)
                0x0000000000008d04                __init_PRE_KERNEL_2_start = .
 *(SORT_BY_NAME(SORT_BY_ALIGNMENT(.z_init_PRE_KERNEL_2?_*)))
 .z_init_PRE_KERNEL_20_0_
                0x0000000000008d04        0x8 zephyr/drivers/timer/libdrivers__timer.a(nrf_rtc_timer.c.obj)
 *(SORT_BY_NAME(SORT_BY_ALIGNMENT(.z_init_PRE_KERNEL_2??_*)))
                0x0000000000008d0c                __init_POST_KERNEL_start = .
 *(SORT_BY_NAME(SORT_BY_ALIGNMENT(.z_init_POST_KERNEL?_*)))
 .z_init_POST_KERNEL0_0_
                0x0000000000008d0c        0x8 zephyr/libzephyr.a(log_core.c.obj)
 *(SORT_BY_NAME(SORT_BY_ALIGNMENT(.z_init_POST_KERNEL??_*)))
 .z_init_POST_KERNEL40_0_
                0x0000000000008d14        0x8 zephyr/lib/libc/common/liblib__libc__common.a(malloc.c.obj)
 .z_init_POST_KERNEL60_0_
                0x0000000000008d1c        0x8 zephyr/drivers/console/libdrivers__console.a(uart_console.c.obj)
                0x0000000000008d24                __init_APPLICATION_start = .
 *(SORT_BY_NAME(SORT_BY_ALIGNMENT(.z_init_APPLICATION?_*)))
 *(SORT_BY_NAME(SORT_BY_ALIGNMENT(.z_init_APPLICATION??_*)))
                0x0000000000008d24                __init_SMP_start = .
 *(SORT_BY_NAME(SORT_BY_ALIGNMENT(.z_init_SMP?_*)))
 *(SORT_BY_NAME(SORT_BY_ALIGNMENT(.z_init_SMP??_*)))
                0x0000000000008d24                __init_end = .

device_area     0x0000000000008d24       0x28
                0x0000000000008d24                _device_list_start = .
 *(SORT_BY_NAME(SORT_BY_ALIGNMENT(._device.static.*_?_*)))
 *(SORT_BY_NAME(SORT_BY_ALIGNMENT(._device.static.*_??_*)))
 ._device.static.1_30_
                0x0000000000008d24       0x14 zephyr/drivers/clock_control/libdrivers__clock_control.a(clock_control_nrf.c.obj)
                0x0000000000008d24                __device_dts_ord_60
 ._device.static.1_55_
                0x0000000000008d38       0x14 zephyr/drivers/serial/libdrivers__serial.a(uart_nrfx_uarte.c.obj)
                0x0000000000008d38                __device_dts_ord_95
                0x0000000000008d4c                _device_list_end = .

sw_isr_table    0x0000000000008d4c      0x138
                0x0000000000008d4c                . = ALIGN (0x4)
 *(SORT_BY_ALIGNMENT(.gnu.linkonce.sw_isr_table*))
 .gnu.linkonce.sw_isr_table
                0x0000000000008d4c      0x138 zephyr/arch/common/libisr_tables.a(isr_tables.c.obj)
                0x0000000000008d4c                _sw_isr_table

initlevel_error
                0x0000000000008ce4        0x0
 *(SORT_BY_NAME(SORT_BY_ALIGNMENT(.z_init_[_A-Z0-9]*)))
                0x0000000000000001                ASSERT ((SIZEOF (initlevel_error) == 0x0), Undefined initialization levels used.)

app_shmem_regions
                0x0000000000008e84        0x0
                0x0000000000008e84                __app_shmem_regions_start = .
 *(SORT_BY_NAME(SORT_BY_ALIGNMENT(.app_regions.*)))
                0x0000000000008e84                __app_shmem_regions_end = .

k_p4wq_initparam_area
                0x0000000000008e84        0x0
                0x0000000000008e84                _k_p4wq_initparam_list_start = .
 *(SORT_BY_NAME(SORT_BY_ALIGNMENT(._k_p4wq_initparam.static.*)))
                0x0000000000008e84                _k_p4wq_initparam_list_end = .

_static_thread_data_area
                0x0000000000008e84        0x0
                0x0000000000008e84                __static_thread_data_list_start = .
 *(SORT_BY_NAME(SORT_BY_ALIGNMENT(.__static_thread_data.static.*)))
                0x0000000000008e84                __static_thread_data_list_end = .

device_deps     0x0000000000008e84        0x0
                0x0000000000008e84                __device_deps_start = .
 *(SORT_BY_NAME(SORT_BY_ALIGNMENT(.__device_deps_pass2*)))
                0x0000000000008e84                __device_deps_end = .

ztest           0x0000000000008e84        0x0
                0x0000000000008e84                _ztest_expected_result_entry_list_start = .
 *(SORT_BY_NAME(SORT_BY_ALIGNMENT(._ztest_expected_result_entry.static.*)))
                0x0000000000008e84                _ztest_expected_result_entry_list_end = .
                0x0000000000008e84                _ztest_suite_node_list_start = .
 *(SORT_BY_NAME(SORT_BY_ALIGNMENT(._ztest_suite_node.static.*)))
                0x0000000000008e84                _ztest_suite_node_list_end = .
                0x0000000000008e84                _ztest_unit_test_list_start = .
 *(SORT_BY_NAME(SORT_BY_ALIGNMENT(._ztest_unit_test.static.*)))
                0x0000000000008e84                _ztest_unit_test_list_end = .
                0x0000000000008e84                _ztest_test_rule_list_start = .
 *(SORT_BY_NAME(SORT_BY_ALIGNMENT(._ztest_test_rule.static.*)))
                0x0000000000008e84                _ztest_test_rule_list_end = .

bt_l2cap_fixed_chan_area
                0x0000000000008e84        0x0
                0x0000000000008e84                _bt_l2cap_fixed_chan_list_start = .
 *(SORT_BY_NAME(SORT_BY_ALIGNMENT(._bt_l2cap_fixed_chan.static.*)))
                0x0000000000008e84                _bt_l2cap_fixed_chan_list_end = .

bt_gatt_service_static_area
                0x0000000000008e84        0x0
                0x0000000000008e84                _bt_gatt_service_static_list_start = .
 *(SORT_BY_NAME(SORT_BY_ALIGNMENT(._bt_gatt_service_static.static.*)))
                0x0000000000008e84                _bt_gatt_service_static_list_end = .

log_strings_area
                0x0000000000008e84        0x0
                0x0000000000008e84                _log_strings_list_start = .
 *(SORT_BY_NAME(SORT_BY_ALIGNMENT(._log_strings.static.*)))
                0x0000000000008e84                _log_strings_list_end = .

log_const_area  0x0000000000008e84       0x58
                0x0000000000008e84                _log_const_list_start = .
 *(SORT_BY_NAME(SORT_BY_ALIGNMENT(._log_const.static.*)))
 ._log_const.static.log_const_NRFX_EXAMPLE_
                0x0000000000008e84        0x8 app/libapp.a(main.c.obj)
                0x0000000000008e84                log_const_NRFX_EXAMPLE
 ._log_const.static.log_const_cbprintf_package_
                0x0000000000008e8c        0x8 zephyr/libzephyr.a(cbprintf_packaged.c.obj)
                0x0000000000008e8c                log_const_cbprintf_package
 ._log_const.static.log_const_clock_control_
                0x0000000000008e94        0x8 zephyr/drivers/clock_control/libdrivers__clock_control.a(clock_control_nrf.c.obj)
                0x0000000000008e94                log_const_clock_control
 ._log_const.static.log_const_fatal_error_
                0x0000000000008e9c        0x8 modules/nrf/lib/fatal_error/lib..__nrf__lib__fatal_error.a(fatal_error.c.obj)
                0x0000000000008e9c                log_const_fatal_error
 ._log_const.static.log_const_log_
                0x0000000000008ea4        0x8 zephyr/libzephyr.a(log_core.c.obj)
                0x0000000000008ea4                log_const_log
 ._log_const.static.log_const_log_mgmt_
                0x0000000000008eac        0x8 zephyr/libzephyr.a(log_mgmt.c.obj)
                0x0000000000008eac                log_const_log_mgmt
 ._log_const.static.log_const_log_uart_
                0x0000000000008eb4        0x8 zephyr/libzephyr.a(log_backend_uart.c.obj)
                0x0000000000008eb4                log_const_log_uart
 ._log_const.static.log_const_mpu_
                0x0000000000008ebc        0x8 zephyr/arch/arch/arm/core/mpu/libarch__arm__core__mpu.a(arm_core_mpu.c.obj)
                0x0000000000008ebc                log_const_mpu
 ._log_const.static.log_const_os_
                0x0000000000008ec4        0x8 zephyr/kernel/libkernel.a(init.c.obj)
                0x0000000000008ec4                log_const_os
 ._log_const.static.log_const_soc_
                0x0000000000008ecc        0x8 zephyr/soc/soc/arm/nordic_nrf/libsoc__arm__nordic_nrf.a(soc.c.obj)
                0x0000000000008ecc                log_const_soc
 ._log_const.static.log_const_uart_nrfx_uarte_
                0x0000000000008ed4        0x8 zephyr/drivers/serial/libdrivers__serial.a(uart_nrfx_uarte.c.obj)
                0x0000000000008ed4                log_const_uart_nrfx_uarte
                0x0000000000008edc                _log_const_list_end = .

log_backend_area
                0x0000000000008edc       0x20
                0x0000000000008edc                _log_backend_list_start = .
 *(SORT_BY_NAME(SORT_BY_ALIGNMENT(._log_backend.static.*)))
 ._log_backend.static.log_backend_rtt_
                0x0000000000008edc       0x10 zephyr/libzephyr.a(log_backend_rtt.c.obj)
 ._log_backend.static.log_backend_uart_
                0x0000000000008eec       0x10 zephyr/libzephyr.a(log_backend_uart.c.obj)
                0x0000000000008efc                _log_backend_list_end = .

log_link_area   0x0000000000008efc        0x0
                0x0000000000008efc                _log_link_list_start = .
 *(SORT_BY_NAME(SORT_BY_ALIGNMENT(._log_link.static.*)))
                0x0000000000008efc                _log_link_list_end = .

tracing_backend_area
                0x0000000000008efc        0x0
                0x0000000000008efc                _tracing_backend_list_start = .
 *(SORT_BY_NAME(SORT_BY_ALIGNMENT(._tracing_backend.static.*)))
                0x0000000000008efc                _tracing_backend_list_end = .

zephyr_dbg_info
 *(SORT_BY_ALIGNMENT(.dbg_thread_info))

symbol_to_keep  0x0000000000008efc        0x0
                0x0000000000008efc                __symbol_to_keep_start = .
 *(SORT_BY_NAME(SORT_BY_ALIGNMENT(.symbol_to_keep*)))
                0x0000000000008efc                __symbol_to_keep_end = .

shell_area      0x0000000000008efc        0x0
                0x0000000000008efc                _shell_list_start = .
 *(SORT_BY_NAME(SORT_BY_ALIGNMENT(._shell.static.*)))
                0x0000000000008efc                _shell_list_end = .

shell_root_cmds_area
                0x0000000000008efc        0x0
                0x0000000000008efc                _shell_root_cmds_list_start = .
 *(SORT_BY_NAME(SORT_BY_ALIGNMENT(._shell_root_cmds.static.*)))
                0x0000000000008efc                _shell_root_cmds_list_end = .

shell_subcmds_area
                0x0000000000008efc        0x0
                0x0000000000008efc                _shell_subcmds_list_start = .
 *(SORT_BY_NAME(SORT_BY_ALIGNMENT(._shell_subcmds.static.*)))
                0x0000000000008efc                _shell_subcmds_list_end = .

shell_dynamic_subcmds_area
                0x0000000000008efc        0x0
                0x0000000000008efc                _shell_dynamic_subcmds_list_start = .
 *(SORT_BY_NAME(SORT_BY_ALIGNMENT(._shell_dynamic_subcmds.static.*)))
                0x0000000000008efc                _shell_dynamic_subcmds_list_end = .

cfb_font_area   0x0000000000008efc        0x0
                0x0000000000008efc                _cfb_font_list_start = .
 *(SORT_BY_NAME(SORT_BY_ALIGNMENT(._cfb_font.static.*)))
                0x0000000000008efc                _cfb_font_list_end = .

tdata           0x0000000000008efc        0x0
 *(SORT_BY_ALIGNMENT(.tdata) SORT_BY_ALIGNMENT(.tdata.*) SORT_BY_ALIGNMENT(.gnu.linkonce.td.*))

tbss            0x0000000000008efc        0x4
 *(SORT_BY_ALIGNMENT(.tbss) SORT_BY_ALIGNMENT(.tbss.*) SORT_BY_ALIGNMENT(.gnu.linkonce.tb.*) SORT_BY_ALIGNMENT(.tcommon))
 .tbss.z_tls_current
                0x0000000000008efc        0x4 zephyr/libzephyr.a(thread_entry.c.obj)
                0x0000000000008efc                z_tls_current
                0x0000000000008efc                PROVIDE (__tdata_start = LOADADDR (tdata))
                0x0000000000000000                PROVIDE (__tdata_size = SIZEOF (tdata))
                [!provide]                        PROVIDE (__tdata_end = (__tdata_start + __tdata_size))
                0x0000000000000001                PROVIDE (__tdata_align = ALIGNOF (tdata))
                [!provide]                        PROVIDE (__tbss_start = ADDR (tbss))
                0x0000000000000004                PROVIDE (__tbss_size = SIZEOF (tbss))
                [!provide]                        PROVIDE (__tbss_end = (__tbss_start + __tbss_size))
                0x0000000000000004                PROVIDE (__tbss_align = ALIGNOF (tbss))
                [!provide]                        PROVIDE (__tls_start = __tdata_start)
                [!provide]                        PROVIDE (__tls_end = __tbss_end)
                [!provide]                        PROVIDE (__tls_size = (__tbss_end - __tdata_start))

rodata          0x0000000000008f00     0x1ed0
 *(SORT_BY_ALIGNMENT(.rodata))
 *(SORT_BY_ALIGNMENT(.rodata.*))
 .rodata.delay_machine_code.0
                0x0000000000008f00        0x6 zephyr/soc/soc/arm/nordic_nrf/libsoc__arm__nordic_nrf.a(soc.c.obj)
 *fill*         0x0000000000008f06        0x2 
 .rodata.mpsc_config
                0x0000000000008f08       0x14 zephyr/libzephyr.a(log_core.c.obj)
 .rodata.format_table
                0x0000000000008f1c       0x10 zephyr/libzephyr.a(log_core.c.obj)
 .rodata.colors
                0x0000000000008f2c       0x14 zephyr/libzephyr.a(log_output.c.obj)
 .rodata.severity
                0x0000000000008f40       0x14 zephyr/libzephyr.a(log_output.c.obj)
 .rodata.log_backend_rtt_api
                0x0000000000008f54       0x1c zephyr/libzephyr.a(log_backend_rtt.c.obj)
                0x0000000000008f54                log_backend_rtt_api
 .rodata.log_output_rtt
                0x0000000000008f70       0x10 zephyr/libzephyr.a(log_backend_rtt.c.obj)
 .rodata.lbu_cb_ctx
                0x0000000000008f80        0x8 zephyr/libzephyr.a(log_backend_uart.c.obj)
 .rodata.lbu_output
                0x0000000000008f88       0x10 zephyr/libzephyr.a(log_backend_uart.c.obj)
 .rodata.log_backend_uart_api
                0x0000000000008f98       0x1c zephyr/libzephyr.a(log_backend_uart.c.obj)
                0x0000000000008f98                log_backend_uart_api
 .rodata.mem_attr_region
                0x0000000000008fb4        0x0 zephyr/libzephyr.a(mem_attr.c.obj)
 .rodata.static_regions
                0x0000000000008fb4        0xc zephyr/arch/arch/arm/core/mpu/libarch__arm__core__mpu.a(arm_core_mpu.c.obj)
 .rodata.mpu_config
                0x0000000000008fc0        0x8 zephyr/arch/arch/arm/core/mpu/libarch__arm__core__mpu.a(arm_mpu_regions.c.obj)
                0x0000000000008fc0                mpu_config
 .rodata.mpu_regions
                0x0000000000008fc8       0x18 zephyr/arch/arch/arm/core/mpu/libarch__arm__core__mpu.a(arm_mpu_regions.c.obj)
 .rodata.transitions.0
                0x0000000000008fe0        0xc zephyr/drivers/clock_control/libdrivers__clock_control.a(clock_control_nrf.c.obj)
 .rodata.config
                0x0000000000008fec       0x18 zephyr/drivers/clock_control/libdrivers__clock_control.a(clock_control_nrf.c.obj)
 .rodata.clock_control_api
                0x0000000000009004       0x1c zephyr/drivers/clock_control/libdrivers__clock_control.a(clock_control_nrf.c.obj)
 .rodata.uarte_0z_config
                0x0000000000009020       0x10 zephyr/drivers/serial/libdrivers__serial.a(uart_nrfx_uarte.c.obj)
 .rodata.__pinctrl_dev_config__device_dts_ord_95
                0x0000000000009030        0xc zephyr/drivers/serial/libdrivers__serial.a(uart_nrfx_uarte.c.obj)
 .rodata.__pinctrl_states__device_dts_ord_95
                0x000000000000903c        0x8 zephyr/drivers/serial/libdrivers__serial.a(uart_nrfx_uarte.c.obj)
 .rodata.__pinctrl_state_pins_0__device_dts_ord_95
                0x0000000000009044       0x10 zephyr/drivers/serial/libdrivers__serial.a(uart_nrfx_uarte.c.obj)
 .rodata.uart_nrfx_uarte_driver_api
                0x0000000000009054        0xc zephyr/drivers/serial/libdrivers__serial.a(uart_nrfx_uarte.c.obj)
 .rodata.CSWTCH.489
                0x0000000000009060       0x14 zephyr/kernel/libkernel.a(fatal.c.obj)
 .rodata.levels.0
                0x0000000000009074       0x18 zephyr/kernel/libkernel.a(init.c.obj)
 .rodata.saadc_handler.str1.1
                0x000000000000908c       0xeb app/libapp.a(main.c.obj)
 .rodata.main.str1.1
                0x0000000000009177       0x72 app/libapp.a(main.c.obj)
                                         0x7e (size before relaxing)
 .rodata.m_single_channel
                0x00000000000091e9        0xa app/libapp.a(main.c.obj)
 .rodata.str1.1
                0x00000000000091f3        0xd app/libapp.a(main.c.obj)
 .rodata.gpiote_pin_toggle_task_setup.str1.1
                0x0000000000009200       0x68 app/libapp.a(saadc_examples_common.c.obj)
                                         0x9c (size before relaxing)
 .rodata.output_config.0
                0x0000000000009268        0x3 app/libapp.a(saadc_examples_common.c.obj)
 .rodata.cbvprintf_package.str1.1
                0x000000000000926b       0x95 zephyr/libzephyr.a(cbprintf_packaged.c.obj)
                                         0xb4 (size before relaxing)
 .rodata.cbprintf_package_convert.str1.1
                0x0000000000009300       0xfd zephyr/libzephyr.a(cbprintf_packaged.c.obj)
 .rodata.str1.1
                0x00000000000093fd       0x11 zephyr/libzephyr.a(cbprintf_packaged.c.obj)
 .rodata.sys_heap_free.str1.1
                0x000000000000940e       0xcc zephyr/libzephyr.a(heap.c.obj)
                                         0xe9 (size before relaxing)
 .rodata.sys_heap_init.str1.1
                0x00000000000094da       0xbb zephyr/libzephyr.a(heap.c.obj)
 .rodata.process_event.str1.1
                0x0000000000009595      0x127 zephyr/libzephyr.a(onoff.c.obj)
                                        0x146 (size before relaxing)
 .rodata.sys_notify_finalize.str1.1
                0x00000000000096bc       0x23 zephyr/libzephyr.a(notify.c.obj)
                                         0x42 (size before relaxing)
 .rodata.mpsc_pbuf_init.str1.1
                0x00000000000096df       0x2f zephyr/libzephyr.a(mpsc_pbuf.c.obj)
                                         0x4c (size before relaxing)
 .rodata.mpsc_pbuf_put_word.str1.1
                0x000000000000970e       0x84 zephyr/libzephyr.a(mpsc_pbuf.c.obj)
 .rodata.z_log_init.isra.0.str1.1
                0x000000000000970e       0x91 zephyr/libzephyr.a(log_core.c.obj)
                                         0xae (size before relaxing)
 .rodata.z_log_msg_post_finalize.str1.1
                0x000000000000979f       0x84 zephyr/libzephyr.a(log_core.c.obj)
 .rodata.str1.1
                0x000000000000979f        0x4 zephyr/libzephyr.a(log_core.c.obj)
 .rodata.get_link_domain.str1.1
                0x00000000000097a3       0x48 zephyr/libzephyr.a(log_mgmt.c.obj)
                                         0x84 (size before relaxing)
 .rodata.log_backend_enable.str1.1
                0x00000000000097eb       0x4f zephyr/libzephyr.a(log_mgmt.c.obj)
 .rodata.str1.1
                0x000000000000983a        0x9 zephyr/libzephyr.a(log_mgmt.c.obj)
 .rodata.z_impl_z_log_msg_static_create.str1.1
                0x0000000000009843       0x6b zephyr/libzephyr.a(log_msg.c.obj)
                                         0x91 (size before relaxing)
 .rodata.z_log_msg_runtime_vcreate.str1.1
                0x00000000000098ae        0xa zephyr/libzephyr.a(log_msg.c.obj)
 .rodata.newline_print.str1.1
                0x00000000000098b8        0x3 zephyr/libzephyr.a(log_output.c.obj)
                                          0x5 (size before relaxing)
 .rodata.out_func.str1.1
                0x00000000000098bb       0x5f zephyr/libzephyr.a(log_output.c.obj)
                                         0x7c (size before relaxing)
 .rodata.log_output_process.str1.1
                0x000000000000991a       0x61 zephyr/libzephyr.a(log_output.c.obj)
                                         0x66 (size before relaxing)
 .rodata.log_output_dropped_process.str1.1
                0x000000000000997b       0x61 zephyr/libzephyr.a(log_output.c.obj)
                                          0x3 (size before relaxing)
 .rodata.postfix.0
                0x000000000000997b       0x1c zephyr/libzephyr.a(log_output.c.obj)
 .rodata.prefix.1
                0x0000000000009997        0xc zephyr/libzephyr.a(log_output.c.obj)
 .rodata.str1.1
                0x00000000000099a3       0x20 zephyr/libzephyr.a(log_output.c.obj)
 .rodata.str1.1
                0x00000000000099c3       0x10 zephyr/libzephyr.a(log_backend_rtt.c.obj)
 .rodata.log_backend_uart_init.str1.1
                0x00000000000099d3       0x58 zephyr/libzephyr.a(log_backend_uart.c.obj)
                                         0x75 (size before relaxing)
 .rodata.str1.1
                0x0000000000009a2b       0x1a zephyr/libzephyr.a(log_backend_uart.c.obj)
 .rodata.z_arm_fatal_error.str1.1
                0x0000000000009a45       0x9b zephyr/arch/arch/arm/core/libarch__arm__core.a(fatal.c.obj)
 .rodata.bus_fault.constprop.0.str1.1
                0x0000000000009ae0       0xca zephyr/arch/arch/arm/core/cortex_m/libarch__arm__core__cortex_m.a(fault.c.obj)
 .rodata.usage_fault.constprop.0.str1.1
                0x0000000000009baa       0xcd zephyr/arch/arch/arm/core/cortex_m/libarch__arm__core__cortex_m.a(fault.c.obj)
 .rodata.mem_manage_fault.str1.1
                0x0000000000009c77      0x135 zephyr/arch/arch/arm/core/cortex_m/libarch__arm__core__cortex_m.a(fault.c.obj)
                                        0x152 (size before relaxing)
 .rodata.z_arm_fault.str1.1
                0x0000000000009dac      0x1b6 zephyr/arch/arch/arm/core/cortex_m/libarch__arm__core__cortex_m.a(fault.c.obj)
                                        0x1b8 (size before relaxing)
 .rodata.z_arm_irq_priority_set.str1.1
                0x0000000000009f62       0x92 zephyr/arch/arch/arm/core/cortex_m/libarch__arm__core__cortex_m.a(irq_manage.c.obj)
                                         0xaf (size before relaxing)
 .rodata.str1.1
                0x0000000000009ff4        0x4 zephyr/arch/arch/arm/core/mpu/libarch__arm__core__mpu.a(arm_core_mpu.c.obj)
 .rodata.region_allocate_and_init.str1.1
                0x0000000000009ff8       0x26 zephyr/arch/arch/arm/core/mpu/libarch__arm__core__mpu.a(arm_mpu.c.obj)
 .rodata.mpu_configure_regions.str1.1
                0x000000000000a01e       0x23 zephyr/arch/arch/arm/core/mpu/libarch__arm__core__mpu.a(arm_mpu.c.obj)
 .rodata.arm_core_mpu_configure_static_mpu_regions.str1.1
                0x000000000000a041       0x5b zephyr/arch/arch/arm/core/mpu/libarch__arm__core__mpu.a(arm_mpu.c.obj)
                                         0x7a (size before relaxing)
 .rodata.arm_core_mpu_configure_dynamic_mpu_regions.str1.1
                0x000000000000a09c       0x2d zephyr/arch/arch/arm/core/mpu/libarch__arm__core__mpu.a(arm_mpu.c.obj)
 .rodata.z_arm_mpu_init.str1.1
                0x000000000000a0c9      0x146 zephyr/arch/arch/arm/core/mpu/libarch__arm__core__mpu.a(arm_mpu.c.obj)
 .rodata.str1.1
                0x000000000000a20f        0xf zephyr/arch/arch/arm/core/mpu/libarch__arm__core__mpu.a(arm_mpu_regions.c.obj)
 .rodata.str1.1
                0x000000000000a21e        0x4 zephyr/soc/soc/arm/nordic_nrf/libsoc__arm__nordic_nrf.a(soc.c.obj)
 .rodata.get_status.str1.1
                0x000000000000a222       0x61 zephyr/drivers/clock_control/libdrivers__clock_control.a(clock_control_nrf.c.obj)
                                         0x7e (size before relaxing)
 .rodata.clock_event_handler.str1.1
                0x000000000000a283        0x2 zephyr/drivers/clock_control/libdrivers__clock_control.a(clock_control_nrf.c.obj)
 .rodata.z_nrf_clock_control_lf_on.str1.1
                0x000000000000a283        0x9 zephyr/drivers/clock_control/libdrivers__clock_control.a(clock_control_nrf.c.obj)
 .rodata.str1.1
                0x000000000000a283       0x29 zephyr/drivers/clock_control/libdrivers__clock_control.a(clock_control_nrf.c.obj)
 .rodata.nrf_gpio_pin_port_decode.str1.1
                0x000000000000a2ac       0x56 zephyr/drivers/pinctrl/libdrivers__pinctrl.a(pinctrl_nrf.c.obj)
                                         0x73 (size before relaxing)
 .rodata.drive_modes
                0x000000000000a302        0x8 zephyr/drivers/pinctrl/libdrivers__pinctrl.a(pinctrl_nrf.c.obj)
 .rodata.uarte_0_init.str1.1
                0x000000000000a30a       0x1f zephyr/drivers/serial/libdrivers__serial.a(uart_nrfx_uarte.c.obj)
 .rodata.str1.1
                0x000000000000a329       0x1e zephyr/drivers/serial/libdrivers__serial.a(uart_nrfx_uarte.c.obj)
 .rodata.k_sys_fatal_error_handler.str1.1
                0x000000000000a347       0x11 modules/nrf/lib/fatal_error/lib..__nrf__lib__fatal_error.a(fatal_error.c.obj)
 .rodata.str1.1
                0x000000000000a358        0xc modules/nrf/lib/fatal_error/lib..__nrf__lib__fatal_error.a(fatal_error.c.obj)
 .rodata.CSWTCH.20
                0x000000000000a364        0x5 modules/hal_nordic/nrfx/libmodules__hal_nordic__nrfx.a(system_nrf52.c.obj)
 .rodata.CSWTCH.18
                0x000000000000a369        0x5 modules/hal_nordic/nrfx/libmodules__hal_nordic__nrfx.a(system_nrf52.c.obj)
 .rodata.CSWTCH.14
                0x000000000000a36e        0x5 modules/hal_nordic/nrfx/libmodules__hal_nordic__nrfx.a(system_nrf52.c.obj)
 .rodata.CSWTCH.4
                0x000000000000a373        0x5 modules/hal_nordic/nrfx/libmodules__hal_nordic__nrfx.a(system_nrf52.c.obj)
 .rodata.clock_stop.str1.1
                0x000000000000a378       0x71 modules/hal_nordic/nrfx/libmodules__hal_nordic__nrfx.a(nrfx_clock.c.obj)
                                         0x90 (size before relaxing)
 .rodata.nrfx_clock_enable.str1.1
                0x000000000000a3e9       0x1e modules/hal_nordic/nrfx/libmodules__hal_nordic__nrfx.a(nrfx_clock.c.obj)
 .rodata.nrf_gpio_pin_port_decode.str1.1
                0x000000000000a407       0x75 modules/hal_nordic/nrfx/libmodules__hal_nordic__nrfx.a(nrfx_gpiote.c.obj)
 .rodata.nrf_gpiote_in_event_get.str1.1
                0x000000000000a407       0x3f modules/hal_nordic/nrfx/libmodules__hal_nordic__nrfx.a(nrfx_gpiote.c.obj)
 .rodata.release_handler.isra.0.str1.1
                0x000000000000a446       0x52 modules/hal_nordic/nrfx/libmodules__hal_nordic__nrfx.a(nrfx_gpiote.c.obj)
 .rodata.pin_out_task_get.isra.0.str1.1
                0x000000000000a498       0x45 modules/hal_nordic/nrfx/libmodules__hal_nordic__nrfx.a(nrfx_gpiote.c.obj)
 .rodata.saadc_channel_count_get.str1.1
                0x000000000000a4dd       0x70 modules/hal_nordic/nrfx/libmodules__hal_nordic__nrfx.a(nrfx_saadc.c.obj)
                                         0x8d (size before relaxing)
 .rodata.saadc_channel_config.str1.1
                0x000000000000a54d       0x2d modules/hal_nordic/nrfx/libmodules__hal_nordic__nrfx.a(nrfx_saadc.c.obj)
 .rodata.nrfx_saadc_channels_config.str1.1
                0x000000000000a57a       0x50 modules/hal_nordic/nrfx/libmodules__hal_nordic__nrfx.a(nrfx_saadc.c.obj)
 .rodata.nrfx_saadc_channel_config.str1.1
                0x000000000000a5ca        0xa modules/hal_nordic/nrfx/libmodules__hal_nordic__nrfx.a(nrfx_saadc.c.obj)
 .rodata.nrfx_saadc_advanced_mode_set.str1.1
                0x000000000000a5d4       0x58 modules/hal_nordic/nrfx/libmodules__hal_nordic__nrfx.a(nrfx_saadc.c.obj)
 .rodata.nrfx_saadc_mode_trigger.str1.1
                0x000000000000a62c       0x29 modules/hal_nordic/nrfx/libmodules__hal_nordic__nrfx.a(nrfx_saadc.c.obj)
 .rodata._DoInit.str1.1
                0x000000000000a655        0x9 modules/segger/libmodules__segger.a(SEGGER_RTT.c.obj)
 .rodata._aInitStr.0
                0x000000000000a65e       0x11 modules/segger/libmodules__segger.a(SEGGER_RTT.c.obj)
 .rodata.z_device_state_init.str1.1
                0x000000000000a66f       0x3b zephyr/kernel/libkernel.a(device.c.obj)
                                         0x77 (size before relaxing)
 .rodata.z_fatal_error.str1.1
                0x000000000000a6aa       0xeb zephyr/kernel/libkernel.a(fatal.c.obj)
                                        0x108 (size before relaxing)
 .rodata.str1.1
                0x000000000000a795       0x4a zephyr/kernel/libkernel.a(fatal.c.obj)
 .rodata.z_cstart.str1.1
                0x000000000000a7df        0x5 zephyr/kernel/libkernel.a(init.c.obj)
 .rodata.str1.1
                0x000000000000a7e4        0x3 zephyr/kernel/libkernel.a(init.c.obj)
 .rodata.z_setup_new_thread.str1.1
                0x000000000000a7e7       0xd4 zephyr/kernel/libkernel.a(thread.c.obj)
                                         0xf1 (size before relaxing)
 .rodata.z_init_static_threads.str1.1
                0x000000000000a8bb       0x2d zephyr/kernel/libkernel.a(thread.c.obj)
                                         0x4c (size before relaxing)
 .rodata.idle.str1.1
                0x000000000000a8e8       0x49 zephyr/kernel/libkernel.a(idle.c.obj)
                                         0x66 (size before relaxing)
 .rodata.z_impl_k_mutex_unlock.str1.1
                0x000000000000a931       0x70 zephyr/kernel/libkernel.a(mutex.c.obj)
                                        0x111 (size before relaxing)
 .rodata.z_impl_k_sem_give.str1.1
                0x000000000000a9a1       0xa1 zephyr/kernel/libkernel.a(sem.c.obj)
 .rodata.z_impl_k_sem_take.str1.1
                0x000000000000a9a1       0x71 zephyr/kernel/libkernel.a(sem.c.obj)
 .rodata.slice_timeout.str1.1
                0x000000000000aa12      0x1bb zephyr/kernel/libkernel.a(sched.c.obj)
                                        0x1d8 (size before relaxing)
 .rodata.update_cache.str1.1
                0x000000000000abcd       0x27 zephyr/kernel/libkernel.a(sched.c.obj)
                                         0x2a (size before relaxing)
 .rodata.ready_thread.str1.1
                0x000000000000abf4       0x21 zephyr/kernel/libkernel.a(sched.c.obj)
 .rodata.k_sched_time_slice_set.str1.1
                0x000000000000ac15       0x84 zephyr/kernel/libkernel.a(sched.c.obj)
 .rodata.k_sched_lock.str1.1
                0x000000000000ac15       0x5c zephyr/kernel/libkernel.a(sched.c.obj)
                                         0x6e (size before relaxing)
 .rodata.k_sched_unlock.str1.1
                0x000000000000ac71       0x31 zephyr/kernel/libkernel.a(sched.c.obj)
 .rodata.z_pend_curr.str1.1
                0x000000000000aca2       0x37 zephyr/kernel/libkernel.a(sched.c.obj)
 .rodata.unpend_thread_no_timeout.str1.1
                0x000000000000acd9       0x17 zephyr/kernel/libkernel.a(sched.c.obj)
 .rodata.z_thread_halt.str1.1